Component: ARM Compiler 5.06 update 6 (build 750) Tool: armlink [4d35ed]

==============================================================================

Section Cross References

    startup_stm32f103xb.o(RESET) refers to startup_stm32f103xb.o(STACK) for __initial_sp
    startup_stm32f103xb.o(RESET) refers to startup_stm32f103xb.o(.text) for Reset_Handler
    startup_stm32f103xb.o(RESET) refers to stm32f1xx_it.o(i.NMI_Handler) for NMI_Handler
    startup_stm32f103xb.o(RESET) refers to stm32f1xx_it.o(i.HardFault_Handler) for HardFault_Handler
    startup_stm32f103xb.o(RESET) refers to stm32f1xx_it.o(i.MemManage_Handler) for MemManage_Handler
    startup_stm32f103xb.o(RESET) refers to stm32f1xx_it.o(i.BusFault_Handler) for BusFault_Handler
    startup_stm32f103xb.o(RESET) refers to stm32f1xx_it.o(i.UsageFault_Handler) for UsageFault_Handler
    startup_stm32f103xb.o(RESET) refers to stm32f1xx_it.o(i.SVC_Handler) for SVC_Handler
    startup_stm32f103xb.o(RESET) refers to stm32f1xx_it.o(i.DebugMon_Handler) for DebugMon_Handler
    startup_stm32f103xb.o(RESET) refers to context_rvds.o(.text) for PendSV_Handler
    startup_stm32f103xb.o(RESET) refers to stm32f1xx_it.o(i.SysTick_Handler) for SysTick_Handler
    startup_stm32f103xb.o(RESET) refers to stm32f1xx_it.o(i.USART1_IRQHandler) for USART1_IRQHandler
    startup_stm32f103xb.o(.text) refers to system_stm32f1xx.o(i.SystemInit) for SystemInit
    startup_stm32f103xb.o(.text) refers to entry.o(.ARM.Collect$$$$00000000) for __main
    uart.o(i.HAL_UART_RxCpltCallback) refers to uart.o(i.xd_printf) for xd_printf
    uart.o(i.HAL_UART_RxCpltCallback) refers to sem.o(i.xd_sem_release) for xd_sem_release
    uart.o(i.HAL_UART_RxCpltCallback) refers to stm32f1xx_hal_uart.o(i.HAL_UART_Receive_IT) for HAL_UART_Receive_IT
    uart.o(i.HAL_UART_RxCpltCallback) refers to uart.o(.data) for .data
    uart.o(i.HAL_UART_RxCpltCallback) refers to main.o(.data) for RxBuff
    uart.o(i.HAL_UART_RxCpltCallback) refers to uart.o(.bss) for .bss
    uart.o(i.HAL_UART_RxCpltCallback) refers to shell.o(.bss) for shell_sem
    uart.o(i.HAL_UART_RxCpltCallback) refers to main.o(.bss) for huart1
    uart.o(i.xd_console_output) refers to context_rvds.o(.text) for xd_interrupt_disable
    uart.o(i.xd_console_output) refers to stm32f1xx_hal_uart.o(i.HAL_UART_Transmit) for HAL_UART_Transmit
    uart.o(i.xd_console_output) refers to main.o(.bss) for huart1
    uart.o(i.xd_kprint_port) refers to stm32f1xx_hal_uart.o(i.HAL_UART_Transmit) for HAL_UART_Transmit
    uart.o(i.xd_kprint_port) refers to main.o(.bss) for huart1
    uart.o(i.xd_printf) refers to printfa.o(i.__0vsnprintf) for vsnprintf
    uart.o(i.xd_printf) refers to uart.o(i.xd_console_output) for xd_console_output
    uart.o(i.xd_printf) refers to uart.o(.bss) for .bss
    main.o(i.MX_GPIO_Init) refers to stm32f1xx_hal_gpio.o(i.HAL_GPIO_WritePin) for HAL_GPIO_WritePin
    main.o(i.MX_GPIO_Init) refers to stm32f1xx_hal_gpio.o(i.HAL_GPIO_Init) for HAL_GPIO_Init
    main.o(i.SystemClock_Config) refers to memseta.o(.text) for __aeabi_memclr4
    main.o(i.SystemClock_Config) refers to stm32f1xx_hal_rcc.o(i.HAL_RCC_OscConfig) for HAL_RCC_OscConfig
    main.o(i.SystemClock_Config) refers to stm32f1xx_hal_rcc.o(i.HAL_RCC_ClockConfig) for HAL_RCC_ClockConfig
    main.o(i.SystemClock_Config) refers to stm32f1xx_hal_rcc.o(i.HAL_RCC_MCOConfig) for HAL_RCC_MCOConfig
    main.o(i.led0_task_entry) refers to stm32f1xx_hal_gpio.o(i.HAL_GPIO_WritePin) for HAL_GPIO_WritePin
    main.o(i.led0_task_entry) refers to stm32f1xx_hal.o(i.HAL_Delay) for HAL_Delay
    main.o(i.led1_task_entry) refers to stm32f1xx_hal_gpio.o(i.HAL_GPIO_WritePin) for HAL_GPIO_WritePin
    main.o(i.led1_task_entry) refers to stm32f1xx_hal.o(i.HAL_Delay) for HAL_Delay
    main.o(i.led2_task_entry) refers to stm32f1xx_hal_gpio.o(i.HAL_GPIO_WritePin) for HAL_GPIO_WritePin
    main.o(i.led2_task_entry) refers to task.o(i.xd_task_delay) for xd_task_delay
    main.o(i.main) refers to stm32f1xx_hal.o(i.HAL_Init) for HAL_Init
    main.o(i.main) refers to main.o(i.SystemClock_Config) for SystemClock_Config
    main.o(i.main) refers to main.o(i.MX_GPIO_Init) for MX_GPIO_Init
    main.o(i.main) refers to stm32f1xx_hal_uart.o(i.HAL_UART_Init) for HAL_UART_Init
    main.o(i.main) refers to stm32f1xx_hal_uart.o(i.HAL_UART_Receive_IT) for HAL_UART_Receive_IT
    main.o(i.main) refers to context_rvds.o(.text) for xd_interrupt_disable
    main.o(i.main) refers to clock.o(i.xd_system_timer_init) for xd_system_timer_init
    main.o(i.main) refers to scheduler.o(i.xd_system_scheduler_init) for xd_system_scheduler_init
    main.o(i.main) refers to task.o(i.xd_task_idle_init) for xd_task_idle_init
    main.o(i.main) refers to shell.o(i.xd_show_logo) for xd_show_logo
    main.o(i.main) refers to shell.o(i.xd_task_shell_init) for xd_task_shell_init
    main.o(i.main) refers to task.o(i.xd_task_init) for xd_task_init
    main.o(i.main) refers to task.o(i.xd_task_startup) for xd_task_startup
[...]
    mallocr.o(i.__malloc$realloc) refers to mvars.o(.data) for __microlib_freelist_initialised
    mallocr.o(i.__malloc$realloc) refers to startup_stm32f103xb.o(HEAP) for __heap_base
    mallocr.o(i.__malloc$realloc) refers to mvars.o(.data) for __microlib_freelist
    mallocr.o(i.internal_alloc) refers to memcpya.o(.text) for __aeabi_memcpy
    mallocr.o(i.internal_alloc) refers to mvars.o(.data) for __microlib_freelist
    mallocr.o(i.realloc) refers to mallocr.o(i.__free$realloc) for __free$realloc
    mallocr.o(i.realloc) refers to mallocr.o(i.internal_alloc) for internal_alloc
    mallocr.o(i.realloc) refers to mallocr.o(i.__malloc$realloc) for __malloc$realloc
    mallocr.o(i.realloc) refers to mvars.o(.data) for __microlib_freelist
    malloca.o(i.__aligned_malloc) refers to mvars.o(.data) for __microlib_freelist_initialised
    malloca.o(i.__aligned_malloc) refers to mvars.o(.data) for __microlib_freelist
    malloca.o(i.__aligned_malloc) refers to startup_stm32f103xb.o(HEAP) for __heap_base
    malloca.o(i.__free$memalign) refers to mvars.o(.data) for __microlib_freelist
    malloca.o(i.__malloc$memalign) refers to malloca.o(i.__aligned_malloc) for __aligned_malloc
    mallocra.o(i.__aligned_malloc$realloc) refers to mallocra.o(i.internal_alloc) for internal_alloc
    mallocra.o(i.__aligned_malloc$realloc) refers to mvars.o(.data) for __microlib_freelist_initialised
    mallocra.o(i.__aligned_malloc$realloc) refers to startup_stm32f103xb.o(HEAP) for __heap_base
    mallocra.o(i.__aligned_malloc$realloc) refers to mvars.o(.data) for __microlib_freelist
    mallocra.o(i.__free$realloc$memalign) refers to mvars.o(.data) for __microlib_freelist
    mallocra.o(i.__malloc$realloc$memalign) refers to mallocra.o(i.__aligned_malloc$realloc) for __aligned_malloc$realloc
    mallocra.o(i.__realloc$memalign) refers to mallocra.o(i.__free$realloc$memalign) for __free$realloc$memalign
    mallocra.o(i.__realloc$memalign) refers to mallocra.o(i.internal_alloc) for internal_alloc
    mallocra.o(i.__realloc$memalign) refers to mallocra.o(i.__malloc$realloc$memalign) for __malloc$realloc$memalign
    mallocra.o(i.__realloc$memalign) refers to mvars.o(.data) for __microlib_freelist
    mallocra.o(i.internal_alloc) refers to memcpya.o(.text) for __aeabi_memcpy
    mallocra.o(i.internal_alloc) refers to mvars.o(.data) for __microlib_freelist
    entry2.o(.ARM.Collect$$$$00000001) refers to entry2.o(.ARM.Collect$$$$00002712) for __lit__00000000
    entry2.o(.ARM.Collect$$$$00002712) refers to startup_stm32f103xb.o(STACK) for __initial_sp
    entry2.o(__vectab_stack_and_reset_area) refers to startup_stm32f103xb.o(STACK) for __initial_sp
    entry2.o(__vectab_stack_and_reset_area) refers to entry.o(.ARM.Collect$$$$00000000) for __main
    entry5.o(.ARM.Collect$$$$00000004) refers to init.o(.text) for __scatterload
    entry9a.o(.ARM.Collect$$$$0000000B) refers to main.o(i.main) for main
    entry9b.o(.ARM.Collect$$$$0000000C) refers to main.o(i.main) for main
    fputc.o(i.fputc) refers (Special) to iusesemip.o(.text) for __I$use$semihosting$fputc
    fputc.o(i.fputc) refers (Special) to semi.o(.text) for __semihosting_library_function
    uldiv.o(.text) refers to llushr.o(.text) for __aeabi_llsr
    uldiv.o(.text) refers to llshl.o(.text) for __aeabi_llsl
    dadd.o(.text) refers to llshl.o(.text) for __aeabi_llsl
    dadd.o(.text) refers to llsshr.o(.text) for __aeabi_lasr
    dadd.o(.text) refers to depilogue.o(.text) for _double_epilogue
    dmul.o(.text) refers to depilogue.o(.text) for _double_epilogue
    ddiv.o(.text) refers to depilogue.o(.text) for _double_round
    dfixul.o(.text) refers to llushr.o(.text) for __aeabi_llsr
    dfixul.o(.text) refers to llshl.o(.text) for __aeabi_llsl
    init.o(.text) refers to entry5.o(.ARM.Collect$$$$00000004) for __main_after_scatterload
    depilogue.o(.text) refers to llshl.o(.text) for __aeabi_llsl
    depilogue.o(.text) refers to llushr.o(.text) for __aeabi_llsr


==============================================================================

Removing Unused input sections from the image.

    Removing startup_stm32f103xb.o(HEAP), (512 bytes).
    Removing uart.o(.rev16_text), (4 bytes).
    Removing uart.o(.revsh_text), (4 bytes).
    Removing uart.o(.rrx_text), (6 bytes).
    Removing main.o(.rev16_text), (4 bytes).
    Removing main.o(.revsh_text), (4 bytes).
    Removing main.o(.rrx_text), (6 bytes).
    Removing main.o(i.Error_Handler), (2 bytes).
    Removing main.o(i.xd_ms_delay), (4 bytes).
    Removing stm32f1xx_it.o(.rev16_text), (4 bytes).
    Removing stm32f1xx_it.o(.revsh_text), (4 bytes).
    Removing stm32f1xx_it.o(.rrx_text), (6 bytes).
    Removing stm32f1xx_it.o(i.PendSV_Handler), (2 bytes).
    Removing stm32f1xx_hal_msp.o(.rev16_text), (4 bytes).
    Removing stm32f1xx_hal_msp.o(.revsh_text), (4 bytes).
    Removing stm32f1xx_hal_msp.o(.rrx_text), (6 bytes).
    Removing stm32f1xx_hal_msp.o(i.HAL_UART_MspDeInit), (56 bytes).
    Removing stm32f1xx_hal_gpio_ex.o(.rev16_text), (4 bytes).
    Removing stm32f1xx_hal_gpio_ex.o(.revsh_text), (4 bytes).
    Removing stm32f1xx_hal_gpio_ex.o(.rrx_text), (6 bytes).
    Removing stm32f1xx_hal_gpio_ex.o(i.HAL_GPIOEx_ConfigEventout), (20 bytes).
    Removing stm32f1xx_hal_gpio_ex.o(i.HAL_GPIOEx_DisableEventout), (16 bytes).
    Removing stm32f1xx_hal_gpio_ex.o(i.HAL_GPIOEx_EnableEventout), (16 bytes).
    Removing stm32f1xx_hal_tim.o(.rev16_text), (4 bytes).
    Removing stm32f1xx_hal_tim.o(.revsh_text), (4 bytes).
    Removing stm32f1xx_hal_tim.o(.rrx_text), (6 bytes).
    Removing stm32f1xx_hal_tim_ex.o(.rev16_text), (4 bytes).
    Removing stm32f1xx_hal_tim_ex.o(.revsh_text), (4 bytes).
    Removing stm32f1xx_hal_tim_ex.o(.rrx_text), (6 bytes).
    Removing stm32f1xx_hal_uart.o(.rev16_text), (4 bytes).
    Removing stm32f1xx_hal_uart.o(.revsh_text), (4 bytes).
    Removing stm32f1xx_hal_uart.o(.rrx_text), (6 bytes).
    Removing stm32f1xx_hal_uart.o(i.HAL_HalfDuplex_EnableReceiver), (50 bytes).
    Removing stm32f1xx_hal_uart.o(i.HAL_HalfDuplex_EnableTransmitter), (50 bytes).
    Removing stm32f1xx_hal_uart.o(i.HAL_HalfDuplex_Init), (108 bytes).
    Removing stm32f1xx_hal_uart.o(i.HAL_LIN_Init), (128 bytes).
    Removing stm32f1xx_hal_uart.o(i.HAL_LIN_SendBreak), (46 bytes).
    Removing stm32f1xx_hal_uart.o(i.HAL_MultiProcessor_EnterMuteMode), (46 bytes).
    Removing stm32f1xx_hal_uart.o(i.HAL_MultiProcessor_ExitMuteMode), (46 bytes).
    Removing stm32f1xx_hal_uart.o(i.HAL_MultiProcessor_Init), (142 bytes).
    Removing stm32f1xx_hal_uart.o(i.HAL_UART_Abort), (138 bytes).
    Removing stm32f1xx_hal_uart.o(i.HAL_UART_AbortCpltCallback), (2 bytes).
    Removing stm32f1xx_hal_uart.o(i.HAL_UART_AbortReceive), (88 bytes).
    Removing stm32f1xx_hal_uart.o(i.HAL_UART_AbortReceiveCpltCallback), (2 bytes).
    Removing stm32f1xx_hal_uart.o(i.HAL_UART_AbortReceive_IT), (92 bytes).
    Removing stm32f1xx_hal_uart.o(i.HAL_UART_AbortTransmit), (78 bytes).
    Removing stm32f1xx_hal_uart.o(i.HAL_UART_AbortTransmitCpltCallback), (2 bytes).
    Removing stm32f1xx_hal_uart.o(i.HAL_UART_AbortTransmit_IT), (84 bytes).
    Removing stm32f1xx_hal_uart.o(i.HAL_UART_Abort_IT), (172 bytes).
    Removing stm32f1xx_hal_uart.o(i.HAL_UART_DMAPause), (102 bytes).
    Removing stm32f1xx_hal_uart.o(i.HAL_UART_DMAResume), (94 bytes).
    Removing stm32f1xx_hal_uart.o(i.HAL_UART_DMAStop), (88 bytes).
    Removing stm32f1xx_hal_uart.o(i.HAL_UART_DeInit), (50 bytes).
    Removing stm32f1xx_hal_uart.o(i.HAL_UART_GetError), (4 bytes).
    Removing stm32f1xx_hal_uart.o(i.HAL_UART_GetState), (10 bytes).
    Removing stm32f1xx_hal_uart.o(i.HAL_UART_MspDeInit), (2 bytes).
    Removing stm32f1xx_hal_uart.o(i.HAL_UART_MspInit), (2 bytes).
    Removing stm32f1xx_hal_uart.o(i.HAL_UART_Receive), (188 bytes).
    Removing stm32f1xx_hal_uart.o(i.HAL_UART_Receive_DMA), (152 bytes).
    Removing stm32f1xx_hal_uart.o(i.HAL_UART_RxCpltCallback), (2 bytes).
    Removing stm32f1xx_hal_uart.o(i.HAL_UART_RxHalfCpltCallback), (2 bytes).
    Removing stm32f1xx_hal_uart.o(i.HAL_UART_Transmit_DMA), (128 bytes).
    Removing stm32f1xx_hal_uart.o(i.HAL_UART_Transmit_IT), (62 bytes).
    Removing stm32f1xx_hal_uart.o(i.HAL_UART_TxHalfCpltCallback), (2 bytes).
    Removing stm32f1xx_hal_uart.o(i.UART_DMAError), (74 bytes).
    Removing stm32f1xx_hal_uart.o(i.UART_DMAReceiveCplt), (60 bytes).
    Removing stm32f1xx_hal_uart.o(i.UART_DMARxAbortCallback), (42 bytes).
    Removing stm32f1xx_hal_uart.o(i.UART_DMARxHalfCplt), (10 bytes).
    Removing stm32f1xx_hal_uart.o(i.UART_DMARxOnlyAbortCallback), (20 bytes).
    Removing stm32f1xx_hal_uart.o(i.UART_DMATransmitCplt), (46 bytes).
    Removing stm32f1xx_hal_uart.o(i.UART_DMATxAbortCallback), (42 bytes).
    Removing stm32f1xx_hal_uart.o(i.UART_DMATxHalfCplt), (10 bytes).
    Removing stm32f1xx_hal_uart.o(i.UART_DMATxOnlyAbortCallback), (20 bytes).
    Removing stm32f1xx_hal_uart.o(i.UART_EndTxTransfer), (18 bytes).
    Removing stm32f1xx_hal.o(.rev16_text), (4 bytes).
    Removing stm32f1xx_hal.o(.revsh_text), (4 bytes).
    Removing stm32f1xx_hal.o(.rrx_text), (6 bytes).
    Removing stm32f1xx_hal.o(i.HAL_DBGMCU_DisableDBGSleepMode), (16 bytes).
    Removing stm32f1xx_hal.o(i.HAL_DBGMCU_DisableDBGStandbyMode), (16 bytes).
    Removing stm32f1xx_hal.o(i.HAL_DBGMCU_DisableDBGStopMode), (16 bytes).
    Removing stm32f1xx_hal.o(i.HAL_DBGMCU_EnableDBGSleepMode), (16 bytes).
    Removing stm32f1xx_hal.o(i.HAL_DBGMCU_EnableDBGStandbyMode), (16 bytes).
    Removing stm32f1xx_hal.o(i.HAL_DBGMCU_EnableDBGStopMode), (16 bytes).
    Removing stm32f1xx_hal.o(i.HAL_DeInit), (32 bytes).
    Removing stm32f1xx_hal.o(i.HAL_GetDEVID), (16 bytes).
    Removing stm32f1xx_hal.o(i.HAL_GetHalVersion), (8 bytes).
    Removing stm32f1xx_hal.o(i.HAL_GetREVID), (12 bytes).
    Removing stm32f1xx_hal.o(i.HAL_GetTickFreq), (12 bytes).
    Removing stm32f1xx_hal.o(i.HAL_GetTickPrio), (12 bytes).
    Removing stm32f1xx_hal.o(i.HAL_GetUIDw0), (12 bytes).
    Removing stm32f1xx_hal.o(i.HAL_GetUIDw1), (12 bytes).
    Removing stm32f1xx_hal.o(i.HAL_GetUIDw2), (12 bytes).
    Removing stm32f1xx_hal.o(i.HAL_MspDeInit), (2 bytes).
    Removing stm32f1xx_hal.o(i.HAL_MspInit), (2 bytes).
    Removing stm32f1xx_hal.o(i.HAL_ResumeTick), (14 bytes).
    Removing stm32f1xx_hal.o(i.HAL_SetTickFreq), (36 bytes).
    Removing stm32f1xx_hal.o(i.HAL_SuspendTick), (14 bytes).
    Removing stm32f1xx_hal_rcc.o(.rev16_text), (4 bytes).
    Removing stm32f1xx_hal_rcc.o(.revsh_text), (4 bytes).
    Removing stm32f1xx_hal_rcc.o(.rrx_text), (6 bytes).
    Removing stm32f1xx_hal_rcc.o(i.HAL_RCC_CSSCallback), (2 bytes).
    Removing stm32f1xx_hal_rcc.o(i.HAL_RCC_DeInit), (220 bytes).
    Removing stm32f1xx_hal_rcc.o(i.HAL_RCC_DisableCSS), (12 bytes).
    Removing stm32f1xx_hal_rcc.o(i.HAL_RCC_EnableCSS), (12 bytes).
    Removing stm32f1xx_hal_rcc.o(i.HAL_RCC_GetClockConfig), (64 bytes).
    Removing stm32f1xx_hal_rcc.o(i.HAL_RCC_GetHCLKFreq), (12 bytes).
    Removing stm32f1xx_hal_rcc.o(i.HAL_RCC_GetOscConfig), (144 bytes).
    Removing stm32f1xx_hal_rcc.o(i.HAL_RCC_NMI_IRQHandler), (24 bytes).
    Removing stm32f1xx_hal_rcc_ex.o(.rev16_text), (4 bytes).
    Removing stm32f1xx_hal_rcc_ex.o(.revsh_text), (4 bytes).
    Removing stm32f1xx_hal_rcc_ex.o(.rrx_text), (6 bytes).
    Removing stm32f1xx_hal_rcc_ex.o(i.HAL_RCCEx_GetPeriphCLKConfig), (44 bytes).
    Removing stm32f1xx_hal_rcc_ex.o(i.HAL_RCCEx_GetPeriphCLKFreq), (200 bytes).
    Removing stm32f1xx_hal_rcc_ex.o(i.HAL_RCCEx_PeriphCLKConfig), (236 bytes).
    Removing stm32f1xx_hal_gpio.o(.rev16_text), (4 bytes).
    Removing stm32f1xx_hal_gpio.o(.revsh_text), (4 bytes).
    Removing stm32f1xx_hal_gpio.o(.rrx_text), (6 bytes).
    Removing stm32f1xx_hal_gpio.o(i.HAL_GPIO_DeInit), (252 bytes).
    Removing stm32f1xx_hal_gpio.o(i.HAL_GPIO_EXTI_Callback), (2 bytes).
    Removing stm32f1xx_hal_gpio.o(i.HAL_GPIO_EXTI_IRQHandler), (24 bytes).
    Removing stm32f1xx_hal_gpio.o(i.HAL_GPIO_LockPin), (34 bytes).
    Removing stm32f1xx_hal_gpio.o(i.HAL_GPIO_ReadPin), (10 bytes).
    Removing stm32f1xx_hal_gpio.o(i.HAL_GPIO_TogglePin), (16 bytes).
    Removing stm32f1xx_hal_dma.o(.rev16_text), (4 bytes).
    Removing stm32f1xx_hal_dma.o(.revsh_text), (4 bytes).
    Removing stm32f1xx_hal_dma.o(.rrx_text), (6 bytes).
    Removing stm32f1xx_hal_dma.o(i.DMA_SetConfig), (42 bytes).
    Removing stm32f1xx_hal_dma.o(i.HAL_DMA_Abort), (70 bytes).
    Removing stm32f1xx_hal_dma.o(i.HAL_DMA_DeInit), (92 bytes).
    Removing stm32f1xx_hal_dma.o(i.HAL_DMA_GetError), (4 bytes).
    Removing stm32f1xx_hal_dma.o(i.HAL_DMA_GetState), (6 bytes).
    Removing stm32f1xx_hal_dma.o(i.HAL_DMA_IRQHandler), (340 bytes).
    Removing stm32f1xx_hal_dma.o(i.HAL_DMA_Init), (92 bytes).
    Removing stm32f1xx_hal_dma.o(i.HAL_DMA_PollForTransfer), (532 bytes).
    Removing stm32f1xx_hal_dma.o(i.HAL_DMA_RegisterCallback), (74 bytes).
    Removing stm32f1xx_hal_dma.o(i.HAL_DMA_Start), (80 bytes).
    Removing stm32f1xx_hal_dma.o(i.HAL_DMA_Start_IT), (112 bytes).
    Removing stm32f1xx_hal_dma.o(i.HAL_DMA_UnRegisterCallback), (82 bytes).
    Removing stm32f1xx_hal_cortex.o(.rev16_text), (4 bytes).
    Removing stm32f1xx_hal_cortex.o(.revsh_text), (4 bytes).
    Removing stm32f1xx_hal_cortex.o(.rrx_text), (6 bytes).
    Removing stm32f1xx_hal_cortex.o(i.HAL_NVIC_ClearPendingIRQ), (26 bytes).
    Removing stm32f1xx_hal_cortex.o(i.HAL_NVIC_DisableIRQ), (34 bytes).
    Removing stm32f1xx_hal_cortex.o(i.HAL_NVIC_GetActive), (36 bytes).
    Removing stm32f1xx_hal_cortex.o(i.HAL_NVIC_GetPendingIRQ), (36 bytes).
    Removing stm32f1xx_hal_cortex.o(i.HAL_NVIC_GetPriority), (82 bytes).
    Removing stm32f1xx_hal_cortex.o(i.HAL_NVIC_GetPriorityGrouping), (16 bytes).
    Removing stm32f1xx_hal_cortex.o(i.HAL_NVIC_SetPendingIRQ), (26 bytes).
    Removing stm32f1xx_hal_cortex.o(i.HAL_NVIC_SystemReset), (36 bytes).
    Removing stm32f1xx_hal_cortex.o(i.HAL_SYSTICK_CLKSourceConfig), (24 bytes).
    Removing stm32f1xx_hal_cortex.o(i.HAL_SYSTICK_Callback), (2 bytes).
    Removing stm32f1xx_hal_cortex.o(i.HAL_SYSTICK_IRQHandler), (8 bytes).
    Removing stm32f1xx_hal_pwr.o(.rev16_text), (4 bytes).
    Removing stm32f1xx_hal_pwr.o(.revsh_text), (4 bytes).
    Removing stm32f1xx_hal_pwr.o(.rrx_text), (6 bytes).
    Removing stm32f1xx_hal_pwr.o(i.HAL_PWR_ConfigPVD), (124 bytes).
    Removing stm32f1xx_hal_pwr.o(i.HAL_PWR_DeInit), (24 bytes).
    Removing stm32f1xx_hal_pwr.o(i.HAL_PWR_DisableBkUpAccess), (12 bytes).
    Removing stm32f1xx_hal_pwr.o(i.HAL_PWR_DisablePVD), (12 bytes).
    Removing stm32f1xx_hal_pwr.o(i.HAL_PWR_DisableSEVOnPend), (16 bytes).
    Removing stm32f1xx_hal_pwr.o(i.HAL_PWR_DisableSleepOnExit), (16 bytes).
    Removing stm32f1xx_hal_pwr.o(i.HAL_PWR_DisableWakeUpPin), (28 bytes).
    Removing stm32f1xx_hal_pwr.o(i.HAL_PWR_EnableBkUpAccess), (12 bytes).
    Removing stm32f1xx_hal_pwr.o(i.HAL_PWR_EnablePVD), (12 bytes).
    Removing stm32f1xx_hal_pwr.o(i.HAL_PWR_EnableSEVOnPend), (16 bytes).
    Removing stm32f1xx_hal_pwr.o(i.HAL_PWR_EnableSleepOnExit), (16 bytes).
    Removing stm32f1xx_hal_pwr.o(i.HAL_PWR_EnableWakeUpPin), (28 bytes).
    Removing stm32f1xx_hal_pwr.o(i.HAL_PWR_EnterSLEEPMode), (32 bytes).
    Removing stm32f1xx_hal_pwr.o(i.HAL_PWR_EnterSTANDBYMode), (32 bytes).
    Removing stm32f1xx_hal_pwr.o(i.HAL_PWR_EnterSTOPMode), (68 bytes).
    Removing stm32f1xx_hal_pwr.o(i.HAL_PWR_PVDCallback), (2 bytes).
    Removing stm32f1xx_hal_pwr.o(i.HAL_PWR_PVD_IRQHandler), (28 bytes).
    Removing stm32f1xx_hal_pwr.o(i.PWR_OverloadWfe), (6 bytes).
    Removing stm32f1xx_hal_flash.o(.rev16_text), (4 bytes).
    Removing stm32f1xx_hal_flash.o(.revsh_text), (4 bytes).
    Removing stm32f1xx_hal_flash.o(.rrx_text), (6 bytes).
    Removing stm32f1xx_hal_flash.o(i.FLASH_Program_HalfWord), (28 bytes).
    Removing stm32f1xx_hal_flash.o(i.FLASH_SetErrorCode), (92 bytes).
    Removing stm32f1xx_hal_flash.o(i.FLASH_WaitForLastOperation), (84 bytes).
    Removing stm32f1xx_hal_flash.o(i.HAL_FLASH_EndOfOperationCallback), (2 bytes).
    Removing stm32f1xx_hal_flash.o(i.HAL_FLASH_GetError), (12 bytes).
    Removing stm32f1xx_hal_flash.o(i.HAL_FLASH_IRQHandler), (264 bytes).
    Removing stm32f1xx_hal_flash.o(i.HAL_FLASH_Lock), (20 bytes).
    Removing stm32f1xx_hal_flash.o(i.HAL_FLASH_OB_Launch), (4 bytes).
    Removing stm32f1xx_hal_flash.o(i.HAL_FLASH_OB_Lock), (20 bytes).
    Removing stm32f1xx_hal_flash.o(i.HAL_FLASH_OB_Unlock), (36 bytes).
    Removing stm32f1xx_hal_flash.o(i.HAL_FLASH_OperationErrorCallback), (2 bytes).
    Removing stm32f1xx_hal_flash.o(i.HAL_FLASH_Program), (128 bytes).
    Removing stm32f1xx_hal_flash.o(i.HAL_FLASH_Program_IT), (100 bytes).
    Removing stm32f1xx_hal_flash.o(i.HAL_FLASH_Unlock), (40 bytes).
    Removing stm32f1xx_hal_flash.o(.bss), (32 bytes).
    Removing stm32f1xx_hal_flash_ex.o(.rev16_text), (4 bytes).
    Removing stm32f1xx_hal_flash_ex.o(.revsh_text), (4 bytes).
    Removing stm32f1xx_hal_flash_ex.o(.rrx_text), (6 bytes).
    Removing stm32f1xx_hal_flash_ex.o(i.FLASH_MassErase), (36 bytes).
    Removing stm32f1xx_hal_flash_ex.o(i.FLASH_OB_DisableWRP), (176 bytes).
    Removing stm32f1xx_hal_flash_ex.o(i.FLASH_OB_EnableWRP), (176 bytes).
    Removing stm32f1xx_hal_flash_ex.o(i.FLASH_OB_GetRDP), (24 bytes).
    Removing stm32f1xx_hal_flash_ex.o(i.FLASH_OB_RDP_LevelConfig), (100 bytes).
    Removing stm32f1xx_hal_flash_ex.o(i.FLASH_PageErase), (36 bytes).
    Removing stm32f1xx_hal_flash_ex.o(i.HAL_FLASHEx_Erase), (168 bytes).
    Removing stm32f1xx_hal_flash_ex.o(i.HAL_FLASHEx_Erase_IT), (84 bytes).
    Removing stm32f1xx_hal_flash_ex.o(i.HAL_FLASHEx_OBErase), (84 bytes).
    Removing stm32f1xx_hal_flash_ex.o(i.HAL_FLASHEx_OBGetConfig), (36 bytes).
    Removing stm32f1xx_hal_flash_ex.o(i.HAL_FLASHEx_OBGetUserData), (32 bytes).
    Removing stm32f1xx_hal_flash_ex.o(i.HAL_FLASHEx_OBProgram), (200 bytes).
    Removing stm32f1xx_hal_exti.o(.rev16_text), (4 bytes).
    Removing stm32f1xx_hal_exti.o(.revsh_text), (4 bytes).
    Removing stm32f1xx_hal_exti.o(.rrx_text), (6 bytes).
    Removing stm32f1xx_hal_exti.o(i.HAL_EXTI_ClearConfigLine), (104 bytes).
    Removing stm32f1xx_hal_exti.o(i.HAL_EXTI_ClearPending), (20 bytes).
    Removing stm32f1xx_hal_exti.o(i.HAL_EXTI_GenerateSWI), (20 bytes).
    Removing stm32f1xx_hal_exti.o(i.HAL_EXTI_GetConfigLine), (152 bytes).
    Removing stm32f1xx_hal_exti.o(i.HAL_EXTI_GetHandle), (12 bytes).
    Removing stm32f1xx_hal_exti.o(i.HAL_EXTI_GetPending), (24 bytes).
    Removing stm32f1xx_hal_exti.o(i.HAL_EXTI_IRQHandler), (36 bytes).
    Removing stm32f1xx_hal_exti.o(i.HAL_EXTI_RegisterCallback), (14 bytes).
    Removing stm32f1xx_hal_exti.o(i.HAL_EXTI_SetConfigLine), (164 bytes).
    Removing system_stm32f1xx.o(.rev16_text), (4 bytes).
    Removing system_stm32f1xx.o(.revsh_text), (4 bytes).
    Removing system_stm32f1xx.o(.rrx_text), (6 bytes).
    Removing system_stm32f1xx.o(i.SystemCoreClockUpdate), (104 bytes).
    Removing clock.o(i.xd_tick_get), (12 bytes).
    Removing sem.o(i.xd_sem_create), (34 bytes).
    Removing sem.o(i.xd_sem_delete), (4 bytes).
    Removing kservice.o(i.xd_kprint_port), (2 bytes).
    Removing kservice.o(i.xd_ms_delay), (2 bytes).
    Removing kservice.o(i.xd_show_version), (492 bytes).
    Removing shell.o(.rev16_text), (4 bytes).
    Removing shell.o(.revsh_text), (4 bytes).
    Removing shell.o(.rrx_text), (6 bytes).

231 unused section(s) (total 10560 bytes) removed from the image.

==============================================================================

Image Symbol Table

    Local Symbols

    Symbol Name                              Value     Ov Type        Size  Object(Section)

    ../Core/Src/main.c                       0x00000000   Number         0  main.o ABSOLUTE
    ../Core/Src/stm32f1xx_hal_msp.c          0x00000000   Number         0  stm32f1xx_hal_msp.o ABSOLUTE
    ../Core/Src/stm32f1xx_it.c               0x00000000   Number         0  stm32f1xx_it.o ABSOLUTE
    ../Core/Src/system_stm32f1xx.c           0x00000000   Number         0  system_stm32f1xx.o ABSOLUTE
    ../Drivers/STM32F1xx_HAL_Driver/Src/stm32f1xx_hal.c 0x00000000   Number         0  stm32f1xx_hal.o ABSOLUTE
    ../Drivers/STM32F1xx_HAL_Driver/Src/stm32f1xx_hal_cortex.c 0x00000000   Number         0  stm32f1xx_hal_cortex.o ABSOLUTE
    ../Drivers/STM32F1xx_HAL_Driver/Src/stm32f1xx_hal_dma.c 0x00000000   Number         0  stm32f1xx_hal_dma.o ABSOLUTE
    ../Drivers/STM32F1xx_HAL_Driver/Src/stm32f1xx_hal_exti.c 0x00000000   Number         0  stm32f1xx_hal_exti.o ABSOLUTE
    ../Drivers/STM32F1xx_HAL_Driver/Src/stm32f1xx_hal_flash.c 0x00000000   Number         0  stm32f1xx_hal_flash.o ABSOLUTE
    ../Drivers/STM32F1xx_HAL_Driver/Src/stm32f1xx_hal_flash_ex.c 0x00000000   Number         0  stm32f1xx_hal_flash_ex.o ABSOLUTE
    ../Drivers/STM32F1xx_HAL_Driver/Src/stm32f1xx_hal_gpio.c 0x00000000   Number         0  stm32f1xx_hal_gpio.o ABSOLUTE
    ../Drivers/STM32F1xx_HAL_Driver/Src/stm32f1xx_hal_gpio_ex.c 0x00000000   Number         0  stm32f1xx_hal_gpio_ex.o ABSOLUTE
    ../Drivers/STM32F1xx_HAL_Driver/Src/stm32f1xx_hal_pwr.c 0x00000000   Number         0  stm32f1xx_hal_pwr.o ABSOLUTE
    ../Drivers/STM32F1xx_HAL_Driver/Src/stm32f1xx_hal_rcc.c 0x00000000   Number         0  stm32f1xx_hal_rcc.o ABSOLUTE
    ../Drivers/STM32F1xx_HAL_Driver/Src/stm32f1xx_hal_rcc_ex.c 0x00000000   Number         0  stm32f1xx_hal_rcc_ex.o ABSOLUTE
    ../Drivers/STM32F1xx_HAL_Driver/Src/stm32f1xx_hal_tim.c 0x00000000   Number         0  stm32f1xx_hal_tim.o ABSOLUTE
    ../Drivers/STM32F1xx_HAL_Driver/Src/stm32f1xx_hal_tim_ex.c 0x00000000   Number         0  stm32f1xx_hal_tim_ex.o ABSOLUTE
    ../Drivers/STM32F1xx_HAL_Driver/Src/stm32f1xx_hal_uart.c 0x00000000   Number         0  stm32f1xx_hal_uart.o ABSOLUTE
    ../clib/microlib/division.c              0x00000000   Number         0  uidiv.o ABSOLUTE
    ../clib/microlib/division.c              0x00000000   Number         0  uldiv.o ABSOLUTE
    ../clib/microlib/init/entry.s            0x00000000   Number         0  entry5.o ABSOLUTE
    ../clib/microlib/init/entry.s            0x00000000   Number         0  entry7a.o ABSOLUTE
    ../clib/microlib/init/entry.s            0x00000000   Number         0  entry7b.o ABSOLUTE
    ../clib/microlib/init/entry.s            0x00000000   Number         0  entry11b.o ABSOLUTE
    ../clib/microlib/init/entry.s            0x00000000   Number         0  entry9a.o ABSOLUTE
    ../clib/microlib/init/entry.s            0x00000000   Number         0  entry11a.o ABSOLUTE
    ../clib/microlib/init/entry.s            0x00000000   Number         0  entry10b.o ABSOLUTE
    ../clib/microlib/init/entry.s            0x00000000   Number         0  entry9b.o ABSOLUTE
    ../clib/microlib/init/entry.s            0x00000000   Number         0  entry10a.o ABSOLUTE
    ../clib/microlib/init/entry.s            0x00000000   Number         0  entry.o ABSOLUTE
    ../clib/microlib/init/entry.s            0x00000000   Number         0  entry8b.o ABSOLUTE
    ../clib/microlib/init/entry.s            0x00000000   Number         0  entry8a.o ABSOLUTE
    ../clib/microlib/init/entry.s            0x00000000   Number         0  entry2.o ABSOLUTE
    ../clib/microlib/longlong.c              0x00000000   Number         0  llshl.o ABSOLUTE
    ../clib/microlib/longlong.c              0x00000000   Number         0  llushr.o ABSOLUTE
    ../clib/microlib/longlong.c              0x00000000   Number         0  llsshr.o ABSOLUTE
    ../clib/microlib/malloc/malloc.c         0x00000000   Number         0  malloc.o ABSOLUTE
    ../clib/microlib/malloc/malloc.c         0x00000000   Number         0  mallocr.o ABSOLUTE
    ../clib/microlib/malloc/malloc.c         0x00000000   Number         0  malloca.o ABSOLUTE
    ../clib/microlib/malloc/malloc.c         0x00000000   Number         0  mallocra.o ABSOLUTE
    ../clib/microlib/malloc/mvars.c          0x00000000   Number         0  mvars.o ABSOLUTE
    ../clib/microlib/printf/printf.c         0x00000000   Number         0  printfa.o ABSOLUTE
    ../clib/microlib/stdio/fputc.c           0x00000000   Number         0  fputc.o ABSOLUTE
    ../clib/microlib/stdio/semi.s            0x00000000   Number         0  semi.o ABSOLUTE
    ../clib/microlib/stdio/streams.c         0x00000000   Number         0  stdout.o ABSOLUTE
    ../clib/microlib/string/memcpy.c         0x00000000   Number         0  memcpyb.o ABSOLUTE
    ../clib/microlib/string/memcpy.c         0x00000000   Number         0  memcpya.o ABSOLUTE
    ../clib/microlib/string/memset.c         0x00000000   Number         0  memseta.o ABSOLUTE
    ../clib/microlib/string/strcmp.c         0x00000000   Number         0  strcmp.o ABSOLUTE
    ../clib/microlib/string/strcpy.c         0x00000000   Number         0  strcpy.o ABSOLUTE
    ../clib/microlib/stubs.s                 0x00000000   Number         0  iusefp.o ABSOLUTE
    ../clib/microlib/stubs.s                 0x00000000   Number         0  iusesemip.o ABSOLUTE
    ../fplib/microlib/fpadd.c                0x00000000   Number         0  dadd.o ABSOLUTE
    ../fplib/microlib/fpdiv.c                0x00000000   Number         0  ddiv.o ABSOLUTE
    ../fplib/microlib/fpepilogue.c           0x00000000   Number         0  depilogue.o ABSOLUTE
    ../fplib/microlib/fpfix.c                0x00000000   Number         0  dfixul.o ABSOLUTE
    ../fplib/microlib/fpmul.c                0x00000000   Number         0  dmul.o ABSOLUTE
    ..\..\..\..\arch\cortex-m3\context_rvds.s 0x00000000   Number         0  context_rvds.o ABSOLUTE
    ..\..\..\..\arch\cortex-m3\cpuport.c     0x00000000   Number         0  cpuport.o ABSOLUTE
    ..\..\..\..\components\shell\shell.c     0x00000000   Number         0  shell.o ABSOLUTE
    ..\..\..\..\kernel\src\clock.c           0x00000000   Number         0  clock.o ABSOLUTE
    ..\..\..\..\kernel\src\irq.c             0x00000000   Number         0  irq.o ABSOLUTE
    ..\..\..\..\kernel\src\kservice.c        0x00000000   Number         0  kservice.o ABSOLUTE
    ..\..\..\..\kernel\src\list.c            0x00000000   Number         0  list.o ABSOLUTE
    ..\..\..\..\kernel\src\scheduler.c       0x00000000   Number         0  scheduler.o ABSOLUTE
    ..\..\..\..\kernel\src\sem.c             0x00000000   Number         0  sem.o ABSOLUTE
    ..\..\..\..\kernel\src\task.c            0x00000000   Number         0  task.o ABSOLUTE
    ..\Core\Src\main.c                       0x00000000   Number         0  main.o ABSOLUTE
    ..\Core\Src\stm32f1xx_hal_msp.c          0x00000000   Number         0  stm32f1xx_hal_msp.o ABSOLUTE
    ..\Core\Src\stm32f1xx_it.c               0x00000000   Number         0  stm32f1xx_it.o ABSOLUTE
    ..\Core\Src\system_stm32f1xx.c           0x00000000   Number         0  system_stm32f1xx.o ABSOLUTE
    ..\Core\Src\uart.c                       0x00000000   Number         0  uart.o ABSOLUTE
    ..\Drivers\STM32F1xx_HAL_Driver\Src\stm32f1xx_hal.c 0x00000000   Number         0  stm32f1xx_hal.o ABSOLUTE
    ..\Drivers\STM32F1xx_HAL_Driver\Src\stm32f1xx_hal_cortex.c 0x00000000   Number         0  stm32f1xx_hal_cortex.o ABSOLUTE
    ..\Drivers\STM32F1xx_HAL_Driver\Src\stm32f1xx_hal_dma.c 0x00000000   Number         0  stm32f1xx_hal_dma.o ABSOLUTE
    ..\Drivers\STM32F1xx_HAL_Driver\Src\stm32f1xx_hal_exti.c 0x00000000   Number         0  stm32f1xx_hal_exti.o ABSOLUTE
    ..\Drivers\STM32F1xx_HAL_Driver\Src\stm32f1xx_hal_flash.c 0x00000000   Number         0  stm32f1xx_hal_flash.o ABSOLUTE
    ..\Drivers\STM32F1xx_HAL_Driver\Src\stm32f1xx_hal_flash_ex.c 0x00000000   Number         0  stm32f1xx_hal_flash_ex.o ABSOLUTE
    ..\Drivers\STM32F1xx_HAL_Driver\Src\stm32f1xx_hal_gpio.c 0x00000000   Number         0  stm32f1xx_hal_gpio.o ABSOLUTE
    ..\Drivers\STM32F1xx_HAL_Driver\Src\stm32f1xx_hal_gpio_ex.c 0x00000000   Number         0  stm32f1xx_hal_gpio_ex.o ABSOLUTE
    ..\Drivers\STM32F1xx_HAL_Driver\Src\stm32f1xx_hal_pwr.c 0x00000000   Number         0  stm32f1xx_hal_pwr.o ABSOLUTE
    ..\Drivers\STM32F1xx_HAL_Driver\Src\stm32f1xx_hal_rcc.c 0x00000000   Number         0  stm32f1xx_hal_rcc.o ABSOLUTE
    ..\Drivers\STM32F1xx_HAL_Driver\Src\stm32f1xx_hal_rcc_ex.c 0x00000000   Number         0  stm32f1xx_hal_rcc_ex.o ABSOLUTE
    ..\Drivers\STM32F1xx_HAL_Driver\Src\stm32f1xx_hal_tim.c 0x00000000   Number         0  stm32f1xx_hal_tim.o ABSOLUTE
    ..\Drivers\STM32F1xx_HAL_Driver\Src\stm32f1xx_hal_tim_ex.c 0x00000000   Number         0  stm32f1xx_hal_tim_ex.o ABSOLUTE
    ..\Drivers\STM32F1xx_HAL_Driver\Src\stm32f1xx_hal_uart.c 0x00000000   Number         0  stm32f1xx_hal_uart.o ABSOLUTE
    ..\\..\\..\\..\\components\\shell\\shell.c 0x00000000   Number         0  shell.o ABSOLUTE
    ..\\Core\\Src\\uart.c                    0x00000000   Number         0  uart.o ABSOLUTE
    cdrcmple.s                               0x00000000   Number         0  cdrcmple.o ABSOLUTE
    dc.s                                     0x00000000   Number         0  dc.o ABSOLUTE
    handlers.s                               0x00000000   Number         0  handlers.o ABSOLUTE
    init.s                                   0x00000000   Number         0  init.o ABSOLUTE
    startup_stm32f103xb.s                    0x00000000   Number         0  startup_stm32f103xb.o ABSOLUTE
    RESET                                    0x08000000   Section      236  startup_stm32f103xb.o(RESET)
    .ARM.Collect$$$$00000000                 0x080000ec   Section        0  entry.o(.ARM.Collect$$$$00000000)
    .ARM.Collect$$$$00000001                 0x080000ec   Section        4  entry2.o(.ARM.Collect$$$$00000001)
    .ARM.Collect$$$$00000004                 0x080000f0   Section        4  entry5.o(.ARM.Collect$$$$00000004)
    .ARM.Collect$$$$00000008                 0x080000f4   Section        0  entry7b.o(.ARM.Collect$$$$00000008)
    .ARM.Collect$$$$0000000A                 0x080000f4   Section        0  entry8b.o(.ARM.Collect$$$$0000000A)
    .ARM.Collect$$$$0000000B                 0x080000f4   Section        8  entry9a.o(.ARM.Collect$$$$0000000B)
    .ARM.Collect$$$$0000000D                 0x080000fc   Section        0  entry10a.o(.ARM.Collect$$$$0000000D)
    .ARM.Collect$$$$0000000F                 0x080000fc   Section        0  entry11a.o(.ARM.Collect$$$$0000000F)
    .ARM.Collect$$$$00002712                 0x080000fc   Section        4  entry2.o(.ARM.Collect$$$$00002712)
    __lit__00000000                          0x080000fc   Data           4  entry2.o(.ARM.Collect$$$$00002712)
    .text                                    0x08000100   Section       36  startup_stm32f103xb.o(.text)
    .text                                    0x08000124   Section      192  context_rvds.o(.text)
    .text                                    0x080001e4   Section        0  llushr.o(.text)
    .text                                    0x08000204   Section        0  memseta.o(.text)
    .text                                    0x08000228   Section        0  strcmp.o(.text)
    .text                                    0x08000244   Section        0  strcpy.o(.text)
    .text                                    0x08000256   Section        0  uidiv.o(.text)
    .text                                    0x08000282   Section        0  uldiv.o(.text)
    .text                                    0x080002e4   Section        0  iusefp.o(.text)
    .text                                    0x080002e4   Section        0  dadd.o(.text)
    .text                                    0x08000432   Section        0  dmul.o(.text)
    .text                                    0x08000516   Section        0  ddiv.o(.text)
    .text                                    0x080005f4   Section        0  dfixul.o(.text)
    .text                                    0x08000624   Section       48  cdrcmple.o(.text)
    .text                                    0x08000654   Section       36  init.o(.text)
    .text                                    0x08000678   Section        0  llshl.o(.text)
    .text                                    0x08000696   Section        0  llsshr.o(.text)
    .text                                    0x080006ba   Section        0  depilogue.o(.text)
    i.BusFault_Handler                       0x08000774   Section        0  stm32f1xx_it.o(i.BusFault_Handler)
    i.DebugMon_Handler                       0x08000776   Section        0  stm32f1xx_it.o(i.DebugMon_Handler)
    i.HAL_DMA_Abort_IT                       0x08000778   Section        0  stm32f1xx_hal_dma.o(i.HAL_DMA_Abort_IT)
    i.HAL_Delay                              0x08000810   Section        0  stm32f1xx_hal.o(i.HAL_Delay)
    i.HAL_GPIO_Init                          0x08000834   Section        0  stm32f1xx_hal_gpio.o(i.HAL_GPIO_Init)
    i.HAL_GPIO_WritePin                      0x08000a14   Section        0  stm32f1xx_hal_gpio.o(i.HAL_GPIO_WritePin)
    i.HAL_GetTick                            0x08000a20   Section        0  stm32f1xx_hal.o(i.HAL_GetTick)
    i.HAL_IncTick                            0x08000a2c   Section        0  stm32f1xx_hal.o(i.HAL_IncTick)
    i.HAL_Init                               0x08000a3c   Section        0  stm32f1xx_hal.o(i.HAL_Init)
    i.HAL_InitTick                           0x08000a60   Section        0  stm32f1xx_hal.o(i.HAL_InitTick)
    i.HAL_MspInit                            0x08000aa0   Section        0  stm32f1xx_hal_msp.o(i.HAL_MspInit)
    i.HAL_NVIC_EnableIRQ                     0x08000adc   Section        0  stm32f1xx_hal_cortex.o(i.HAL_NVIC_EnableIRQ)
    i.HAL_NVIC_SetPriority                   0x08000af8   Section        0  stm32f1xx_hal_cortex.o(i.HAL_NVIC_SetPriority)
    i.HAL_NVIC_SetPriorityGrouping           0x08000b38   Section        0  stm32f1xx_hal_cortex.o(i.HAL_NVIC_SetPriorityGrouping)
    i.HAL_RCC_ClockConfig                    0x08000b5c   Section        0  stm32f1xx_hal_rcc.o(i.HAL_RCC_ClockConfig)
    i.HAL_RCC_GetPCLK1Freq                   0x08000c88   Section        0  stm32f1xx_hal_rcc.o(i.HAL_RCC_GetPCLK1Freq)
    i.HAL_RCC_GetPCLK2Freq                   0x08000ca8   Section        0  stm32f1xx_hal_rcc.o(i.HAL_RCC_GetPCLK2Freq)
    i.HAL_RCC_GetSysClockFreq                0x08000cc8   Section        0  stm32f1xx_hal_rcc.o(i.HAL_RCC_GetSysClockFreq)
    i.HAL_RCC_MCOConfig                      0x08000d34   Section        0  stm32f1xx_hal_rcc.o(i.HAL_RCC_MCOConfig)
    i.HAL_RCC_OscConfig                      0x08000d7c   Section        0  stm32f1xx_hal_rcc.o(i.HAL_RCC_OscConfig)
    i.HAL_SYSTICK_Config                     0x0800109c   Section        0  stm32f1xx_hal_cortex.o(i.HAL_SYSTICK_Config)
    i.HAL_UART_ErrorCallback                 0x080010c4   Section        0  stm32f1xx_hal_uart.o(i.HAL_UART_ErrorCallback)
    i.HAL_UART_IRQHandler                    0x080010c8   Section        0  stm32f1xx_hal_uart.o(i.HAL_UART_IRQHandler)
    i.HAL_UART_Init                          0x08001224   Section        0  stm32f1xx_hal_uart.o(i.HAL_UART_Init)
    i.HAL_UART_MspInit                       0x08001288   Section        0  stm32f1xx_hal_msp.o(i.HAL_UART_MspInit)
    i.HAL_UART_Receive_IT                    0x08001308   Section        0  stm32f1xx_hal_uart.o(i.HAL_UART_Receive_IT)
    i.HAL_UART_RxCpltCallback                0x0800135c   Section        0  uart.o(i.HAL_UART_RxCpltCallback)
    i.HAL_UART_Transmit                      0x080013b0   Section        0  stm32f1xx_hal_uart.o(i.HAL_UART_Transmit)
    i.HAL_UART_TxCpltCallback                0x08001462   Section        0  stm32f1xx_hal_uart.o(i.HAL_UART_TxCpltCallback)
    i.HardFault_Handler                      0x08001464   Section        0  stm32f1xx_it.o(i.HardFault_Handler)
    i.MX_GPIO_Init                           0x08001468   Section        0  main.o(i.MX_GPIO_Init)
    MX_GPIO_Init                             0x08001469   Thumb Code   120  main.o(i.MX_GPIO_Init)
    i.MemManage_Handler                      0x080014ec   Section        0  stm32f1xx_it.o(i.MemManage_Handler)
    i.NMI_Handler                            0x080014ee   Section        0  stm32f1xx_it.o(i.NMI_Handler)
    i.SVC_Handler                            0x080014f0   Section        0  stm32f1xx_it.o(i.SVC_Handler)
    i.SysTick_Handler                        0x080014f2   Section        0  stm32f1xx_it.o(i.SysTick_Handler)
    i.SystemClock_Config                     0x08001512   Section        0  main.o(i.SystemClock_Config)
    i.SystemInit                             0x0800156c   Section        0  system_stm32f1xx.o(i.SystemInit)
    i.UART_DMAAbortOnError                   0x0800156e   Section        0  stm32f1xx_hal_uart.o(i.UART_DMAAbortOnError)
    UART_DMAAbortOnError                     0x0800156f   Thumb Code    16  stm32f1xx_hal_uart.o(i.UART_DMAAbortOnError)
    i.UART_EndRxTransfer                     0x0800157e   Section        0  stm32f1xx_hal_uart.o(i.UART_EndRxTransfer)
    UART_EndRxTransfer                       0x0800157f   Thumb Code    28  stm32f1xx_hal_uart.o(i.UART_EndRxTransfer)
    i.UART_Receive_IT                        0x0800159a   Section        0  stm32f1xx_hal_uart.o(i.UART_Receive_IT)
    UART_Receive_IT                          0x0800159b   Thumb Code   140  stm32f1xx_hal_uart.o(i.UART_Receive_IT)
    i.UART_SetConfig                         0x08001628   Section        0  stm32f1xx_hal_uart.o(i.UART_SetConfig)
    UART_SetConfig                           0x08001629   Thumb Code   178  stm32f1xx_hal_uart.o(i.UART_SetConfig)
    i.UART_WaitOnFlagUntilTimeout            0x080016e0   Section        0  stm32f1xx_hal_uart.o(i.UART_WaitOnFlagUntilTimeout)
    UART_WaitOnFlagUntilTimeout              0x080016e1   Thumb Code   100  stm32f1xx_hal_uart.o(i.UART_WaitOnFlagUntilTimeout)
    i.USART1_IRQHandler                      0x08001744   Section        0  stm32f1xx_it.o(i.USART1_IRQHandler)
    i.UsageFault_Handler                     0x08001750   Section        0  stm32f1xx_it.o(i.UsageFault_Handler)
    i.__0vsnprintf                           0x08001754   Section        0  printfa.o(i.__0vsnprintf)
    i.__NVIC_SetPriority                     0x08001780   Section        0  stm32f1xx_hal_cortex.o(i.__NVIC_SetPriority)
    __NVIC_SetPriority                       0x08001781   Thumb Code    32  stm32f1xx_hal_cortex.o(i.__NVIC_SetPriority)
    i.__scatterload_copy                     0x080017a0   Section       14  handlers.o(i.__scatterload_copy)
    i.__scatterload_null                     0x080017ae   Section        2  handlers.o(i.__scatterload_null)
    i.__scatterload_zeroinit                 0x080017b0   Section       14  handlers.o(i.__scatterload_zeroinit)
    i._fp_digits                             0x080017c0   Section        0  printfa.o(i._fp_digits)
    _fp_digits                               0x080017c1   Thumb Code   366  printfa.o(i._fp_digits)
    i._printf_core                           0x08001944   Section        0  printfa.o(i._printf_core)
    _printf_core                             0x08001945   Thumb Code  1744  printfa.o(i._printf_core)
    i._printf_post_padding                   0x08002020   Section        0  printfa.o(i._printf_post_padding)
    _printf_post_padding                     0x08002021   Thumb Code    36  printfa.o(i._printf_post_padding)
    i._printf_pre_padding                    0x08002044   Section        0  printfa.o(i._printf_pre_padding)
    _printf_pre_padding                      0x08002045   Thumb Code    46  printfa.o(i._printf_pre_padding)
    i._snputc                                0x08002072   Section        0  printfa.o(i._snputc)
    _snputc                                  0x08002073   Thumb Code    22  printfa.o(i._snputc)
    i.get_current_task                       0x08002088   Section        0  task.o(i.get_current_task)
    i.help_func                              0x08002094   Section        0  shell.o(i.help_func)
    i.kernel_running                         0x080020f0   Section        0  scheduler.o(i.kernel_running)
    i.led0_task_entry                        0x080020fc   Section        0  main.o(i.led0_task_entry)
    i.led1_task_entry                        0x08002124   Section        0  main.o(i.led1_task_entry)
    i.led2_task_entry                        0x0800214c   Section        0  main.o(i.led2_task_entry)
    i.ls_func                                0x08002174   Section        0  shell.o(i.ls_func)
    i.main                                   0x08002178   Section        0  main.o(i.main)
    i.ps_func                                0x08002284   Section        0  shell.o(i.ps_func)
    i.shell_command                          0x08002288   Section        0  shell.o(i.shell_command)
    i.update_priority_list                   0x080022c4   Section        0  scheduler.o(i.update_priority_list)
    i.xd_console_output                      0x08002314   Section        0  uart.o(i.xd_console_output)
    i.xd_find_task                           0x08002358   Section        0  scheduler.o(i.xd_find_task)
    i.xd_interrupt_enter                     0x08002370   Section        0  irq.o(i.xd_interrupt_enter)
    i.xd_interrupt_leave                     0x0800238c   Section        0  irq.o(i.xd_interrupt_leave)
    i.xd_kprint_port                         0x080023a8   Section        0  uart.o(i.xd_kprint_port)
    i.xd_kprintf                             0x080023bc   Section        0  kservice.o(i.xd_kprintf)
    i.xd_list_init                           0x080023f4   Section        0  list.o(i.xd_list_init)
    i.xd_list_insert_after                   0x080023fa   Section        0  list.o(i.xd_list_insert_after)
    i.xd_list_insert_before                  0x08002408   Section        0  list.o(i.xd_list_insert_before)
    i.xd_list_isempty                        0x08002414   Section        0  list.o(i.xd_list_isempty)
    i.xd_list_remove                         0x08002422   Section        0  list.o(i.xd_list_remove)
    i.xd_printf                              0x08002434   Section        0  uart.o(i.xd_printf)
    i.xd_scheduler                           0x08002454   Section        0  scheduler.o(i.xd_scheduler)
    i.xd_scheduler_insert_task               0x08002494   Section        0  scheduler.o(i.xd_scheduler_insert_task)
    i.xd_scheduler_remove_task               0x080024dc   Section        0  scheduler.o(i.xd_scheduler_remove_task)
    i.xd_sem_init                            0x080024f8   Section        0  sem.o(i.xd_sem_init)
    i.xd_sem_release                         0x08002510   Section        0  sem.o(i.xd_sem_release)
    i.xd_sem_take                            0x08002530   Section        0  sem.o(i.xd_sem_take)
    i.xd_show_logo                           0x08002568   Section        0  shell.o(i.xd_show_logo)
    i.xd_stack_init                          0x08002760   Section        0  cpuport.o(i.xd_stack_init)
    i.xd_system_scheduler_init               0x08002798   Section        0  scheduler.o(i.xd_system_scheduler_init)
    i.xd_system_scheduler_start              0x080027d0   Section        0  scheduler.o(i.xd_system_scheduler_start)
    i.xd_system_timer_init                   0x08002800   Section        0  clock.o(i.xd_system_timer_init)
    i.xd_task_delay                          0x0800280c   Section        0  task.o(i.xd_task_delay)
    i.xd_task_idle_entry                     0x08002844   Section        0  task.o(i.xd_task_idle_entry)
    i.xd_task_idle_init                      0x08002854   Section        0  task.o(i.xd_task_idle_init)
    i.xd_task_init                           0x08002888   Section        0  task.o(i.xd_task_init)
    i.xd_task_resume                         0x080028ec   Section        0  task.o(i.xd_task_resume)
    i.xd_task_shell_entry                    0x0800292c   Section        0  shell.o(i.xd_task_shell_entry)
    i.xd_task_shell_init                     0x08002958   Section        0  shell.o(i.xd_task_shell_init)
    i.xd_task_startup                        0x080029b0   Section        0  task.o(i.xd_task_startup)
    i.xd_task_suspend                        0x080029c8   Section        0  task.o(i.xd_task_suspend)
    i.xd_task_timeout                        0x08002a04   Section        0  task.o(i.xd_task_timeout)
    i.xd_task_yield                          0x08002a14   Section        0  task.o(i.xd_task_yield)
    i.xd_tick_increase                       0x08002a60   Section        0  clock.o(i.xd_tick_increase)
    i.xd_timer_check                         0x08002a90   Section        0  clock.o(i.xd_timer_check)
    i.xd_timer_init                          0x08002adc   Section        0  clock.o(i.xd_timer_init)
    i.xd_timer_set                           0x08002aea   Section        0  clock.o(i.xd_timer_set)
    i.xd_timer_start                         0x08002af0   Section        0  clock.o(i.xd_timer_start)
    i.xd_timer_stop                          0x08002b4c   Section        0  clock.o(i.xd_timer_stop)
    .constdata                               0x08002b66   Section       16  system_stm32f1xx.o(.constdata)
    .constdata                               0x08002b76   Section        8  system_stm32f1xx.o(.constdata)
    .constdata                               0x08002b80   Section       36  shell.o(.constdata)
    .conststring                             0x08002ba4   Section       71  shell.o(.conststring)
    .data                                    0x20000000   Section        4  uart.o(.data)
    .data                                    0x20000004   Section        1  main.o(.data)
    .data                                    0x20000008   Section       12  stm32f1xx_hal.o(.data)
    .data                                    0x20000014   Section        4  system_stm32f1xx.o(.data)
    .data                                    0x20000018   Section       12  clock.o(.data)
    xd_tick                                  0x20000018   Data           4  clock.o(.data)
    xd_timer_list                            0x2000001c   Data           8  clock.o(.data)
    .data                                    0x20000024   Section        1  irq.o(.data)
    .data                                    0x20000028   Section       12  scheduler.o(.data)
    .data                                    0x20000034   Section        4  task.o(.data)
    .data                                    0x20000038   Section        4  cpuport.o(.data)
    .data                                    0x2000003c   Section        4  cpuport.o(.data)
    .data                                    0x20000040   Section        4  cpuport.o(.data)
    .bss                                     0x20000044   Section      256  uart.o(.bss)
    xd_buf                                   0x20000044   Data         128  uart.o(.bss)
    .bss                                     0x20000144   Section     1816  main.o(.bss)
    .bss                                     0x2000085c   Section      288  scheduler.o(.bss)
    .bss                                     0x2000097c   Section      584  task.o(.bss)
    xd_task_stack                            0x2000097c   Data         512  task.o(.bss)
    .bss                                     0x20000bc4   Section      128  kservice.o(.bss)
    xd_buf                                   0x20000bc4   Data         128  kservice.o(.bss)
    .bss                                     0x20000c44   Section      608  shell.o(.bss)
    xd_task_shell_stack                      0x20000c44   Data         512  shell.o(.bss)
    STACK                                    0x20000ea8   Section     1024  startup_stm32f103xb.o(STACK)

    Global Symbols

    Symbol Name                              Value     Ov Type        Size  Object(Section)

    BuildAttributes$$THM_ISAv4$P$D$K$B$S$PE$A:L22UL41UL21$X:L11$S22US41US21$IEEE1$IW$USESV6$~STKCKD$USESV7$~SHL$OSPACE$ROPI$EBA8$MICROLIB$REQ8$PRES8$EABIv2 0x00000000   Number         0  anon$$obj.o ABSOLUTE
    __ARM_use_no_argv                        0x00000000   Number         0  main.o ABSOLUTE
    __cpp_initialize__aeabi_                  - Undefined Weak Reference
    __cxa_finalize                            - Undefined Weak Reference
    __decompress                              - Undefined Weak Reference
    _clock_init                               - Undefined Weak Reference
    _microlib_exit                            - Undefined Weak Reference
    __Vectors_Size                           0x000000ec   Number         0  startup_stm32f103xb.o ABSOLUTE
    __Vectors                                0x08000000   Data           4  startup_stm32f103xb.o(RESET)
    __Vectors_End                            0x080000ec   Data           0  startup_stm32f103xb.o(RESET)
    __main                                   0x080000ed   Thumb Code     0  entry.o(.ARM.Collect$$$$00000000)
    _main_stk                                0x080000ed   Thumb Code     0  entry2.o(.ARM.Collect$$$$00000001)
    _main_scatterload                        0x080000f1   Thumb Code     0  entry5.o(.ARM.Collect$$$$00000004)
    __main_after_scatterload                 0x080000f5   Thumb Code     0  entry5.o(.ARM.Collect$$$$00000004)
    _main_clock                              0x080000f5   Thumb Code     0  entry7b.o(.ARM.Collect$$$$00000008)
    _main_cpp_init                           0x080000f5   Thumb Code     0  entry8b.o(.ARM.Collect$$$$0000000A)
    _main_init                               0x080000f5   Thumb Code     0  entry9a.o(.ARM.Collect$$$$0000000B)
    __rt_final_cpp                           0x080000fd   Thumb Code     0  entry10a.o(.ARM.Collect$$$$0000000D)
    __rt_final_exit                          0x080000fd   Thumb Code     0  entry11a.o(.ARM.Collect$$$$0000000F)
    Reset_Handler                            0x08000101   Thumb Code     8  startup_stm32f103xb.o(.text)
    ADC1_2_IRQHandler                        0x0800011b   Thumb Code     0  startup_stm32f103xb.o(.text)
    CAN1_RX1_IRQHandler                      0x0800011b   Thumb Code     0  startup_stm32f103xb.o(.text)
    CAN1_SCE_IRQHandler                      0x0800011b   Thumb Code     0  startup_stm32f103xb.o(.text)
    DMA1_Channel1_IRQHandler                 0x0800011b   Thumb Code     0  startup_stm32f103xb.o(.text)
    DMA1_Channel2_IRQHandler                 0x0800011b   Thumb Code     0  startup_stm32f103xb.o(.text)
    DMA1_Channel3_IRQHandler                 0x0800011b   Thumb Code     0  startup_stm32f103xb.o(.text)
    DMA1_Channel4_IRQHandler                 0x0800011b   Thumb Code     0  startup_stm32f103xb.o(.text)
    DMA1_Channel5_IRQHandler                 0x0800011b   Thumb Code     0  startup_stm32f103xb.o(.text)
    DMA1_Channel6_IRQHandler                 0x0800011b   Thumb Code     0  startup_stm32f103xb.o(.text)
    DMA1_Channel7_IRQHandler                 0x0800011b   Thumb Code     0  startup_stm32f103xb.o(.text)
    EXTI0_IRQHandler                         0x0800011b   Thumb Code     0  startup_stm32f103xb.o(.text)
    EXTI15_10_IRQHandler                     0x0800011b   Thumb Code     0  startup_stm32f103xb.o(.text)
    EXTI1_IRQHandler                         0x0800011b   Thumb Code     0  startup_stm32f103xb.o(.text)
    EXTI2_IRQHandler                         0x0800011b   Thumb Code     0  startup_stm32f103xb.o(.text)
    EXTI3_IRQHandler                         0x0800011b   Thumb Code     0  startup_stm32f103xb.o(.text)
    EXTI4_IRQHandler                         0x0800011b   Thumb Code     0  startup_stm32f103xb.o(.text)
    EXTI9_5_IRQHandler                       0x0800011b   Thumb Code     0  startup_stm32f103xb.o(.text)
    FLASH_IRQHandler                         0x0800011b   Thumb Code     0  startup_stm32f103xb.o(.text)
    I2C1_ER_IRQHandler                       0x0800011b   Thumb Code     0  startup_stm32f103xb.o(.text)
    I2C1_EV_IRQHandler                       0x0800011b   Thumb Code     0  startup_stm32f103xb.o(.text)
    I2C2_ER_IRQHandler                       0x0800011b   Thumb Code     0  startup_stm32f103xb.o(.text)
    I2C2_EV_IRQHandler                       0x0800011b   Thumb Code     0  startup_stm32f103xb.o(.text)
    PVD_IRQHandler                           0x0800011b   Thumb Code     0  startup_stm32f103xb.o(.text)
    RCC_IRQHandler                           0x0800011b   Thumb Code     0  startup_stm32f103xb.o(.text)
    RTC_Alarm_IRQHandler                     0x0800011b   Thumb Code     0  startup_stm32f103xb.o(.text)
    RTC_IRQHandler                           0x0800011b   Thumb Code     0  startup_stm32f103xb.o(.text)
    SPI1_IRQHandler                          0x0800011b   Thumb Code     0  startup_stm32f103xb.o(.text)
    SPI2_IRQHandler                          0x0800011b   Thumb Code     0  startup_stm32f103xb.o(.text)
    TAMPER_IRQHandler                        0x0800011b   Thumb Code     0  startup_stm32f103xb.o(.text)
    TIM1_BRK_IRQHandler                      0x0800011b   Thumb Code     0  startup_stm32f103xb.o(.text)
    TIM1_CC_IRQHandler                       0x0800011b   Thumb Code     0  startup_stm32f103xb.o(.text)
    TIM1_TRG_COM_IRQHandler                  0x0800011b   Thumb Code     0  startup_stm32f103xb.o(.text)
    TIM1_UP_IRQHandler                       0x0800011b   Thumb Code     0  startup_stm32f103xb.o(.text)
    TIM2_IRQHandler                          0x0800011b   Thumb Code     0  startup_stm32f103xb.o(.text)
    TIM3_IRQHandler                          0x0800011b   Thumb Code     0  startup_stm32f103xb.o(.text)
    TIM4_IRQHandler                          0x0800011b   Thumb Code     0  startup_stm32f103xb.o(.text)
    USART2_IRQHandler                        0x0800011b   Thumb Code     0  startup_stm32f103xb.o(.text)
    USART3_IRQHandler                        0x0800011b   Thumb Code     0  startup_stm32f103xb.o(.text)
    USBWakeUp_IRQHandler                     0x0800011b   Thumb Code     0  startup_stm32f103xb.o(.text)
    USB_HP_CAN1_TX_IRQHandler                0x0800011b   Thumb Code     0  startup_stm32f103xb.o(.text)
    USB_LP_CAN1_RX0_IRQHandler               0x0800011b   Thumb Code     0  startup_stm32f103xb.o(.text)
    WWDG_IRQHandler                          0x0800011b   Thumb Code     0  startup_stm32f103xb.o(.text)
    xd_interrupt_disable                     0x08000125   Thumb Code     8  context_rvds.o(.text)
    xd_interrupt_enable                      0x0800012d   Thumb Code     6  context_rvds.o(.text)
    xd_context_switch                        0x08000133   Thumb Code    32  context_rvds.o(.text)
    PendSV_Handler                           0x08000153   Thumb Code    60  context_rvds.o(.text)
    xd_context_switch_to                     0x0800018f   Thumb Code    56  context_rvds.o(.text)
    xd_interrupt_task_switch                 0x080001c7   Thumb Code     2  context_rvds.o(.text)
    __aeabi_llsr                             0x080001e5   Thumb Code    32  llushr.o(.text)
    _ll_ushift_r                             0x080001e5   Thumb Code     0  llushr.o(.text)
    __aeabi_memset                           0x08000205   Thumb Code    14  memseta.o(.text)
    __aeabi_memset4                          0x08000205   Thumb Code     0  memseta.o(.text)
    __aeabi_memset8                          0x08000205   Thumb Code     0  memseta.o(.text)
    __aeabi_memclr                           0x08000213   Thumb Code     4  memseta.o(.text)
    __aeabi_memclr4                          0x08000213   Thumb Code     0  memseta.o(.text)
    __aeabi_memclr8                          0x08000213   Thumb Code     0  memseta.o(.text)
    _memset$wrapper                          0x08000217   Thumb Code    18  memseta.o(.text)
    strcmp                                   0x08000229   Thumb Code    28  strcmp.o(.text)
    strcpy                                   0x08000245   Thumb Code    18  strcpy.o(.text)
    __aeabi_uidiv                            0x08000257   Thumb Code     0  uidiv.o(.text)
    __aeabi_uidivmod                         0x08000257   Thumb Code    44  uidiv.o(.text)
    __aeabi_uldivmod                         0x08000283   Thumb Code    98  uldiv.o(.text)
    __I$use$fp                               0x080002e5   Thumb Code     0  iusefp.o(.text)
    __aeabi_dadd                             0x080002e5   Thumb Code   322  dadd.o(.text)
    __aeabi_dsub                             0x08000427   Thumb Code     6  dadd.o(.text)
    __aeabi_drsub                            0x0800042d   Thumb Code     6  dadd.o(.text)
    __aeabi_dmul                             0x08000433   Thumb Code   228  dmul.o(.text)
    __aeabi_ddiv                             0x08000517   Thumb Code   222  ddiv.o(.text)
    __aeabi_d2ulz                            0x080005f5   Thumb Code    48  dfixul.o(.text)
    __aeabi_cdrcmple                         0x08000625   Thumb Code    48  cdrcmple.o(.text)
    __scatterload                            0x08000655   Thumb Code    28  init.o(.text)
    __scatterload_rt2                        0x08000655   Thumb Code     0  init.o(.text)
    __aeabi_llsl                             0x08000679   Thumb Code    30  llshl.o(.text)
    _ll_shift_l                              0x08000679   Thumb Code     0  llshl.o(.text)
    __aeabi_lasr                             0x08000697   Thumb Code    36  llsshr.o(.text)
    _ll_sshift_r                             0x08000697   Thumb Code     0  llsshr.o(.text)
    _double_round                            0x080006bb   Thumb Code    30  depilogue.o(.text)
    _double_epilogue                         0x080006d9   Thumb Code   156  depilogue.o(.text)
    BusFault_Handler                         0x08000775   Thumb Code     2  stm32f1xx_it.o(i.BusFault_Handler)
    DebugMon_Handler                         0x08000777   Thumb Code     2  stm32f1xx_it.o(i.DebugMon_Handler)
    HAL_DMA_Abort_IT                         0x08000779   Thumb Code   148  stm32f1xx_hal_dma.o(i.HAL_DMA_Abort_IT)
    HAL_Delay                                0x08000811   Thumb Code    32  stm32f1xx_hal.o(i.HAL_Delay)
    HAL_GPIO_Init                            0x08000835   Thumb Code   446  stm32f1xx_hal_gpio.o(i.HAL_GPIO_Init)
    HAL_GPIO_WritePin                        0x08000a15   Thumb Code    10  stm32f1xx_hal_gpio.o(i.HAL_GPIO_WritePin)
    HAL_GetTick                              0x08000a21   Thumb Code     6  stm32f1xx_hal.o(i.HAL_GetTick)
    HAL_IncTick                              0x08000a2d   Thumb Code    12  stm32f1xx_hal.o(i.HAL_IncTick)
    HAL_Init                                 0x08000a3d   Thumb Code    32  stm32f1xx_hal.o(i.HAL_Init)
    HAL_InitTick                             0x08000a61   Thumb Code    54  stm32f1xx_hal.o(i.HAL_InitTick)
    HAL_MspInit                              0x08000aa1   Thumb Code    52  stm32f1xx_hal_msp.o(i.HAL_MspInit)
    HAL_NVIC_EnableIRQ                       0x08000add   Thumb Code    26  stm32f1xx_hal_cortex.o(i.HAL_NVIC_EnableIRQ)
    HAL_NVIC_SetPriority                     0x08000af9   Thumb Code    60  stm32f1xx_hal_cortex.o(i.HAL_NVIC_SetPriority)
    HAL_NVIC_SetPriorityGrouping             0x08000b39   Thumb Code    26  stm32f1xx_hal_cortex.o(i.HAL_NVIC_SetPriorityGrouping)
    HAL_RCC_ClockConfig                      0x08000b5d   Thumb Code   280  stm32f1xx_hal_rcc.o(i.HAL_RCC_ClockConfig)
    HAL_RCC_GetPCLK1Freq                     0x08000c89   Thumb Code    20  stm32f1xx_hal_rcc.o(i.HAL_RCC_GetPCLK1Freq)
    HAL_RCC_GetPCLK2Freq                     0x08000ca9   Thumb Code    20  stm32f1xx_hal_rcc.o(i.HAL_RCC_GetPCLK2Freq)
    HAL_RCC_GetSysClockFreq                  0x08000cc9   Thumb Code    74  stm32f1xx_hal_rcc.o(i.HAL_RCC_GetSysClockFreq)
    HAL_RCC_MCOConfig                        0x08000d35   Thumb Code    64  stm32f1xx_hal_rcc.o(i.HAL_RCC_MCOConfig)
    HAL_RCC_OscConfig                        0x08000d7d   Thumb Code   778  stm32f1xx_hal_rcc.o(i.HAL_RCC_OscConfig)
    HAL_SYSTICK_Config                       0x0800109d   Thumb Code    40  stm32f1xx_hal_cortex.o(i.HAL_SYSTICK_Config)
    HAL_UART_ErrorCallback                   0x080010c5   Thumb Code     2  stm32f1xx_hal_uart.o(i.HAL_UART_ErrorCallback)
    HAL_UART_IRQHandler                      0x080010c9   Thumb Code   344  stm32f1xx_hal_uart.o(i.HAL_UART_IRQHandler)
    HAL_UART_Init                            0x08001225   Thumb Code    98  stm32f1xx_hal_uart.o(i.HAL_UART_Init)
    HAL_UART_MspInit                         0x08001289   Thumb Code   116  stm32f1xx_hal_msp.o(i.HAL_UART_MspInit)
    HAL_UART_Receive_IT                      0x08001309   Thumb Code    82  stm32f1xx_hal_uart.o(i.HAL_UART_Receive_IT)
    HAL_UART_RxCpltCallback                  0x0800135d   Thumb Code    60  uart.o(i.HAL_UART_RxCpltCallback)
    HAL_UART_Transmit                        0x080013b1   Thumb Code   178  stm32f1xx_hal_uart.o(i.HAL_UART_Transmit)
    HAL_UART_TxCpltCallback                  0x08001463   Thumb Code     2  stm32f1xx_hal_uart.o(i.HAL_UART_TxCpltCallback)
    HardFault_Handler                        0x08001465   Thumb Code     2  stm32f1xx_it.o(i.HardFault_Handler)
    MemManage_Handler                        0x080014ed   Thumb Code     2  stm32f1xx_it.o(i.MemManage_Handler)
    NMI_Handler                              0x080014ef   Thumb Code     2  stm32f1xx_it.o(i.NMI_Handler)
    SVC_Handler                              0x080014f1   Thumb Code     2  stm32f1xx_it.o(i.SVC_Handler)
    SysTick_Handler                          0x080014f3   Thumb Code    32  stm32f1xx_it.o(i.SysTick_Handler)
    SystemClock_Config                       0x08001513   Thumb Code    90  main.o(i.SystemClock_Config)
    SystemInit                               0x0800156d   Thumb Code     2  system_stm32f1xx.o(i.SystemInit)
    USART1_IRQHandler                        0x08001745   Thumb Code     6  stm32f1xx_it.o(i.USART1_IRQHandler)
    UsageFault_Handler                       0x08001751   Thumb Code     2  stm32f1xx_it.o(i.UsageFault_Handler)
    __0vsnprintf                             0x08001755   Thumb Code    40  printfa.o(i.__0vsnprintf)
    __1vsnprintf                             0x08001755   Thumb Code     0  printfa.o(i.__0vsnprintf)
    __2vsnprintf                             0x08001755   Thumb Code     0  printfa.o(i.__0vsnprintf)
    __c89vsnprintf                           0x08001755   Thumb Code     0  printfa.o(i.__0vsnprintf)
    vsnprintf                                0x08001755   Thumb Code     0  printfa.o(i.__0vsnprintf)
    __scatterload_copy                       0x080017a1   Thumb Code    14  handlers.o(i.__scatterload_copy)
    __scatterload_null                       0x080017af   Thumb Code     2  handlers.o(i.__scatterload_null)
    __scatterload_zeroinit                   0x080017b1   Thumb Code    14  handlers.o(i.__scatterload_zeroinit)
    get_current_task                         0x08002089   Thumb Code     6  task.o(i.get_current_task)
    help_func                                0x08002095   Thumb Code    46  shell.o(i.help_func)
    kernel_running                           0x080020f1   Thumb Code     6  scheduler.o(i.kernel_running)
    led0_task_entry                          0x080020fd   Thumb Code    36  main.o(i.led0_task_entry)
    led1_task_entry                          0x08002125   Thumb Code    36  main.o(i.led1_task_entry)
    led2_task_entry                          0x0800214d   Thumb Code    36  main.o(i.led2_task_entry)
    ls_func                                  0x08002175   Thumb Code     2  shell.o(i.ls_func)
    main                                     0x08002179   Thumb Code   224  main.o(i.main)
    ps_func                                  0x08002285   Thumb Code     2  shell.o(i.ps_func)
    shell_command                            0x08002289   Thumb Code    48  shell.o(i.shell_command)
    update_priority_list                     0x080022c5   Thumb Code    70  scheduler.o(i.update_priority_list)
    xd_console_output                        0x08002315   Thumb Code    62  uart.o(i.xd_console_output)
    xd_find_task                             0x08002359   Thumb Code    24  scheduler.o(i.xd_find_task)
    xd_interrupt_enter                       0x08002371   Thumb Code    22  irq.o(i.xd_interrupt_enter)
    xd_interrupt_leave                       0x0800238d   Thumb Code    22  irq.o(i.xd_interrupt_leave)
    xd_kprint_port                           0x080023a9   Thumb Code    14  uart.o(i.xd_kprint_port)
    xd_kprintf                               0x080023bd   Thumb Code    52  kservice.o(i.xd_kprintf)
    xd_list_init                             0x080023f5   Thumb Code     6  list.o(i.xd_list_init)
    xd_list_insert_after                     0x080023fb   Thumb Code    14  list.o(i.xd_list_insert_after)
    xd_list_insert_before                    0x08002409   Thumb Code    12  list.o(i.xd_list_insert_before)
    xd_list_isempty                          0x08002415   Thumb Code    14  list.o(i.xd_list_isempty)
    xd_list_remove                           0x08002423   Thumb Code    18  list.o(i.xd_list_remove)
    xd_printf                                0x08002435   Thumb Code    28  uart.o(i.xd_printf)
    xd_scheduler                             0x08002455   Thumb Code    54  scheduler.o(i.xd_scheduler)
    xd_scheduler_insert_task                 0x08002495   Thumb Code    60  scheduler.o(i.xd_scheduler_insert_task)
    xd_scheduler_remove_task                 0x080024dd   Thumb Code    28  scheduler.o(i.xd_scheduler_remove_task)
    xd_sem_init                              0x080024f9   Thumb Code    24  sem.o(i.xd_sem_init)
    xd_sem_release                           0x08002511   Thumb Code    32  sem.o(i.xd_sem_release)
    xd_sem_take                              0x08002531   Thumb Code    54  sem.o(i.xd_sem_take)
    xd_show_logo                             0x08002569   Thumb Code    96  shell.o(i.xd_show_logo)
    xd_stack_init                            0x08002761   Thumb Code    50  cpuport.o(i.xd_stack_init)
    xd_system_scheduler_init                 0x08002799   Thumb Code    46  scheduler.o(i.xd_system_scheduler_init)
    xd_system_scheduler_start                0x080027d1   Thumb Code    38  scheduler.o(i.xd_system_scheduler_start)
    xd_system_timer_init                     0x08002801   Thumb Code     6  clock.o(i.xd_system_timer_init)
    xd_task_delay                            0x0800280d   Thumb Code    52  task.o(i.xd_task_delay)
    xd_task_idle_entry                       0x08002845   Thumb Code    10  task.o(i.xd_task_idle_entry)
    xd_task_idle_init                        0x08002855   Thumb Code    40  task.o(i.xd_task_idle_init)
    xd_task_init                             0x08002889   Thumb Code    96  task.o(i.xd_task_init)
    xd_task_resume                           0x080028ed   Thumb Code    58  task.o(i.xd_task_resume)
    xd_task_shell_entry                      0x0800292d   Thumb Code    28  shell.o(i.xd_task_shell_entry)
    xd_task_shell_init                       0x08002959   Thumb Code    68  shell.o(i.xd_task_shell_init)
    xd_task_startup                          0x080029b1   Thumb Code    24  task.o(i.xd_task_startup)
    xd_task_suspend                          0x080029c9   Thumb Code    60  task.o(i.xd_task_suspend)
    xd_task_timeout                          0x08002a05   Thumb Code    14  task.o(i.xd_task_timeout)
    xd_task_yield                            0x08002a15   Thumb Code    68  task.o(i.xd_task_yield)
    xd_tick_increase                         0x08002a61   Thumb Code    44  clock.o(i.xd_tick_increase)
    xd_timer_check                           0x08002a91   Thumb Code    72  clock.o(i.xd_timer_check)
    xd_timer_init                            0x08002add   Thumb Code    14  clock.o(i.xd_timer_init)
    xd_timer_set                             0x08002aeb   Thumb Code     6  clock.o(i.xd_timer_set)
    xd_timer_start                           0x08002af1   Thumb Code    86  clock.o(i.xd_timer_start)
    xd_timer_stop                            0x08002b4d   Thumb Code    26  clock.o(i.xd_timer_stop)
    AHBPrescTable                            0x08002b66   Data          16  system_stm32f1xx.o(.constdata)
    APBPrescTable                            0x08002b76   Data           8  system_stm32f1xx.o(.constdata)
    shellCommandList                         0x08002b80   Data          36  shell.o(.constdata)
    Region$$Table$$Base                      0x08002bec   Number         0  anon$$obj.o(Region$$Table)
    Region$$Table$$Limit                     0x08002c0c   Number         0  anon$$obj.o(Region$$Table)
    RxLine                                   0x20000000   Data           4  uart.o(.data)
    RxBuff                                   0x20000004   Data           1  main.o(.data)
    uwTickFreq                               0x20000008   Data           1  stm32f1xx_hal.o(.data)
    uwTickPrio                               0x2000000c   Data           4  stm32f1xx_hal.o(.data)
    uwTick                                   0x20000010   Data           4  stm32f1xx_hal.o(.data)
    SystemCoreClock                          0x20000014   Data           4  system_stm32f1xx.o(.data)
    xd_interrupt_nest                        0x20000024   Data           1  irq.o(.data)
    xd_current_priority                      0x20000028   Data           1  scheduler.o(.data)
    kernel_state                             0x20000029   Data           1  scheduler.o(.data)
    xd_task_ready_priority_group             0x2000002c   Data           4  scheduler.o(.data)
    xd_current_task                          0x20000030   Data           4  scheduler.o(.data)
    xd_idletask_ctr                          0x20000034   Data           4  task.o(.data)
    xd_interrupt_from_task                   0x20000038   Data           4  cpuport.o(.data)
    xd_interrupt_to_task                     0x2000003c   Data           4  cpuport.o(.data)
    xd_task_switch_interrupt_flag            0x20000040   Data           4  cpuport.o(.data)
    DataBuff                                 0x200000c4   Data         128  uart.o(.bss)
    huart1                                   0x20000144   Data          64  main.o(.bss)
    xd_led0_task                             0x20000184   Data          72  main.o(.bss)
    xd_led1_task                             0x200001cc   Data          72  main.o(.bss)
    xd_led2_task                             0x20000214   Data          72  main.o(.bss)
    xd_led0_task_stack                       0x2000025c   Data         512  main.o(.bss)
    xd_led1_task_stack                       0x2000045c   Data         512  main.o(.bss)
    xd_led2_task_stack                       0x2000065c   Data         512  main.o(.bss)
    xd_task_priority_table                   0x2000085c   Data         256  scheduler.o(.bss)
    xd_task_priority_list                    0x2000095c   Data          32  scheduler.o(.bss)
    idle                                     0x20000b7c   Data          72  task.o(.bss)
    shell_task                               0x20000e44   Data          72  shell.o(.bss)
    shell_sem                                0x20000e8c   Data          24  shell.o(.bss)
    __initial_sp                             0x200012a8   Data           0  startup_stm32f103xb.o(STACK)



==============================================================================

Memory Map of the image

  Image Entry point : 0x080000ed

  Load Region LR_IROM1 (Base: 0x08000000, Size: 0x00002c50, Max: 0x00020000, ABSOLUTE)

    Execution Region ER_IROM1 (Exec base: 0x08000000, Load base: 0x08000000, Size: 0x00002c0c, Max: 0x00020000, ABSOLUTE)

    Exec Addr    Load Addr    Size         Type   Attr      Idx    E Section Name        Object

    0x08000000   0x08000000   0x000000ec   Data   RO            3    RESET               startup_stm32f103xb.o
    0x080000ec   0x080000ec   0x00000000   Code   RO         2200  * .ARM.Collect$$$$00000000  mc_w.l(entry.o)
    0x080000ec   0x080000ec   0x00000004   Code   RO         2267    .ARM.Collect$$$$00000001  mc_w.l(entry2.o)
    0x080000f0   0x080000f0   0x00000004   Code   RO         2270    .ARM.Collect$$$$00000004  mc_w.l(entry5.o)
    0x080000f4   0x080000f4   0x00000000   Code   RO         2272    .ARM.Collect$$$$00000008  mc_w.l(entry7b.o)
    0x080000f4   0x080000f4   0x00000000   Code   RO         2274    .ARM.Collect$$$$0000000A  mc_w.l(entry8b.o)
    0x080000f4   0x080000f4   0x00000008   Code   RO         2275    .ARM.Collect$$$$0000000B  mc_w.l(entry9a.o)
    0x080000fc   0x080000fc   0x00000000   Code   RO         2277    .ARM.Collect$$$$0000000D  mc_w.l(entry10a.o)
    0x080000fc   0x080000fc   0x00000000   Code   RO         2279    .ARM.Collect$$$$0000000F  mc_w.l(entry11a.o)
    0x080000fc   0x080000fc   0x00000004   Code   RO         2268    .ARM.Collect$$$$00002712  mc_w.l(entry2.o)
    0x08000100   0x08000100   0x00000024   Code   RO            4    .text               startup_stm32f103xb.o
    0x08000124   0x08000124   0x000000c0   Code   RO         2106    .text               context_rvds.o
    0x080001e4   0x080001e4   0x00000020   Code   RO         2203    .text               mc_w.l(llushr.o)
    0x08000204   0x08000204   0x00000024   Code   RO         2205    .text               mc_w.l(memseta.o)
    0x08000228   0x08000228   0x0000001c   Code   RO         2207    .text               mc_w.l(strcmp.o)
    0x08000244   0x08000244   0x00000012   Code   RO         2209    .text               mc_w.l(strcpy.o)
    0x08000256   0x08000256   0x0000002c   Code   RO         2284    .text               mc_w.l(uidiv.o)
    0x08000282   0x08000282   0x00000062   Code   RO         2286    .text               mc_w.l(uldiv.o)
    0x080002e4   0x080002e4   0x00000000   Code   RO         2294    .text               mc_w.l(iusefp.o)
    0x080002e4   0x080002e4   0x0000014e   Code   RO         2295    .text               mf_w.l(dadd.o)
    0x08000432   0x08000432   0x000000e4   Code   RO         2297    .text               mf_w.l(dmul.o)
    0x08000516   0x08000516   0x000000de   Code   RO         2299    .text               mf_w.l(ddiv.o)
    0x080005f4   0x080005f4   0x00000030   Code   RO         2301    .text               mf_w.l(dfixul.o)
    0x08000624   0x08000624   0x00000030   Code   RO         2303    .text               mf_w.l(cdrcmple.o)
    0x08000654   0x08000654   0x00000024   Code   RO         2305    .text               mc_w.l(init.o)
    0x08000678   0x08000678   0x0000001e   Code   RO         2308    .text               mc_w.l(llshl.o)
    0x08000696   0x08000696   0x00000024   Code   RO         2310    .text               mc_w.l(llsshr.o)
    0x080006ba   0x080006ba   0x000000ba   Code   RO         2313    .text               mf_w.l(depilogue.o)
    0x08000774   0x08000774   0x00000002   Code   RO          273    i.BusFault_Handler  stm32f1xx_it.o
    0x08000776   0x08000776   0x00000002   Code   RO          274    i.DebugMon_Handler  stm32f1xx_it.o
    0x08000778   0x08000778   0x00000098   Code   RO         1164    i.HAL_DMA_Abort_IT  stm32f1xx_hal_dma.o
    0x08000810   0x08000810   0x00000024   Code   RO          791    i.HAL_Delay         stm32f1xx_hal.o
    0x08000834   0x08000834   0x000001e0   Code   RO         1099    i.HAL_GPIO_Init     stm32f1xx_hal_gpio.o
    0x08000a14   0x08000a14   0x0000000a   Code   RO         1103    i.HAL_GPIO_WritePin  stm32f1xx_hal_gpio.o
    0x08000a1e   0x08000a1e   0x00000002   PAD
    0x08000a20   0x08000a20   0x0000000c   Code   RO          795    i.HAL_GetTick       stm32f1xx_hal.o
    0x08000a2c   0x08000a2c   0x00000010   Code   RO          801    i.HAL_IncTick       stm32f1xx_hal.o
    0x08000a3c   0x08000a3c   0x00000024   Code   RO          802    i.HAL_Init          stm32f1xx_hal.o
    0x08000a60   0x08000a60   0x00000040   Code   RO          803    i.HAL_InitTick      stm32f1xx_hal.o
    0x08000aa0   0x08000aa0   0x0000003c   Code   RO          355    i.HAL_MspInit       stm32f1xx_hal_msp.o
    0x08000adc   0x08000adc   0x0000001a   Code   RO         1259    i.HAL_NVIC_EnableIRQ  stm32f1xx_hal_cortex.o
    0x08000af6   0x08000af6   0x00000002   PAD
    0x08000af8   0x08000af8   0x00000040   Code   RO         1265    i.HAL_NVIC_SetPriority  stm32f1xx_hal_cortex.o
    0x08000b38   0x08000b38   0x00000024   Code   RO         1266    i.HAL_NVIC_SetPriorityGrouping  stm32f1xx_hal_cortex.o
    0x08000b5c   0x08000b5c   0x0000012c   Code   RO          959    i.HAL_RCC_ClockConfig  stm32f1xx_hal_rcc.o
    0x08000c88   0x08000c88   0x00000020   Code   RO          966    i.HAL_RCC_GetPCLK1Freq  stm32f1xx_hal_rcc.o
    0x08000ca8   0x08000ca8   0x00000020   Code   RO          967    i.HAL_RCC_GetPCLK2Freq  stm32f1xx_hal_rcc.o
    0x08000cc8   0x08000cc8   0x0000006c   Code   RO          968    i.HAL_RCC_GetSysClockFreq  stm32f1xx_hal_rcc.o
    0x08000d34   0x08000d34   0x00000048   Code   RO          969    i.HAL_RCC_MCOConfig  stm32f1xx_hal_rcc.o
    0x08000d7c   0x08000d7c   0x00000320   Code   RO          971    i.HAL_RCC_OscConfig  stm32f1xx_hal_rcc.o
    0x0800109c   0x0800109c   0x00000028   Code   RO         1270    i.HAL_SYSTICK_Config  stm32f1xx_hal_cortex.o
    0x080010c4   0x080010c4   0x00000002   Code   RO          484    i.HAL_UART_ErrorCallback  stm32f1xx_hal_uart.o
    0x080010c6   0x080010c6   0x00000002   PAD
    0x080010c8   0x080010c8   0x0000015c   Code   RO          487    i.HAL_UART_IRQHandler  stm32f1xx_hal_uart.o
    0x08001224   0x08001224   0x00000062   Code   RO          488    i.HAL_UART_Init     stm32f1xx_hal_uart.o
    0x08001286   0x08001286   0x00000002   PAD
    0x08001288   0x08001288   0x00000080   Code   RO          357    i.HAL_UART_MspInit  stm32f1xx_hal_msp.o
    0x08001308   0x08001308   0x00000052   Code   RO          493    i.HAL_UART_Receive_IT  stm32f1xx_hal_uart.o
    0x0800135a   0x0800135a   0x00000002   PAD
    0x0800135c   0x0800135c   0x00000054   Code   RO           13    i.HAL_UART_RxCpltCallback  uart.o
    0x080013b0   0x080013b0   0x000000b2   Code   RO          496    i.HAL_UART_Transmit  stm32f1xx_hal_uart.o
    0x08001462   0x08001462   0x00000002   Code   RO          499    i.HAL_UART_TxCpltCallback  stm32f1xx_hal_uart.o
    0x08001464   0x08001464   0x00000002   Code   RO          275    i.HardFault_Handler  stm32f1xx_it.o
    0x08001466   0x08001466   0x00000002   PAD
    0x08001468   0x08001468   0x00000084   Code   RO          189    i.MX_GPIO_Init      main.o
    0x080014ec   0x080014ec   0x00000002   Code   RO          276    i.MemManage_Handler  stm32f1xx_it.o
    0x080014ee   0x080014ee   0x00000002   Code   RO          277    i.NMI_Handler       stm32f1xx_it.o
    0x080014f0   0x080014f0   0x00000002   Code   RO          279    i.SVC_Handler       stm32f1xx_it.o
    0x080014f2   0x080014f2   0x00000020   Code   RO          280    i.SysTick_Handler   stm32f1xx_it.o
    0x08001512   0x08001512   0x0000005a   Code   RO          190    i.SystemClock_Config  main.o
    0x0800156c   0x0800156c   0x00000002   Code   RO         1760    i.SystemInit        system_stm32f1xx.o
    0x0800156e   0x0800156e   0x00000010   Code   RO          501    i.UART_DMAAbortOnError  stm32f1xx_hal_uart.o
    0x0800157e   0x0800157e   0x0000001c   Code   RO          511    i.UART_EndRxTransfer  stm32f1xx_hal_uart.o
    0x0800159a   0x0800159a   0x0000008c   Code   RO          513    i.UART_Receive_IT   stm32f1xx_hal_uart.o
    0x08001626   0x08001626   0x00000002   PAD
    0x08001628   0x08001628   0x000000b8   Code   RO          514    i.UART_SetConfig    stm32f1xx_hal_uart.o
    0x080016e0   0x080016e0   0x00000064   Code   RO          515    i.UART_WaitOnFlagUntilTimeout  stm32f1xx_hal_uart.o
    0x08001744   0x08001744   0x0000000c   Code   RO          281    i.USART1_IRQHandler  stm32f1xx_it.o
    0x08001750   0x08001750   0x00000002   Code   RO          282    i.UsageFault_Handler  stm32f1xx_it.o
    0x08001752   0x08001752   0x00000002   PAD
    0x08001754   0x08001754   0x0000002c   Code   RO         2217    i.__0vsnprintf      mc_w.l(printfa.o)
    0x08001780   0x08001780   0x00000020   Code   RO         1272    i.__NVIC_SetPriority  stm32f1xx_hal_cortex.o
    0x080017a0   0x080017a0   0x0000000e   Code   RO         2317    i.__scatterload_copy  mc_w.l(handlers.o)
    0x080017ae   0x080017ae   0x00000002   Code   RO         2318    i.__scatterload_null  mc_w.l(handlers.o)
    0x080017b0   0x080017b0   0x0000000e   Code   RO         2319    i.__scatterload_zeroinit  mc_w.l(handlers.o)
    0x080017be   0x080017be   0x00000002   PAD
    0x080017c0   0x080017c0   0x00000184   Code   RO         2219    i._fp_digits        mc_w.l(printfa.o)
    0x08001944   0x08001944   0x000006dc   Code   RO         2220    i._printf_core      mc_w.l(printfa.o)
    0x08002020   0x08002020   0x00000024   Code   RO         2221    i._printf_post_padding  mc_w.l(printfa.o)
    0x08002044   0x08002044   0x0000002e   Code   RO         2222    i._printf_pre_padding  mc_w.l(printfa.o)
    0x08002072   0x08002072   0x00000016   Code   RO         2223    i._snputc           mc_w.l(printfa.o)
    0x08002088   0x08002088   0x0000000c   Code   RO         1964    i.get_current_task  task.o
    0x08002094   0x08002094   0x0000005c   Code   RO         2130    i.help_func         shell.o
    0x080020f0   0x080020f0   0x0000000c   Code   RO         1906    i.kernel_running    scheduler.o
    0x080020fc   0x080020fc   0x00000028   Code   RO          191    i.led0_task_entry   main.o
    0x08002124   0x08002124   0x00000028   Code   RO          192    i.led1_task_entry   main.o
    0x0800214c   0x0800214c   0x00000028   Code   RO          193    i.led2_task_entry   main.o
    0x08002174   0x08002174   0x00000002   Code   RO         2131    i.ls_func           shell.o
    0x08002176   0x08002176   0x00000002   PAD
    0x08002178   0x08002178   0x0000010c   Code   RO          194    i.main              main.o
    0x08002284   0x08002284   0x00000002   Code   RO         2132    i.ps_func           shell.o
    0x08002286   0x08002286   0x00000002   PAD
    0x08002288   0x08002288   0x0000003c   Code   RO         2133    i.shell_command     shell.o
    0x080022c4   0x080022c4   0x00000050   Code   RO         1907    i.update_priority_list  scheduler.o
    0x08002314   0x08002314   0x00000044   Code   RO           14    i.xd_console_output  uart.o
    0x08002358   0x08002358   0x00000018   Code   RO         1908    i.xd_find_task      scheduler.o
    0x08002370   0x08002370   0x0000001c   Code   RO         1849    i.xd_interrupt_enter  irq.o
    0x0800238c   0x0800238c   0x0000001c   Code   RO         1850    i.xd_interrupt_leave  irq.o
    0x080023a8   0x080023a8   0x00000014   Code   RO           15    i.xd_kprint_port    uart.o
    0x080023bc   0x080023bc   0x00000038   Code   RO         2076    i.xd_kprintf        kservice.o
    0x080023f4   0x080023f4   0x00000006   Code   RO         1870    i.xd_list_init      list.o
    0x080023fa   0x080023fa   0x0000000e   Code   RO         1871    i.xd_list_insert_after  list.o
    0x08002408   0x08002408   0x0000000c   Code   RO         1872    i.xd_list_insert_before  list.o
    0x08002414   0x08002414   0x0000000e   Code   RO         1873    i.xd_list_isempty   list.o
    0x08002422   0x08002422   0x00000012   Code   RO         1874    i.xd_list_remove    list.o
    0x08002434   0x08002434   0x00000020   Code   RO           16    i.xd_printf         uart.o
    0x08002454   0x08002454   0x00000040   Code   RO         1909    i.xd_scheduler      scheduler.o
    0x08002494   0x08002494   0x00000048   Code   RO         1910    i.xd_scheduler_insert_task  scheduler.o
    0x080024dc   0x080024dc   0x0000001c   Code   RO         1911    i.xd_scheduler_remove_task  scheduler.o
    0x080024f8   0x080024f8   0x00000018   Code   RO         2035    i.xd_sem_init       sem.o
    0x08002510   0x08002510   0x00000020   Code   RO         2036    i.xd_sem_release    sem.o
    0x08002530   0x08002530   0x00000036   Code   RO         2037    i.xd_sem_take       sem.o
    0x08002566   0x08002566   0x00000002   PAD
    0x08002568   0x08002568   0x000001f8   Code   RO         2134    i.xd_show_logo      shell.o
    0x08002760   0x08002760   0x00000038   Code   RO         2110    i.xd_stack_init     cpuport.o
    0x08002798   0x08002798   0x00000038   Code   RO         1912    i.xd_system_scheduler_init  scheduler.o
    0x080027d0   0x080027d0   0x00000030   Code   RO         1913    i.xd_system_scheduler_start  scheduler.o
    0x08002800   0x08002800   0x0000000c   Code   RO         1794    i.xd_system_timer_init  clock.o
    0x0800280c   0x0800280c   0x00000038   Code   RO         1965    i.xd_task_delay     task.o
    0x08002844   0x08002844   0x00000010   Code   RO         1966    i.xd_task_idle_entry  task.o
    0x08002854   0x08002854   0x00000034   Code   RO         1967    i.xd_task_idle_init  task.o
    0x08002888   0x08002888   0x00000064   Code   RO         1968    i.xd_task_init      task.o
    0x080028ec   0x080028ec   0x00000040   Code   RO         1969    i.xd_task_resume    task.o
    0x0800292c   0x0800292c   0x0000002c   Code   RO         2135    i.xd_task_shell_entry  shell.o
    0x08002958   0x08002958   0x00000058   Code   RO         2136    i.xd_task_shell_init  shell.o
    0x080029b0   0x080029b0   0x00000018   Code   RO         1970    i.xd_task_startup   task.o
    0x080029c8   0x080029c8   0x0000003c   Code   RO         1971    i.xd_task_suspend   task.o
    0x08002a04   0x08002a04   0x0000000e   Code   RO         1972    i.xd_task_timeout   task.o
    0x08002a12   0x08002a12   0x00000002   PAD
    0x08002a14   0x08002a14   0x0000004c   Code   RO         1973    i.xd_task_yield     task.o
    0x08002a60   0x08002a60   0x00000030   Code   RO         1796    i.xd_tick_increase  clock.o
    0x08002a90   0x08002a90   0x0000004c   Code   RO         1797    i.xd_timer_check    clock.o
    0x08002adc   0x08002adc   0x0000000e   Code   RO         1798    i.xd_timer_init     clock.o
    0x08002aea   0x08002aea   0x00000006   Code   RO         1799    i.xd_timer_set      clock.o
    0x08002af0   0x08002af0   0x0000005c   Code   RO         1800    i.xd_timer_start    clock.o
    0x08002b4c   0x08002b4c   0x0000001a   Code   RO         1801    i.xd_timer_stop     clock.o
    0x08002b66   0x08002b66   0x00000010   Data   RO         1761    .constdata          system_stm32f1xx.o
    0x08002b76   0x08002b76   0x00000008   Data   RO         1762    .constdata          system_stm32f1xx.o
    0x08002b7e   0x08002b7e   0x00000002   PAD
    0x08002b80   0x08002b80   0x00000024   Data   RO         2138    .constdata          shell.o
    0x08002ba4   0x08002ba4   0x00000047   Data   RO         2139    .conststring        shell.o
    0x08002beb   0x08002beb   0x00000001   PAD
    0x08002bec   0x08002bec   0x00000020   Data   RO         2315    Region$$Table       anon$$obj.o


    Execution Region RW_IRAM1 (Exec base: 0x20000000, Load base: 0x08002c0c, Size: 0x000012a8, Max: 0x00005000, ABSOLUTE)

    Exec Addr    Load Addr    Size         Type   Attr      Idx    E Section Name        Object

    0x20000000   0x08002c0c   0x00000004   Data   RW           18    .data               uart.o
    0x20000004   0x08002c10   0x00000001   Data   RW          197    .data               main.o
    0x20000005   0x08002c11   0x00000003   PAD
    0x20000008   0x08002c14   0x0000000c   Data   RW          809    .data               stm32f1xx_hal.o
    0x20000014   0x08002c20   0x00000004   Data   RW         1763    .data               system_stm32f1xx.o
    0x20000018   0x08002c24   0x0000000c   Data   RW         1802    .data               clock.o
    0x20000024   0x08002c30   0x00000001   Data   RW         1851    .data               irq.o
    0x20000025   0x08002c31   0x00000003   PAD
    0x20000028   0x08002c34   0x0000000c   Data   RW         1915    .data               scheduler.o
    0x20000034   0x08002c40   0x00000004   Data   RW         1975    .data               task.o
    0x20000038   0x08002c44   0x00000004   Data   RW         2111    .data               cpuport.o
    0x2000003c   0x08002c48   0x00000004   Data   RW         2112    .data               cpuport.o
    0x20000040   0x08002c4c   0x00000004   Data   RW         2113    .data               cpuport.o
    0x20000044        -       0x00000100   Zero   RW           17    .bss                uart.o
    0x20000144        -       0x00000718   Zero   RW          196    .bss                main.o
    0x2000085c        -       0x00000120   Zero   RW         1914    .bss                scheduler.o
    0x2000097c        -       0x00000248   Zero   RW         1974    .bss                task.o
    0x20000bc4        -       0x00000080   Zero   RW         2079    .bss                kservice.o
    0x20000c44        -       0x00000260   Zero   RW         2137    .bss                shell.o
    0x20000ea4   0x08002c50   0x00000004   PAD
    0x20000ea8        -       0x00000400   Zero   RW            1    STACK               startup_stm32f103xb.o


==============================================================================

Image component sizes


      Code (inc. data)   RO Data    RW Data    ZI Data      Debug   Object Name

       274         20          0         12          0       5421   clock.o
       192         28          0          0          0        720   context_rvds.o
        56          6          0         12          0       1624   cpuport.o
        56         12          0          1          0       1714   irq.o
        56          4          0          0        128       1229   kservice.o
        64          0          0          0          0       3077   list.o
       610         68          0          1       1816      30312   main.o
       384         58          0         12        288       5988   scheduler.o
       110          0          0          0          0       2313   sem.o
       792        502        107          0        608       4885   shell.o
        36          8        236          0       1024        844   startup_stm32f103xb.o
       164         28          0         12          0       6229   stm32f1xx_hal.o
       198         14          0          0          0      29195   stm32f1xx_hal_cortex.o
       152          4          0          0          0       1183   stm32f1xx_hal_dma.o
       490         34          0          0          0       3012   stm32f1xx_hal_gpio.o
       188         20          0          0          0       1693   stm32f1xx_hal_msp.o
      1344        108          0          0          0       6196   stm32f1xx_hal_rcc.o
      1178         10          0          0          0       9455   stm32f1xx_hal_uart.o
        58          6          0          0          0       4325   stm32f1xx_it.o
         2          0         24          4          0       1239   system_stm32f1xx.o
       474         46          0          4        584       6969   task.o
       204         40          0          4        256     400262   uart.o

    ----------------------------------------------------------------------
      7106       1016        402         68       4708     527885   Object Totals
         0          0         32          0          0          0   (incl. Generated)
        24          0          3          6          4          0   (incl. Padding)

    ----------------------------------------------------------------------

      Code (inc. data)   RO Data    RW Data    ZI Data      Debug   Library Member Name

         0          0          0          0          0          0   entry.o
         0          0          0          0          0          0   entry10a.o
         0          0          0          0          0          0   entry11a.o
         8          4          0          0          0          0   entry2.o
         4          0          0          0          0          0   entry5.o
         0          0          0          0          0          0   entry7b.o
         0          0          0          0          0          0   entry8b.o
         8          4          0          0          0          0   entry9a.o
        30          0          0          0          0          0   handlers.o
        36          8          0          0          0         68   init.o
         0          0          0          0          0          0   iusefp.o
        30          0          0          0          0         68   llshl.o
        36          0          0          0          0         68   llsshr.o
        32          0          0          0          0         68   llushr.o
        36          0          0          0          0        108   memseta.o
      2292         84          0          0          0        516   printfa.o
        28          0          0          0          0         76   strcmp.o
        18          0          0          0          0         68   strcpy.o
        44          0          0          0          0         80   uidiv.o
        98          0          0          0          0         92   uldiv.o
        48          0          0          0          0         68   cdrcmple.o
       334          0          0          0          0        148   dadd.o
       222          0          0          0          0        100   ddiv.o
       186          0          0          0          0        176   depilogue.o
        48          0          0          0          0         68   dfixul.o
       228          0          0          0          0         96   dmul.o

    ----------------------------------------------------------------------
      3768        100          0          0          0       1868   Library Totals
         2          0          0          0          0          0   (incl. Padding)

    ----------------------------------------------------------------------

      Code (inc. data)   RO Data    RW Data    ZI Data      Debug   Library Name

      2700        100          0          0          0       1212   mc_w.l
      1066          0          0          0          0        656   mf_w.l

    ----------------------------------------------------------------------
      3768        100          0          0          0       1868   Library Totals

    ----------------------------------------------------------------------

==============================================================================


      Code (inc. data)   RO Data    RW Data    ZI Data      Debug   

     10874       1116        402         68       4708     524133   Grand Totals
     10874       1116        402         68       4708     524133   ELF Image Totals
     10874       1116        402         68          0          0   ROM Totals

==============================================================================

    Total RO  Size (Code + RO Data)                11276 (  11.01kB)
    Total RW  Size (RW Data + ZI Data)              4776 (   4.66kB)
    Total ROM Size (Code + RO Data + RW Data)      11344 (  11.08kB)

==============================================================================

