Component: ARM Compiler 5.06 update 6 (build 750) Tool: armlink [4d35ed]

==============================================================================

Section Cross References

    startup_stm32f103xb.o(RESET) refers to startup_stm32f103xb.o(STACK) for __initial_sp
    startup_stm32f103xb.o(RESET) refers to startup_stm32f103xb.o(.text) for Reset_Handler
    startup_stm32f103xb.o(RESET) refers to stm32f1xx_it.o(i.NMI_Handler) for NMI_Handler
    startup_stm32f103xb.o(RESET) refers to stm32f1xx_it.o(i.HardFault_Handler) for HardFault_Handler
    startup_stm32f103xb.o(RESET) refers to stm32f1xx_it.o(i.MemManage_Handler) for MemManage_Handler
    startup_stm32f103xb.o(RESET) refers to stm32f1xx_it.o(i.BusFault_Handler) for BusFault_Handler
    startup_stm32f103xb.o(RESET) refers to stm32f1xx_it.o(i.UsageFault_Handler) for UsageFault_Handler
    startup_stm32f103xb.o(RESET) refers to stm32f1xx_it.o(i.SVC_Handler) for SVC_Handler
    startup_stm32f103xb.o(RESET) refers to stm32f1xx_it.o(i.DebugMon_Handler) for DebugMon_Handler
    startup_stm32f103xb.o(RESET) refers to context_rvds.o(.text) for PendSV_Handler
    startup_stm32f103xb.o(RESET) refers to stm32f1xx_it.o(i.SysTick_Handler) for SysTick_Handler
    startup_stm32f103xb.o(RESET) refers to stm32f1xx_it.o(i.USART1_IRQHandler) for USART1_IRQHandler
    startup_stm32f103xb.o(.text) refers to system_stm32f1xx.o(i.SystemInit) for SystemInit
    startup_stm32f103xb.o(.text) refers to entry.o(.ARM.Collect$$$$00000000) for __main
    main.o(i.HAL_UART_RxCpltCallback) refers to service.o(i.xd_printf) for xd_printf
    main.o(i.HAL_UART_RxCpltCallback) refers to stm32f1xx_hal_uart.o(i.HAL_UART_Receive_IT) for HAL_UART_Receive_IT
    main.o(i.HAL_UART_RxCpltCallback) refers to main.o(.data) for .data
    main.o(i.HAL_UART_RxCpltCallback) refers to main.o(.bss) for .bss
    main.o(i.HAL_UART_RxCpltCallback) refers to shell.o(.bss) for shell_sig
    main.o(i.MX_GPIO_Init) refers to stm32f1xx_hal_gpio.o(i.HAL_GPIO_WritePin) for HAL_GPIO_WritePin
    main.o(i.MX_GPIO_Init) refers to stm32f1xx_hal_gpio.o(i.HAL_GPIO_Init) for HAL_GPIO_Init
    main.o(i.SystemClock_Config) refers to memseta.o(.text) for __aeabi_memclr4
    main.o(i.SystemClock_Config) refers to stm32f1xx_hal_rcc.o(i.HAL_RCC_OscConfig) for HAL_RCC_OscConfig
    main.o(i.SystemClock_Config) refers to stm32f1xx_hal_rcc.o(i.HAL_RCC_ClockConfig) for HAL_RCC_ClockConfig
    main.o(i.SystemClock_Config) refers to stm32f1xx_hal_rcc.o(i.HAL_RCC_MCOConfig) for HAL_RCC_MCOConfig
    main.o(i.fputc) refers to stm32f1xx_hal_uart.o(i.HAL_UART_Transmit) for HAL_UART_Transmit
    main.o(i.fputc) refers to main.o(.bss) for .bss
    main.o(i.led0_task_entry) refers to scheduler.o(i.xd_scheduler) for xd_scheduler
    main.o(i.led0_task_entry) refers to stm32f1xx_hal_gpio.o(i.HAL_GPIO_WritePin) for HAL_GPIO_WritePin
    main.o(i.led0_task_entry) refers to task.o(i.xd_task_delay) for xd_task_delay
    main.o(i.led1_task_entry) refers to stm32f1xx_hal_gpio.o(i.HAL_GPIO_WritePin) for HAL_GPIO_WritePin
    main.o(i.led1_task_entry) refers to task.o(i.xd_task_delay) for xd_task_delay
    main.o(i.main) refers to stm32f1xx_hal.o(i.HAL_Init) for HAL_Init
    main.o(i.main) refers to main.o(i.SystemClock_Config) for SystemClock_Config
    main.o(i.main) refers to main.o(i.MX_GPIO_Init) for MX_GPIO_Init
    main.o(i.main) refers to stm32f1xx_hal_uart.o(i.HAL_UART_Init) for HAL_UART_Init
    main.o(i.main) refers to stm32f1xx_hal_uart.o(i.HAL_UART_Receive_IT) for HAL_UART_Receive_IT
    main.o(i.main) refers to context_rvds.o(.text) for xd_interrupt_disable
    main.o(i.main) refers to scheduler.o(i.xd_system_scheduler_init) for xd_system_scheduler_init
    main.o(i.main) refers to task.o(i.xd_task_idle_init) for xd_task_idle_init
    main.o(i.main) refers to shell.o(i.xd_task_shell_init) for xd_task_shell_init
    main.o(i.main) refers to task.o(i.xd_task_init) for xd_task_init
    main.o(i.main) refers to task.o(i.xd_task_startup) for xd_task_startup
    main.o(i.main) refers to scheduler.o(i.xd_system_scheduler_start) for xd_system_scheduler_start
    main.o(i.main) refers to main.o(.bss) for .bss
    main.o(i.main) refers to main.o(.data) for .data
    main.o(i.main) refers to system_stm32f1xx.o(.data) for SystemCoreClock
    main.o(i.main) refers to main.o(i.led0_task_entry) for led0_task_entry
    main.o(i.main) refers to main.o(i.led1_task_entry) for led1_task_entry
    stm32f1xx_it.o(i.SysTick_Handler) refers to stm32f1xx_hal.o(i.HAL_IncTick) for HAL_IncTick
    stm32f1xx_it.o(i.SysTick_Handler) refers to scheduler.o(i.kernel_running) for kernel_running
    stm32f1xx_it.o(i.SysTick_Handler) refers to irq.o(i.xd_interrupt_enter) for xd_interrupt_enter
    stm32f1xx_it.o(i.SysTick_Handler) refers to clock.o(i.xd_tick_increase) for xd_tick_increase
    stm32f1xx_it.o(i.SysTick_Handler) refers to irq.o(i.xd_interrupt_leave) for xd_interrupt_leave
[...]
    scheduler.o(i.xd_system_scheduler_init) refers to scheduler.o(.data) for .data
    scheduler.o(i.xd_system_scheduler_start) refers to scheduler.o(i.xd_find_task) for xd_find_task
    scheduler.o(i.xd_system_scheduler_start) refers to service.o(i.xd_printf) for xd_printf
    scheduler.o(i.xd_system_scheduler_start) refers to context_rvds.o(.text) for xd_context_switch_to
    scheduler.o(i.xd_system_scheduler_start) refers to scheduler.o(.data) for .data
    scheduler.o(i.xd_system_scheduler_start) refers to scheduler.o(.bss) for .bss
    task.o(i.xd_task_delay) refers to context_rvds.o(.text) for xd_interrupt_disable
    task.o(i.xd_task_delay) refers to scheduler.o(i.xd_scheduler) for xd_scheduler
    task.o(i.xd_task_delay) refers to scheduler.o(.data) for xd_current_task
    task.o(i.xd_task_idle_entry) refers to task.o(.data) for .data
    task.o(i.xd_task_idle_init) refers to task.o(i.xd_task_init) for xd_task_init
    task.o(i.xd_task_idle_init) refers to task.o(i.xd_task_startup) for xd_task_startup
    task.o(i.xd_task_idle_init) refers to task.o(.bss) for .bss
    task.o(i.xd_task_idle_init) refers to task.o(i.xd_task_idle_entry) for xd_task_idle_entry
    task.o(i.xd_task_init) refers to list.o(i.xd_list_init) for xd_list_init
    task.o(i.xd_task_init) refers to cpuport.o(i.xd_stack_init) for xd_stack_init
    task.o(i.xd_task_resume) refers to context_rvds.o(.text) for xd_interrupt_disable
    task.o(i.xd_task_resume) refers to scheduler.o(i.xd_scheduler_insert_task) for xd_scheduler_insert_task
    task.o(i.xd_task_startup) refers to task.o(i.xd_task_resume) for xd_task_resume
    task.o(i.xd_task_suspend) refers to context_rvds.o(.text) for xd_interrupt_disable
    task.o(i.xd_task_suspend) refers to list.o(i.xd_list_remove) for xd_list_remove
    task.o(i.xd_task_suspend) refers to scheduler.o(.data) for xd_task_ready_priority_group
    service.o(i.xd_console_output) refers to context_rvds.o(.text) for xd_interrupt_disable
    service.o(i.xd_console_output) refers to stm32f1xx_hal_uart.o(i.HAL_UART_Transmit) for HAL_UART_Transmit
    service.o(i.xd_console_output) refers to main.o(.bss) for huart1
    service.o(i.xd_printf) refers to printfa.o(i.__0vsnprintf) for vsnprintf
    service.o(i.xd_printf) refers to service.o(i.xd_console_output) for xd_console_output
    service.o(i.xd_printf) refers to service.o(.bss) for .bss
    sig.o(i.signal_handler) refers to context_rvds.o(.text) for xd_interrupt_disable
    sig.o(i.signal_handler) refers to task.o(i.xd_task_resume) for xd_task_resume
    sig.o(i.signal_handler) refers to scheduler.o(i.xd_scheduler) for xd_scheduler
    sig.o(i.signal_handler) refers to sig.o(.bss) for .bss
    sig.o(i.signal_init) refers to sig.o(.bss) for .bss
    context_rvds.o(.text) refers to cpuport.o(.data) for xd_task_switch_interrupt_flag
    context_rvds.o(.text) refers to cpuport.o(.data) for xd_interrupt_from_task
    context_rvds.o(.text) refers to cpuport.o(.data) for xd_interrupt_to_task
    shell.o(i.help_func) refers to service.o(i.xd_printf) for xd_printf
    shell.o(i.help_func) refers to shell.o(.constdata) for .constdata
    shell.o(i.shell_command) refers to strcmp.o(.text) for strcmp
    shell.o(i.shell_command) refers to shell.o(i.help_func) for help_func
    shell.o(i.shell_command) refers to main.o(.bss) for DataBuff
    shell.o(i.xd_show_logo) refers to service.o(i.xd_printf) for xd_printf
    shell.o(i.xd_task_shell_entry) refers to shell.o(i.shell_command) for shell_command
    shell.o(i.xd_task_shell_entry) refers to service.o(i.xd_printf) for xd_printf
    shell.o(i.xd_task_shell_entry) refers to task.o(i.xd_task_suspend) for xd_task_suspend
    shell.o(i.xd_task_shell_entry) refers to scheduler.o(i.xd_scheduler) for xd_scheduler
    shell.o(i.xd_task_shell_entry) refers to shell.o(.bss) for .bss
    shell.o(i.xd_task_shell_init) refers to task.o(i.xd_task_init) for xd_task_init
    shell.o(i.xd_task_shell_init) refers to sig.o(i.signal_init) for signal_init
    shell.o(i.xd_task_shell_init) refers to shell.o(i.xd_show_logo) for xd_show_logo
    shell.o(i.xd_task_shell_init) refers to task.o(i.xd_task_suspend) for xd_task_suspend
    shell.o(i.xd_task_shell_init) refers to shell.o(.bss) for .bss
    shell.o(i.xd_task_shell_init) refers to shell.o(i.xd_task_shell_entry) for xd_task_shell_entry
    shell.o(.constdata) refers to shell.o(.conststring) for .conststring
    shell.o(.constdata) refers to shell.o(i.ls_func) for ls_func
    shell.o(.constdata) refers to shell.o(i.ps_func) for ps_func
    shell.o(.constdata) refers to shell.o(i.help_func) for help_func
    entry.o(.ARM.Collect$$$$00000000) refers (Special) to entry10a.o(.ARM.Collect$$$$0000000D) for __rt_final_cpp
    entry.o(.ARM.Collect$$$$00000000) refers (Special) to entry11a.o(.ARM.Collect$$$$0000000F) for __rt_final_exit
    entry.o(.ARM.Collect$$$$00000000) refers (Special) to entry7b.o(.ARM.Collect$$$$00000008) for _main_clock
    entry.o(.ARM.Collect$$$$00000000) refers (Special) to entry8b.o(.ARM.Collect$$$$0000000A) for _main_cpp_init
    entry.o(.ARM.Collect$$$$00000000) refers (Special) to entry9a.o(.ARM.Collect$$$$0000000B) for _main_init
    entry.o(.ARM.Collect$$$$00000000) refers (Special) to entry5.o(.ARM.Collect$$$$00000004) for _main_scatterload
    entry.o(.ARM.Collect$$$$00000000) refers (Special) to entry2.o(.ARM.Collect$$$$00000001) for _main_stk
    printfa.o(i.__0fprintf) refers (Special) to iusefp.o(.text) for __I$use$fp
    printfa.o(i.__0fprintf) refers to printfa.o(i._printf_core) for _printf_core
    printfa.o(i.__0fprintf) refers to main.o(i.fputc) for fputc
    printfa.o(i.__0printf) refers (Special) to iusefp.o(.text) for __I$use$fp
    printfa.o(i.__0printf) refers to printfa.o(i._printf_core) for _printf_core
    printfa.o(i.__0printf) refers to main.o(i.fputc) for fputc
    printfa.o(i.__0printf) refers to stdout.o(.data) for __stdout
    printfa.o(i.__0snprintf) refers (Special) to iusefp.o(.text) for __I$use$fp
    printfa.o(i.__0snprintf) refers to printfa.o(i._printf_core) for _printf_core
    printfa.o(i.__0snprintf) refers to printfa.o(i._snputc) for _snputc
    printfa.o(i.__0sprintf) refers (Special) to iusefp.o(.text) for __I$use$fp
    printfa.o(i.__0sprintf) refers to printfa.o(i._printf_core) for _printf_core
    printfa.o(i.__0sprintf) refers to printfa.o(i._sputc) for _sputc
    printfa.o(i.__0vfprintf) refers (Special) to iusefp.o(.text) for __I$use$fp
    printfa.o(i.__0vfprintf) refers to printfa.o(i._printf_core) for _printf_core
    printfa.o(i.__0vfprintf) refers to main.o(i.fputc) for fputc
    printfa.o(i.__0vprintf) refers (Special) to iusefp.o(.text) for __I$use$fp
    printfa.o(i.__0vprintf) refers to printfa.o(i._printf_core) for _printf_core
    printfa.o(i.__0vprintf) refers to main.o(i.fputc) for fputc
    printfa.o(i.__0vprintf) refers to stdout.o(.data) for __stdout
    printfa.o(i.__0vsnprintf) refers (Special) to iusefp.o(.text) for __I$use$fp
    printfa.o(i.__0vsnprintf) refers to printfa.o(i._printf_core) for _printf_core
    printfa.o(i.__0vsnprintf) refers to printfa.o(i._snputc) for _snputc
    printfa.o(i.__0vsprintf) refers (Special) to iusefp.o(.text) for __I$use$fp
    printfa.o(i.__0vsprintf) refers to printfa.o(i._printf_core) for _printf_core
    printfa.o(i.__0vsprintf) refers to printfa.o(i._sputc) for _sputc
    printfa.o(i._fp_digits) refers (Special) to iusefp.o(.text) for __I$use$fp
    printfa.o(i._fp_digits) refers to dmul.o(.text) for __aeabi_dmul
    printfa.o(i._fp_digits) refers to ddiv.o(.text) for __aeabi_ddiv
    printfa.o(i._fp_digits) refers to cdrcmple.o(.text) for __aeabi_cdrcmple
    printfa.o(i._fp_digits) refers to dadd.o(.text) for __aeabi_dadd
    printfa.o(i._fp_digits) refers to dfixul.o(.text) for __aeabi_d2ulz
    printfa.o(i._fp_digits) refers to uldiv.o(.text) for __aeabi_uldivmod
    printfa.o(i._printf_core) refers (Special) to iusefp.o(.text) for __I$use$fp
    printfa.o(i._printf_core) refers to printfa.o(i._printf_pre_padding) for _printf_pre_padding
    printfa.o(i._printf_core) refers to uldiv.o(.text) for __aeabi_uldivmod
    printfa.o(i._printf_core) refers to printfa.o(i._printf_post_padding) for _printf_post_padding
    printfa.o(i._printf_core) refers to printfa.o(i._fp_digits) for _fp_digits
    printfa.o(i._printf_core) refers to uidiv.o(.text) for __aeabi_uidivmod
    printfa.o(i._printf_post_padding) refers (Special) to iusefp.o(.text) for __I$use$fp
    printfa.o(i._printf_pre_padding) refers (Special) to iusefp.o(.text) for __I$use$fp
    printfa.o(i._snputc) refers (Special) to iusefp.o(.text) for __I$use$fp
    printfa.o(i._sputc) refers (Special) to iusefp.o(.text) for __I$use$fp
    entry2.o(.ARM.Collect$$$$00000001) refers to entry2.o(.ARM.Collect$$$$00002712) for __lit__00000000
    entry2.o(.ARM.Collect$$$$00002712) refers to startup_stm32f103xb.o(STACK) for __initial_sp
    entry2.o(__vectab_stack_and_reset_area) refers to startup_stm32f103xb.o(STACK) for __initial_sp
    entry2.o(__vectab_stack_and_reset_area) refers to entry.o(.ARM.Collect$$$$00000000) for __main
    entry5.o(.ARM.Collect$$$$00000004) refers to init.o(.text) for __scatterload
    entry9a.o(.ARM.Collect$$$$0000000B) refers to main.o(i.main) for main
    entry9b.o(.ARM.Collect$$$$0000000C) refers to main.o(i.main) for main
    uldiv.o(.text) refers to llushr.o(.text) for __aeabi_llsr
    uldiv.o(.text) refers to llshl.o(.text) for __aeabi_llsl
    dadd.o(.text) refers to llshl.o(.text) for __aeabi_llsl
    dadd.o(.text) refers to llsshr.o(.text) for __aeabi_lasr
    dadd.o(.text) refers to depilogue.o(.text) for _double_epilogue
    dmul.o(.text) refers to depilogue.o(.text) for _double_epilogue
    ddiv.o(.text) refers to depilogue.o(.text) for _double_round
    dfixul.o(.text) refers to llushr.o(.text) for __aeabi_llsr
    dfixul.o(.text) refers to llshl.o(.text) for __aeabi_llsl
    init.o(.text) refers to entry5.o(.ARM.Collect$$$$00000004) for __main_after_scatterload
    depilogue.o(.text) refers to llshl.o(.text) for __aeabi_llsl
    depilogue.o(.text) refers to llushr.o(.text) for __aeabi_llsr


==============================================================================

Removing Unused input sections from the image.

    Removing startup_stm32f103xb.o(HEAP), (512 bytes).
    Removing main.o(.rev16_text), (4 bytes).
    Removing main.o(.revsh_text), (4 bytes).
    Removing main.o(.rrx_text), (6 bytes).
    Removing main.o(i.Error_Handler), (2 bytes).
    Removing main.o(i.delay), (10 bytes).
    Removing main.o(i.fputc), (24 bytes).
    Removing main.o(.data), (1 bytes).
    Removing main.o(.data), (1 bytes).
    Removing stm32f1xx_it.o(.rev16_text), (4 bytes).
    Removing stm32f1xx_it.o(.revsh_text), (4 bytes).
    Removing stm32f1xx_it.o(.rrx_text), (6 bytes).
    Removing stm32f1xx_it.o(i.PendSV_Handler), (2 bytes).
    Removing stm32f1xx_hal_msp.o(.rev16_text), (4 bytes).
    Removing stm32f1xx_hal_msp.o(.revsh_text), (4 bytes).
    Removing stm32f1xx_hal_msp.o(.rrx_text), (6 bytes).
    Removing stm32f1xx_hal_msp.o(i.HAL_UART_MspDeInit), (56 bytes).
    Removing stm32f1xx_hal_gpio_ex.o(.rev16_text), (4 bytes).
    Removing stm32f1xx_hal_gpio_ex.o(.revsh_text), (4 bytes).
    Removing stm32f1xx_hal_gpio_ex.o(.rrx_text), (6 bytes).
    Removing stm32f1xx_hal_gpio_ex.o(i.HAL_GPIOEx_ConfigEventout), (20 bytes).
    Removing stm32f1xx_hal_gpio_ex.o(i.HAL_GPIOEx_DisableEventout), (16 bytes).
    Removing stm32f1xx_hal_gpio_ex.o(i.HAL_GPIOEx_EnableEventout), (16 bytes).
    Removing stm32f1xx_hal_tim.o(.rev16_text), (4 bytes).
    Removing stm32f1xx_hal_tim.o(.revsh_text), (4 bytes).
    Removing stm32f1xx_hal_tim.o(.rrx_text), (6 bytes).
    Removing stm32f1xx_hal_tim_ex.o(.rev16_text), (4 bytes).
    Removing stm32f1xx_hal_tim_ex.o(.revsh_text), (4 bytes).
    Removing stm32f1xx_hal_tim_ex.o(.rrx_text), (6 bytes).
    Removing stm32f1xx_hal_uart.o(.rev16_text), (4 bytes).
    Removing stm32f1xx_hal_uart.o(.revsh_text), (4 bytes).
    Removing stm32f1xx_hal_uart.o(.rrx_text), (6 bytes).
    Removing stm32f1xx_hal_uart.o(i.HAL_HalfDuplex_EnableReceiver), (50 bytes).
    Removing stm32f1xx_hal_uart.o(i.HAL_HalfDuplex_EnableTransmitter), (50 bytes).
    Removing stm32f1xx_hal_uart.o(i.HAL_HalfDuplex_Init), (108 bytes).
    Removing stm32f1xx_hal_uart.o(i.HAL_LIN_Init), (128 bytes).
    Removing stm32f1xx_hal_uart.o(i.HAL_LIN_SendBreak), (46 bytes).
    Removing stm32f1xx_hal_uart.o(i.HAL_MultiProcessor_EnterMuteMode), (46 bytes).
    Removing stm32f1xx_hal_uart.o(i.HAL_MultiProcessor_ExitMuteMode), (46 bytes).
    Removing stm32f1xx_hal_uart.o(i.HAL_MultiProcessor_Init), (142 bytes).
    Removing stm32f1xx_hal_uart.o(i.HAL_UART_Abort), (138 bytes).
    Removing stm32f1xx_hal_uart.o(i.HAL_UART_AbortCpltCallback), (2 bytes).
    Removing stm32f1xx_hal_uart.o(i.HAL_UART_AbortReceive), (88 bytes).
    Removing stm32f1xx_hal_uart.o(i.HAL_UART_AbortReceiveCpltCallback), (2 bytes).
    Removing stm32f1xx_hal_uart.o(i.HAL_UART_AbortReceive_IT), (92 bytes).
    Removing stm32f1xx_hal_uart.o(i.HAL_UART_AbortTransmit), (78 bytes).
    Removing stm32f1xx_hal_uart.o(i.HAL_UART_AbortTransmitCpltCallback), (2 bytes).
    Removing stm32f1xx_hal_uart.o(i.HAL_UART_AbortTransmit_IT), (84 bytes).
    Removing stm32f1xx_hal_uart.o(i.HAL_UART_Abort_IT), (172 bytes).
    Removing stm32f1xx_hal_uart.o(i.HAL_UART_DMAPause), (102 bytes).
    Removing stm32f1xx_hal_uart.o(i.HAL_UART_DMAResume), (94 bytes).
    Removing stm32f1xx_hal_uart.o(i.HAL_UART_DMAStop), (88 bytes).
    Removing stm32f1xx_hal_uart.o(i.HAL_UART_DeInit), (50 bytes).
    Removing stm32f1xx_hal_uart.o(i.HAL_UART_GetError), (4 bytes).
    Removing stm32f1xx_hal_uart.o(i.HAL_UART_GetState), (10 bytes).
    Removing stm32f1xx_hal_uart.o(i.HAL_UART_MspDeInit), (2 bytes).
    Removing stm32f1xx_hal_uart.o(i.HAL_UART_MspInit), (2 bytes).
    Removing stm32f1xx_hal_uart.o(i.HAL_UART_Receive), (188 bytes).
    Removing stm32f1xx_hal_uart.o(i.HAL_UART_Receive_DMA), (152 bytes).
    Removing stm32f1xx_hal_uart.o(i.HAL_UART_RxCpltCallback), (2 bytes).
    Removing stm32f1xx_hal_uart.o(i.HAL_UART_RxHalfCpltCallback), (2 bytes).
    Removing stm32f1xx_hal_uart.o(i.HAL_UART_Transmit_DMA), (128 bytes).
    Removing stm32f1xx_hal_uart.o(i.HAL_UART_Transmit_IT), (62 bytes).
    Removing stm32f1xx_hal_uart.o(i.HAL_UART_TxHalfCpltCallback), (2 bytes).
    Removing stm32f1xx_hal_uart.o(i.UART_DMAError), (74 bytes).
    Removing stm32f1xx_hal_uart.o(i.UART_DMAReceiveCplt), (60 bytes).
    Removing stm32f1xx_hal_uart.o(i.UART_DMARxAbortCallback), (42 bytes).
    Removing stm32f1xx_hal_uart.o(i.UART_DMARxHalfCplt), (10 bytes).
    Removing stm32f1xx_hal_uart.o(i.UART_DMARxOnlyAbortCallback), (20 bytes).
    Removing stm32f1xx_hal_uart.o(i.UART_DMATransmitCplt), (46 bytes).
    Removing stm32f1xx_hal_uart.o(i.UART_DMATxAbortCallback), (42 bytes).
    Removing stm32f1xx_hal_uart.o(i.UART_DMATxHalfCplt), (10 bytes).
    Removing stm32f1xx_hal_uart.o(i.UART_DMATxOnlyAbortCallback), (20 bytes).
    Removing stm32f1xx_hal_uart.o(i.UART_EndTxTransfer), (18 bytes).
    Removing stm32f1xx_hal.o(.rev16_text), (4 bytes).
    Removing stm32f1xx_hal.o(.revsh_text), (4 bytes).
    Removing stm32f1xx_hal.o(.rrx_text), (6 bytes).
    Removing stm32f1xx_hal.o(i.HAL_DBGMCU_DisableDBGSleepMode), (16 bytes).
    Removing stm32f1xx_hal.o(i.HAL_DBGMCU_DisableDBGStandbyMode), (16 bytes).
    Removing stm32f1xx_hal.o(i.HAL_DBGMCU_DisableDBGStopMode), (16 bytes).
    Removing stm32f1xx_hal.o(i.HAL_DBGMCU_EnableDBGSleepMode), (16 bytes).
    Removing stm32f1xx_hal.o(i.HAL_DBGMCU_EnableDBGStandbyMode), (16 bytes).
    Removing stm32f1xx_hal.o(i.HAL_DBGMCU_EnableDBGStopMode), (16 bytes).
    Removing stm32f1xx_hal.o(i.HAL_DeInit), (32 bytes).
    Removing stm32f1xx_hal.o(i.HAL_Delay), (36 bytes).
    Removing stm32f1xx_hal.o(i.HAL_GetDEVID), (16 bytes).
    Removing stm32f1xx_hal.o(i.HAL_GetHalVersion), (8 bytes).
    Removing stm32f1xx_hal.o(i.HAL_GetREVID), (12 bytes).
    Removing stm32f1xx_hal.o(i.HAL_GetTickFreq), (12 bytes).
    Removing stm32f1xx_hal.o(i.HAL_GetTickPrio), (12 bytes).
    Removing stm32f1xx_hal.o(i.HAL_GetUIDw0), (12 bytes).
    Removing stm32f1xx_hal.o(i.HAL_GetUIDw1), (12 bytes).
    Removing stm32f1xx_hal.o(i.HAL_GetUIDw2), (12 bytes).
    Removing stm32f1xx_hal.o(i.HAL_MspDeInit), (2 bytes).
    Removing stm32f1xx_hal.o(i.HAL_MspInit), (2 bytes).
    Removing stm32f1xx_hal.o(i.HAL_ResumeTick), (14 bytes).
    Removing stm32f1xx_hal.o(i.HAL_SetTickFreq), (36 bytes).
    Removing stm32f1xx_hal.o(i.HAL_SuspendTick), (14 bytes).
    Removing stm32f1xx_hal_rcc.o(.rev16_text), (4 bytes).
    Removing stm32f1xx_hal_rcc.o(.revsh_text), (4 bytes).
    Removing stm32f1xx_hal_rcc.o(.rrx_text), (6 bytes).
    Removing stm32f1xx_hal_rcc.o(i.HAL_RCC_CSSCallback), (2 bytes).
    Removing stm32f1xx_hal_rcc.o(i.HAL_RCC_DeInit), (220 bytes).
    Removing stm32f1xx_hal_rcc.o(i.HAL_RCC_DisableCSS), (12 bytes).
    Removing stm32f1xx_hal_rcc.o(i.HAL_RCC_EnableCSS), (12 bytes).
    Removing stm32f1xx_hal_rcc.o(i.HAL_RCC_GetClockConfig), (64 bytes).
    Removing stm32f1xx_hal_rcc.o(i.HAL_RCC_GetHCLKFreq), (12 bytes).
    Removing stm32f1xx_hal_rcc.o(i.HAL_RCC_GetOscConfig), (144 bytes).
    Removing stm32f1xx_hal_rcc.o(i.HAL_RCC_NMI_IRQHandler), (24 bytes).
    Removing stm32f1xx_hal_rcc_ex.o(.rev16_text), (4 bytes).
    Removing stm32f1xx_hal_rcc_ex.o(.revsh_text), (4 bytes).
    Removing stm32f1xx_hal_rcc_ex.o(.rrx_text), (6 bytes).
    Removing stm32f1xx_hal_rcc_ex.o(i.HAL_RCCEx_GetPeriphCLKConfig), (44 bytes).
    Removing stm32f1xx_hal_rcc_ex.o(i.HAL_RCCEx_GetPeriphCLKFreq), (200 bytes).
    Removing stm32f1xx_hal_rcc_ex.o(i.HAL_RCCEx_PeriphCLKConfig), (236 bytes).
    Removing stm32f1xx_hal_gpio.o(.rev16_text), (4 bytes).
    Removing stm32f1xx_hal_gpio.o(.revsh_text), (4 bytes).
    Removing stm32f1xx_hal_gpio.o(.rrx_text), (6 bytes).
    Removing stm32f1xx_hal_gpio.o(i.HAL_GPIO_DeInit), (252 bytes).
    Removing stm32f1xx_hal_gpio.o(i.HAL_GPIO_EXTI_Callback), (2 bytes).
    Removing stm32f1xx_hal_gpio.o(i.HAL_GPIO_EXTI_IRQHandler), (24 bytes).
    Removing stm32f1xx_hal_gpio.o(i.HAL_GPIO_LockPin), (34 bytes).
    Removing stm32f1xx_hal_gpio.o(i.HAL_GPIO_ReadPin), (10 bytes).
    Removing stm32f1xx_hal_gpio.o(i.HAL_GPIO_TogglePin), (16 bytes).
    Removing stm32f1xx_hal_dma.o(.rev16_text), (4 bytes).
    Removing stm32f1xx_hal_dma.o(.revsh_text), (4 bytes).
    Removing stm32f1xx_hal_dma.o(.rrx_text), (6 bytes).
    Removing stm32f1xx_hal_dma.o(i.DMA_SetConfig), (42 bytes).
    Removing stm32f1xx_hal_dma.o(i.HAL_DMA_Abort), (70 bytes).
    Removing stm32f1xx_hal_dma.o(i.HAL_DMA_DeInit), (92 bytes).
    Removing stm32f1xx_hal_dma.o(i.HAL_DMA_GetError), (4 bytes).
    Removing stm32f1xx_hal_dma.o(i.HAL_DMA_GetState), (6 bytes).
    Removing stm32f1xx_hal_dma.o(i.HAL_DMA_IRQHandler), (340 bytes).
    Removing stm32f1xx_hal_dma.o(i.HAL_DMA_Init), (92 bytes).
    Removing stm32f1xx_hal_dma.o(i.HAL_DMA_PollForTransfer), (532 bytes).
    Removing stm32f1xx_hal_dma.o(i.HAL_DMA_RegisterCallback), (74 bytes).
    Removing stm32f1xx_hal_dma.o(i.HAL_DMA_Start), (80 bytes).
    Removing stm32f1xx_hal_dma.o(i.HAL_DMA_Start_IT), (112 bytes).
    Removing stm32f1xx_hal_dma.o(i.HAL_DMA_UnRegisterCallback), (82 bytes).
    Removing stm32f1xx_hal_cortex.o(.rev16_text), (4 bytes).
    Removing stm32f1xx_hal_cortex.o(.revsh_text), (4 bytes).
    Removing stm32f1xx_hal_cortex.o(.rrx_text), (6 bytes).
    Removing stm32f1xx_hal_cortex.o(i.HAL_NVIC_ClearPendingIRQ), (26 bytes).
    Removing stm32f1xx_hal_cortex.o(i.HAL_NVIC_DisableIRQ), (34 bytes).
    Removing stm32f1xx_hal_cortex.o(i.HAL_NVIC_GetActive), (36 bytes).
    Removing stm32f1xx_hal_cortex.o(i.HAL_NVIC_GetPendingIRQ), (36 bytes).
    Removing stm32f1xx_hal_cortex.o(i.HAL_NVIC_GetPriority), (82 bytes).
    Removing stm32f1xx_hal_cortex.o(i.HAL_NVIC_GetPriorityGrouping), (16 bytes).
    Removing stm32f1xx_hal_cortex.o(i.HAL_NVIC_SetPendingIRQ), (26 bytes).
    Removing stm32f1xx_hal_cortex.o(i.HAL_NVIC_SystemReset), (36 bytes).
    Removing stm32f1xx_hal_cortex.o(i.HAL_SYSTICK_CLKSourceConfig), (24 bytes).
    Removing stm32f1xx_hal_cortex.o(i.HAL_SYSTICK_Callback), (2 bytes).
    Removing stm32f1xx_hal_cortex.o(i.HAL_SYSTICK_IRQHandler), (8 bytes).
    Removing stm32f1xx_hal_pwr.o(.rev16_text), (4 bytes).
    Removing stm32f1xx_hal_pwr.o(.revsh_text), (4 bytes).
    Removing stm32f1xx_hal_pwr.o(.rrx_text), (6 bytes).
    Removing stm32f1xx_hal_pwr.o(i.HAL_PWR_ConfigPVD), (124 bytes).
    Removing stm32f1xx_hal_pwr.o(i.HAL_PWR_DeInit), (24 bytes).
    Removing stm32f1xx_hal_pwr.o(i.HAL_PWR_DisableBkUpAccess), (12 bytes).
    Removing stm32f1xx_hal_pwr.o(i.HAL_PWR_DisablePVD), (12 bytes).
    Removing stm32f1xx_hal_pwr.o(i.HAL_PWR_DisableSEVOnPend), (16 bytes).
    Removing stm32f1xx_hal_pwr.o(i.HAL_PWR_DisableSleepOnExit), (16 bytes).
    Removing stm32f1xx_hal_pwr.o(i.HAL_PWR_DisableWakeUpPin), (28 bytes).
    Removing stm32f1xx_hal_pwr.o(i.HAL_PWR_EnableBkUpAccess), (12 bytes).
    Removing stm32f1xx_hal_pwr.o(i.HAL_PWR_EnablePVD), (12 bytes).
    Removing stm32f1xx_hal_pwr.o(i.HAL_PWR_EnableSEVOnPend), (16 bytes).
    Removing stm32f1xx_hal_pwr.o(i.HAL_PWR_EnableSleepOnExit), (16 bytes).
    Removing stm32f1xx_hal_pwr.o(i.HAL_PWR_EnableWakeUpPin), (28 bytes).
    Removing stm32f1xx_hal_pwr.o(i.HAL_PWR_EnterSLEEPMode), (32 bytes).
    Removing stm32f1xx_hal_pwr.o(i.HAL_PWR_EnterSTANDBYMode), (32 bytes).
    Removing stm32f1xx_hal_pwr.o(i.HAL_PWR_EnterSTOPMode), (68 bytes).
    Removing stm32f1xx_hal_pwr.o(i.HAL_PWR_PVDCallback), (2 bytes).
    Removing stm32f1xx_hal_pwr.o(i.HAL_PWR_PVD_IRQHandler), (28 bytes).
    Removing stm32f1xx_hal_pwr.o(i.PWR_OverloadWfe), (6 bytes).
    Removing stm32f1xx_hal_flash.o(.rev16_text), (4 bytes).
    Removing stm32f1xx_hal_flash.o(.revsh_text), (4 bytes).
    Removing stm32f1xx_hal_flash.o(.rrx_text), (6 bytes).
    Removing stm32f1xx_hal_flash.o(i.FLASH_Program_HalfWord), (28 bytes).
    Removing stm32f1xx_hal_flash.o(i.FLASH_SetErrorCode), (92 bytes).
    Removing stm32f1xx_hal_flash.o(i.FLASH_WaitForLastOperation), (84 bytes).
    Removing stm32f1xx_hal_flash.o(i.HAL_FLASH_EndOfOperationCallback), (2 bytes).
    Removing stm32f1xx_hal_flash.o(i.HAL_FLASH_GetError), (12 bytes).
    Removing stm32f1xx_hal_flash.o(i.HAL_FLASH_IRQHandler), (264 bytes).
    Removing stm32f1xx_hal_flash.o(i.HAL_FLASH_Lock), (20 bytes).
    Removing stm32f1xx_hal_flash.o(i.HAL_FLASH_OB_Launch), (4 bytes).
    Removing stm32f1xx_hal_flash.o(i.HAL_FLASH_OB_Lock), (20 bytes).
    Removing stm32f1xx_hal_flash.o(i.HAL_FLASH_OB_Unlock), (36 bytes).
    Removing stm32f1xx_hal_flash.o(i.HAL_FLASH_OperationErrorCallback), (2 bytes).
    Removing stm32f1xx_hal_flash.o(i.HAL_FLASH_Program), (128 bytes).
    Removing stm32f1xx_hal_flash.o(i.HAL_FLASH_Program_IT), (100 bytes).
    Removing stm32f1xx_hal_flash.o(i.HAL_FLASH_Unlock), (40 bytes).
    Removing stm32f1xx_hal_flash.o(.bss), (32 bytes).
    Removing stm32f1xx_hal_flash_ex.o(.rev16_text), (4 bytes).
    Removing stm32f1xx_hal_flash_ex.o(.revsh_text), (4 bytes).
    Removing stm32f1xx_hal_flash_ex.o(.rrx_text), (6 bytes).
    Removing stm32f1xx_hal_flash_ex.o(i.FLASH_MassErase), (36 bytes).
    Removing stm32f1xx_hal_flash_ex.o(i.FLASH_OB_DisableWRP), (176 bytes).
    Removing stm32f1xx_hal_flash_ex.o(i.FLASH_OB_EnableWRP), (176 bytes).
    Removing stm32f1xx_hal_flash_ex.o(i.FLASH_OB_GetRDP), (24 bytes).
    Removing stm32f1xx_hal_flash_ex.o(i.FLASH_OB_RDP_LevelConfig), (100 bytes).
    Removing stm32f1xx_hal_flash_ex.o(i.FLASH_PageErase), (36 bytes).
    Removing stm32f1xx_hal_flash_ex.o(i.HAL_FLASHEx_Erase), (168 bytes).
    Removing stm32f1xx_hal_flash_ex.o(i.HAL_FLASHEx_Erase_IT), (84 bytes).
    Removing stm32f1xx_hal_flash_ex.o(i.HAL_FLASHEx_OBErase), (84 bytes).
    Removing stm32f1xx_hal_flash_ex.o(i.HAL_FLASHEx_OBGetConfig), (36 bytes).
    Removing stm32f1xx_hal_flash_ex.o(i.HAL_FLASHEx_OBGetUserData), (32 bytes).
    Removing stm32f1xx_hal_flash_ex.o(i.HAL_FLASHEx_OBProgram), (200 bytes).
    Removing stm32f1xx_hal_exti.o(.rev16_text), (4 bytes).
    Removing stm32f1xx_hal_exti.o(.revsh_text), (4 bytes).
    Removing stm32f1xx_hal_exti.o(.rrx_text), (6 bytes).
    Removing stm32f1xx_hal_exti.o(i.HAL_EXTI_ClearConfigLine), (104 bytes).
    Removing stm32f1xx_hal_exti.o(i.HAL_EXTI_ClearPending), (20 bytes).
    Removing stm32f1xx_hal_exti.o(i.HAL_EXTI_GenerateSWI), (20 bytes).
    Removing stm32f1xx_hal_exti.o(i.HAL_EXTI_GetConfigLine), (152 bytes).
    Removing stm32f1xx_hal_exti.o(i.HAL_EXTI_GetHandle), (12 bytes).
    Removing stm32f1xx_hal_exti.o(i.HAL_EXTI_GetPending), (24 bytes).
    Removing stm32f1xx_hal_exti.o(i.HAL_EXTI_IRQHandler), (36 bytes).
    Removing stm32f1xx_hal_exti.o(i.HAL_EXTI_RegisterCallback), (14 bytes).
    Removing stm32f1xx_hal_exti.o(i.HAL_EXTI_SetConfigLine), (164 bytes).
    Removing system_stm32f1xx.o(.rev16_text), (4 bytes).
    Removing system_stm32f1xx.o(.revsh_text), (4 bytes).
    Removing system_stm32f1xx.o(.rrx_text), (6 bytes).
    Removing system_stm32f1xx.o(i.SystemCoreClockUpdate), (104 bytes).
    Removing clock.o(.rev16_text), (4 bytes).
    Removing clock.o(.revsh_text), (4 bytes).
    Removing clock.o(.rrx_text), (6 bytes).
    Removing irq.o(.rev16_text), (4 bytes).
    Removing irq.o(.revsh_text), (4 bytes).
    Removing irq.o(.rrx_text), (6 bytes).
    Removing list.o(.rev16_text), (4 bytes).
    Removing list.o(.revsh_text), (4 bytes).
    Removing list.o(.rrx_text), (6 bytes).
    Removing list.o(i.xd_list_insert_after), (6 bytes).
    Removing scheduler.o(.rev16_text), (4 bytes).
    Removing scheduler.o(.revsh_text), (4 bytes).
    Removing scheduler.o(.rrx_text), (6 bytes).
    Removing scheduler.o(i.xd_scheduler_remove_task), (28 bytes).
    Removing task.o(.rev16_text), (4 bytes).
    Removing task.o(.revsh_text), (4 bytes).
    Removing task.o(.rrx_text), (6 bytes).
    Removing service.o(.rev16_text), (4 bytes).
    Removing service.o(.revsh_text), (4 bytes).
    Removing service.o(.rrx_text), (6 bytes).
    Removing sig.o(.rev16_text), (4 bytes).
    Removing sig.o(.revsh_text), (4 bytes).
    Removing sig.o(.rrx_text), (6 bytes).
    Removing cpuport.o(.rev16_text), (4 bytes).
    Removing cpuport.o(.revsh_text), (4 bytes).
    Removing cpuport.o(.rrx_text), (6 bytes).
    Removing shell.o(.rev16_text), (4 bytes).
    Removing shell.o(.revsh_text), (4 bytes).
    Removing shell.o(.rrx_text), (6 bytes).

252 unused section(s) (total 10214 bytes) removed from the image.

==============================================================================

Image Symbol Table

    Local Symbols

    Symbol Name                              Value     Ov Type        Size  Object(Section)

    ../Core/Src/main.c                       0x00000000   Number         0  main.o ABSOLUTE
    ../Core/Src/stm32f1xx_hal_msp.c          0x00000000   Number         0  stm32f1xx_hal_msp.o ABSOLUTE
    ../Core/Src/stm32f1xx_it.c               0x00000000   Number         0  stm32f1xx_it.o ABSOLUTE
    ../Core/Src/system_stm32f1xx.c           0x00000000   Number         0  system_stm32f1xx.o ABSOLUTE
    ../Drivers/STM32F1xx_HAL_Driver/Src/stm32f1xx_hal.c 0x00000000   Number         0  stm32f1xx_hal.o ABSOLUTE
    ../Drivers/STM32F1xx_HAL_Driver/Src/stm32f1xx_hal_cortex.c 0x00000000   Number         0  stm32f1xx_hal_cortex.o ABSOLUTE
    ../Drivers/STM32F1xx_HAL_Driver/Src/stm32f1xx_hal_dma.c 0x00000000   Number         0  stm32f1xx_hal_dma.o ABSOLUTE
    ../Drivers/STM32F1xx_HAL_Driver/Src/stm32f1xx_hal_exti.c 0x00000000   Number         0  stm32f1xx_hal_exti.o ABSOLUTE
    ../Drivers/STM32F1xx_HAL_Driver/Src/stm32f1xx_hal_flash.c 0x00000000   Number         0  stm32f1xx_hal_flash.o ABSOLUTE
    ../Drivers/STM32F1xx_HAL_Driver/Src/stm32f1xx_hal_flash_ex.c 0x00000000   Number         0  stm32f1xx_hal_flash_ex.o ABSOLUTE
    ../Drivers/STM32F1xx_HAL_Driver/Src/stm32f1xx_hal_gpio.c 0x00000000   Number         0  stm32f1xx_hal_gpio.o ABSOLUTE
    ../Drivers/STM32F1xx_HAL_Driver/Src/stm32f1xx_hal_gpio_ex.c 0x00000000   Number         0  stm32f1xx_hal_gpio_ex.o ABSOLUTE
    ../Drivers/STM32F1xx_HAL_Driver/Src/stm32f1xx_hal_pwr.c 0x00000000   Number         0  stm32f1xx_hal_pwr.o ABSOLUTE
    ../Drivers/STM32F1xx_HAL_Driver/Src/stm32f1xx_hal_rcc.c 0x00000000   Number         0  stm32f1xx_hal_rcc.o ABSOLUTE
    ../Drivers/STM32F1xx_HAL_Driver/Src/stm32f1xx_hal_rcc_ex.c 0x00000000   Number         0  stm32f1xx_hal_rcc_ex.o ABSOLUTE
    ../Drivers/STM32F1xx_HAL_Driver/Src/stm32f1xx_hal_tim.c 0x00000000   Number         0  stm32f1xx_hal_tim.o ABSOLUTE
    ../Drivers/STM32F1xx_HAL_Driver/Src/stm32f1xx_hal_tim_ex.c 0x00000000   Number         0  stm32f1xx_hal_tim_ex.o ABSOLUTE
    ../Drivers/STM32F1xx_HAL_Driver/Src/stm32f1xx_hal_uart.c 0x00000000   Number         0  stm32f1xx_hal_uart.o ABSOLUTE
    ../clib/microlib/division.c              0x00000000   Number         0  uidiv.o ABSOLUTE
    ../clib/microlib/division.c              0x00000000   Number         0  uldiv.o ABSOLUTE
    ../clib/microlib/init/entry.s            0x00000000   Number         0  entry9a.o ABSOLUTE
    ../clib/microlib/init/entry.s            0x00000000   Number         0  entry11a.o ABSOLUTE
    ../clib/microlib/init/entry.s            0x00000000   Number         0  entry10b.o ABSOLUTE
    ../clib/microlib/init/entry.s            0x00000000   Number         0  entry11b.o ABSOLUTE
    ../clib/microlib/init/entry.s            0x00000000   Number         0  entry10a.o ABSOLUTE
    ../clib/microlib/init/entry.s            0x00000000   Number         0  entry9b.o ABSOLUTE
    ../clib/microlib/init/entry.s            0x00000000   Number         0  entry8b.o ABSOLUTE
    ../clib/microlib/init/entry.s            0x00000000   Number         0  entry8a.o ABSOLUTE
    ../clib/microlib/init/entry.s            0x00000000   Number         0  entry7b.o ABSOLUTE
    ../clib/microlib/init/entry.s            0x00000000   Number         0  entry7a.o ABSOLUTE
    ../clib/microlib/init/entry.s            0x00000000   Number         0  entry5.o ABSOLUTE
    ../clib/microlib/init/entry.s            0x00000000   Number         0  entry2.o ABSOLUTE
    ../clib/microlib/init/entry.s            0x00000000   Number         0  entry.o ABSOLUTE
    ../clib/microlib/longlong.c              0x00000000   Number         0  llsshr.o ABSOLUTE
    ../clib/microlib/longlong.c              0x00000000   Number         0  llushr.o ABSOLUTE
    ../clib/microlib/longlong.c              0x00000000   Number         0  llshl.o ABSOLUTE
    ../clib/microlib/printf/printf.c         0x00000000   Number         0  printfa.o ABSOLUTE
    ../clib/microlib/stdio/streams.c         0x00000000   Number         0  stdout.o ABSOLUTE
    ../clib/microlib/string/memset.c         0x00000000   Number         0  memseta.o ABSOLUTE
    ../clib/microlib/string/strcmp.c         0x00000000   Number         0  strcmp.o ABSOLUTE
    ../clib/microlib/stubs.s                 0x00000000   Number         0  iusefp.o ABSOLUTE
    ../fplib/microlib/fpadd.c                0x00000000   Number         0  dadd.o ABSOLUTE
    ../fplib/microlib/fpdiv.c                0x00000000   Number         0  ddiv.o ABSOLUTE
    ../fplib/microlib/fpepilogue.c           0x00000000   Number         0  depilogue.o ABSOLUTE
    ../fplib/microlib/fpfix.c                0x00000000   Number         0  dfixul.o ABSOLUTE
    ../fplib/microlib/fpmul.c                0x00000000   Number         0  dmul.o ABSOLUTE
    ..\..\..\..\arch\cortex-m3\context_rvds.s 0x00000000   Number         0  context_rvds.o ABSOLUTE
    ..\..\..\..\arch\cortex-m3\cpuport.c     0x00000000   Number         0  cpuport.o ABSOLUTE
    ..\..\..\..\components\shell\shell.c     0x00000000   Number         0  shell.o ABSOLUTE
    ..\..\..\..\kernel\src\clock.c           0x00000000   Number         0  clock.o ABSOLUTE
    ..\..\..\..\kernel\src\irq.c             0x00000000   Number         0  irq.o ABSOLUTE
    ..\..\..\..\kernel\src\list.c            0x00000000   Number         0  list.o ABSOLUTE
    ..\..\..\..\kernel\src\scheduler.c       0x00000000   Number         0  scheduler.o ABSOLUTE
    ..\..\..\..\kernel\src\service.c         0x00000000   Number         0  service.o ABSOLUTE
    ..\..\..\..\kernel\src\sig.c             0x00000000   Number         0  sig.o ABSOLUTE
    ..\..\..\..\kernel\src\task.c            0x00000000   Number         0  task.o ABSOLUTE
    ..\Core\Src\main.c                       0x00000000   Number         0  main.o ABSOLUTE
    ..\Core\Src\stm32f1xx_hal_msp.c          0x00000000   Number         0  stm32f1xx_hal_msp.o ABSOLUTE
    ..\Core\Src\stm32f1xx_it.c               0x00000000   Number         0  stm32f1xx_it.o ABSOLUTE
    ..\Core\Src\system_stm32f1xx.c           0x00000000   Number         0  system_stm32f1xx.o ABSOLUTE
    ..\Drivers\STM32F1xx_HAL_Driver\Src\stm32f1xx_hal.c 0x00000000   Number         0  stm32f1xx_hal.o ABSOLUTE
    ..\Drivers\STM32F1xx_HAL_Driver\Src\stm32f1xx_hal_cortex.c 0x00000000   Number         0  stm32f1xx_hal_cortex.o ABSOLUTE
    ..\Drivers\STM32F1xx_HAL_Driver\Src\stm32f1xx_hal_dma.c 0x00000000   Number         0  stm32f1xx_hal_dma.o ABSOLUTE
    ..\Drivers\STM32F1xx_HAL_Driver\Src\stm32f1xx_hal_exti.c 0x00000000   Number         0  stm32f1xx_hal_exti.o ABSOLUTE
    ..\Drivers\STM32F1xx_HAL_Driver\Src\stm32f1xx_hal_flash.c 0x00000000   Number         0  stm32f1xx_hal_flash.o ABSOLUTE
    ..\Drivers\STM32F1xx_HAL_Driver\Src\stm32f1xx_hal_flash_ex.c 0x00000000   Number         0  stm32f1xx_hal_flash_ex.o ABSOLUTE
    ..\Drivers\STM32F1xx_HAL_Driver\Src\stm32f1xx_hal_gpio.c 0x00000000   Number         0  stm32f1xx_hal_gpio.o ABSOLUTE
    ..\Drivers\STM32F1xx_HAL_Driver\Src\stm32f1xx_hal_gpio_ex.c 0x00000000   Number         0  stm32f1xx_hal_gpio_ex.o ABSOLUTE
    ..\Drivers\STM32F1xx_HAL_Driver\Src\stm32f1xx_hal_pwr.c 0x00000000   Number         0  stm32f1xx_hal_pwr.o ABSOLUTE
    ..\Drivers\STM32F1xx_HAL_Driver\Src\stm32f1xx_hal_rcc.c 0x00000000   Number         0  stm32f1xx_hal_rcc.o ABSOLUTE
    ..\Drivers\STM32F1xx_HAL_Driver\Src\stm32f1xx_hal_rcc_ex.c 0x00000000   Number         0  stm32f1xx_hal_rcc_ex.o ABSOLUTE
    ..\Drivers\STM32F1xx_HAL_Driver\Src\stm32f1xx_hal_tim.c 0x00000000   Number         0  stm32f1xx_hal_tim.o ABSOLUTE
    ..\Drivers\STM32F1xx_HAL_Driver\Src\stm32f1xx_hal_tim_ex.c 0x00000000   Number         0  stm32f1xx_hal_tim_ex.o ABSOLUTE
    ..\Drivers\STM32F1xx_HAL_Driver\Src\stm32f1xx_hal_uart.c 0x00000000   Number         0  stm32f1xx_hal_uart.o ABSOLUTE
    ..\\..\\..\\..\\arch\\cortex-m3\\cpuport.c 0x00000000   Number         0  cpuport.o ABSOLUTE
    ..\\..\\..\\..\\components\\shell\\shell.c 0x00000000   Number         0  shell.o ABSOLUTE
    ..\\..\\..\\..\\kernel\\src\\clock.c     0x00000000   Number         0  clock.o ABSOLUTE
    ..\\..\\..\\..\\kernel\\src\\irq.c       0x00000000   Number         0  irq.o ABSOLUTE
    ..\\..\\..\\..\\kernel\\src\\list.c      0x00000000   Number         0  list.o ABSOLUTE
    ..\\..\\..\\..\\kernel\\src\\scheduler.c 0x00000000   Number         0  scheduler.o ABSOLUTE
    ..\\..\\..\\..\\kernel\\src\\service.c   0x00000000   Number         0  service.o ABSOLUTE
    ..\\..\\..\\..\\kernel\\src\\sig.c       0x00000000   Number         0  sig.o ABSOLUTE
    ..\\..\\..\\..\\kernel\\src\\task.c      0x00000000   Number         0  task.o ABSOLUTE
    cdrcmple.s                               0x00000000   Number         0  cdrcmple.o ABSOLUTE
    dc.s                                     0x00000000   Number         0  dc.o ABSOLUTE
    handlers.s                               0x00000000   Number         0  handlers.o ABSOLUTE
    init.s                                   0x00000000   Number         0  init.o ABSOLUTE
    startup_stm32f103xb.s                    0x00000000   Number         0  startup_stm32f103xb.o ABSOLUTE
    RESET                                    0x08000000   Section      236  startup_stm32f103xb.o(RESET)
    .ARM.Collect$$$$00000000                 0x080000ec   Section        0  entry.o(.ARM.Collect$$$$00000000)
    .ARM.Collect$$$$00000001                 0x080000ec   Section        4  entry2.o(.ARM.Collect$$$$00000001)
    .ARM.Collect$$$$00000004                 0x080000f0   Section        4  entry5.o(.ARM.Collect$$$$00000004)
    .ARM.Collect$$$$00000008                 0x080000f4   Section        0  entry7b.o(.ARM.Collect$$$$00000008)
    .ARM.Collect$$$$0000000A                 0x080000f4   Section        0  entry8b.o(.ARM.Collect$$$$0000000A)
    .ARM.Collect$$$$0000000B                 0x080000f4   Section        8  entry9a.o(.ARM.Collect$$$$0000000B)
    .ARM.Collect$$$$0000000D                 0x080000fc   Section        0  entry10a.o(.ARM.Collect$$$$0000000D)
    .ARM.Collect$$$$0000000F                 0x080000fc   Section        0  entry11a.o(.ARM.Collect$$$$0000000F)
    .ARM.Collect$$$$00002712                 0x080000fc   Section        4  entry2.o(.ARM.Collect$$$$00002712)
    __lit__00000000                          0x080000fc   Data           4  entry2.o(.ARM.Collect$$$$00002712)
    .text                                    0x08000100   Section       36  startup_stm32f103xb.o(.text)
    .text                                    0x08000124   Section      192  context_rvds.o(.text)
    .text                                    0x080001e4   Section        0  llushr.o(.text)
    .text                                    0x08000204   Section        0  memseta.o(.text)
    .text                                    0x08000228   Section        0  strcmp.o(.text)
    .text                                    0x08000244   Section        0  uidiv.o(.text)
    .text                                    0x08000270   Section        0  uldiv.o(.text)
    .text                                    0x080002d2   Section        0  dadd.o(.text)
    .text                                    0x080002d2   Section        0  iusefp.o(.text)
    .text                                    0x08000420   Section        0  dmul.o(.text)
    .text                                    0x08000504   Section        0  ddiv.o(.text)
    .text                                    0x080005e2   Section        0  dfixul.o(.text)
    .text                                    0x08000614   Section       48  cdrcmple.o(.text)
    .text                                    0x08000644   Section       36  init.o(.text)
    .text                                    0x08000668   Section        0  llshl.o(.text)
    .text                                    0x08000686   Section        0  llsshr.o(.text)
    .text                                    0x080006aa   Section        0  depilogue.o(.text)
    i.BusFault_Handler                       0x08000764   Section        0  stm32f1xx_it.o(i.BusFault_Handler)
    i.DebugMon_Handler                       0x08000766   Section        0  stm32f1xx_it.o(i.DebugMon_Handler)
    i.HAL_DMA_Abort_IT                       0x08000768   Section        0  stm32f1xx_hal_dma.o(i.HAL_DMA_Abort_IT)
    i.HAL_GPIO_Init                          0x08000800   Section        0  stm32f1xx_hal_gpio.o(i.HAL_GPIO_Init)
    i.HAL_GPIO_WritePin                      0x080009e0   Section        0  stm32f1xx_hal_gpio.o(i.HAL_GPIO_WritePin)
    i.HAL_GetTick                            0x080009ec   Section        0  stm32f1xx_hal.o(i.HAL_GetTick)
    i.HAL_IncTick                            0x080009f8   Section        0  stm32f1xx_hal.o(i.HAL_IncTick)
    i.HAL_Init                               0x08000a08   Section        0  stm32f1xx_hal.o(i.HAL_Init)
    i.HAL_InitTick                           0x08000a2c   Section        0  stm32f1xx_hal.o(i.HAL_InitTick)
    i.HAL_MspInit                            0x08000a6c   Section        0  stm32f1xx_hal_msp.o(i.HAL_MspInit)
    i.HAL_NVIC_EnableIRQ                     0x08000aa8   Section        0  stm32f1xx_hal_cortex.o(i.HAL_NVIC_EnableIRQ)
    i.HAL_NVIC_SetPriority                   0x08000ac4   Section        0  stm32f1xx_hal_cortex.o(i.HAL_NVIC_SetPriority)
    i.HAL_NVIC_SetPriorityGrouping           0x08000b04   Section        0  stm32f1xx_hal_cortex.o(i.HAL_NVIC_SetPriorityGrouping)
    i.HAL_RCC_ClockConfig                    0x08000b28   Section        0  stm32f1xx_hal_rcc.o(i.HAL_RCC_ClockConfig)
    i.HAL_RCC_GetPCLK1Freq                   0x08000c54   Section        0  stm32f1xx_hal_rcc.o(i.HAL_RCC_GetPCLK1Freq)
    i.HAL_RCC_GetPCLK2Freq                   0x08000c74   Section        0  stm32f1xx_hal_rcc.o(i.HAL_RCC_GetPCLK2Freq)
    i.HAL_RCC_GetSysClockFreq                0x08000c94   Section        0  stm32f1xx_hal_rcc.o(i.HAL_RCC_GetSysClockFreq)
    i.HAL_RCC_MCOConfig                      0x08000d00   Section        0  stm32f1xx_hal_rcc.o(i.HAL_RCC_MCOConfig)
    i.HAL_RCC_OscConfig                      0x08000d48   Section        0  stm32f1xx_hal_rcc.o(i.HAL_RCC_OscConfig)
    i.HAL_SYSTICK_Config                     0x08001068   Section        0  stm32f1xx_hal_cortex.o(i.HAL_SYSTICK_Config)
    i.HAL_UART_ErrorCallback                 0x08001090   Section        0  stm32f1xx_hal_uart.o(i.HAL_UART_ErrorCallback)
    i.HAL_UART_IRQHandler                    0x08001094   Section        0  stm32f1xx_hal_uart.o(i.HAL_UART_IRQHandler)
    i.HAL_UART_Init                          0x080011f0   Section        0  stm32f1xx_hal_uart.o(i.HAL_UART_Init)
    i.HAL_UART_MspInit                       0x08001254   Section        0  stm32f1xx_hal_msp.o(i.HAL_UART_MspInit)
    i.HAL_UART_Receive_IT                    0x080012d4   Section        0  stm32f1xx_hal_uart.o(i.HAL_UART_Receive_IT)
    i.HAL_UART_RxCpltCallback                0x08001328   Section        0  main.o(i.HAL_UART_RxCpltCallback)
    i.HAL_UART_Transmit                      0x08001378   Section        0  stm32f1xx_hal_uart.o(i.HAL_UART_Transmit)
    i.HAL_UART_TxCpltCallback                0x0800142a   Section        0  stm32f1xx_hal_uart.o(i.HAL_UART_TxCpltCallback)
    i.HardFault_Handler                      0x0800142c   Section        0  stm32f1xx_it.o(i.HardFault_Handler)
    i.MX_GPIO_Init                           0x08001430   Section        0  main.o(i.MX_GPIO_Init)
    MX_GPIO_Init                             0x08001431   Thumb Code   118  main.o(i.MX_GPIO_Init)
    i.MemManage_Handler                      0x080014b4   Section        0  stm32f1xx_it.o(i.MemManage_Handler)
    i.NMI_Handler                            0x080014b6   Section        0  stm32f1xx_it.o(i.NMI_Handler)
    i.SVC_Handler                            0x080014b8   Section        0  stm32f1xx_it.o(i.SVC_Handler)
    i.SysTick_Handler                        0x080014ba   Section        0  stm32f1xx_it.o(i.SysTick_Handler)
    i.SystemClock_Config                     0x080014da   Section        0  main.o(i.SystemClock_Config)
    i.SystemInit                             0x08001534   Section        0  system_stm32f1xx.o(i.SystemInit)
    i.UART_DMAAbortOnError                   0x08001536   Section        0  stm32f1xx_hal_uart.o(i.UART_DMAAbortOnError)
    UART_DMAAbortOnError                     0x08001537   Thumb Code    16  stm32f1xx_hal_uart.o(i.UART_DMAAbortOnError)
    i.UART_EndRxTransfer                     0x08001546   Section        0  stm32f1xx_hal_uart.o(i.UART_EndRxTransfer)
    UART_EndRxTransfer                       0x08001547   Thumb Code    28  stm32f1xx_hal_uart.o(i.UART_EndRxTransfer)
    i.UART_Receive_IT                        0x08001562   Section        0  stm32f1xx_hal_uart.o(i.UART_Receive_IT)
    UART_Receive_IT                          0x08001563   Thumb Code   140  stm32f1xx_hal_uart.o(i.UART_Receive_IT)
    i.UART_SetConfig                         0x080015f0   Section        0  stm32f1xx_hal_uart.o(i.UART_SetConfig)
    UART_SetConfig                           0x080015f1   Thumb Code   178  stm32f1xx_hal_uart.o(i.UART_SetConfig)
    i.UART_WaitOnFlagUntilTimeout            0x080016a8   Section        0  stm32f1xx_hal_uart.o(i.UART_WaitOnFlagUntilTimeout)
    UART_WaitOnFlagUntilTimeout              0x080016a9   Thumb Code   100  stm32f1xx_hal_uart.o(i.UART_WaitOnFlagUntilTimeout)
    i.USART1_IRQHandler                      0x0800170c   Section        0  stm32f1xx_it.o(i.USART1_IRQHandler)
    i.UsageFault_Handler                     0x08001718   Section        0  stm32f1xx_it.o(i.UsageFault_Handler)
    i.__0vsnprintf                           0x0800171c   Section        0  printfa.o(i.__0vsnprintf)
    i.__NVIC_SetPriority                     0x08001748   Section        0  stm32f1xx_hal_cortex.o(i.__NVIC_SetPriority)
    __NVIC_SetPriority                       0x08001749   Thumb Code    32  stm32f1xx_hal_cortex.o(i.__NVIC_SetPriority)
    i.__scatterload_copy                     0x08001768   Section       14  handlers.o(i.__scatterload_copy)
    i.__scatterload_null                     0x08001776   Section        2  handlers.o(i.__scatterload_null)
    i.__scatterload_zeroinit                 0x08001778   Section       14  handlers.o(i.__scatterload_zeroinit)
    i._fp_digits                             0x08001788   Section        0  printfa.o(i._fp_digits)
    _fp_digits                               0x08001789   Thumb Code   366  printfa.o(i._fp_digits)
    i._printf_core                           0x0800190c   Section        0  printfa.o(i._printf_core)
    _printf_core                             0x0800190d   Thumb Code  1744  printfa.o(i._printf_core)
    i._printf_post_padding                   0x08001fe8   Section        0  printfa.o(i._printf_post_padding)
    _printf_post_padding                     0x08001fe9   Thumb Code    36  printfa.o(i._printf_post_padding)
    i._printf_pre_padding                    0x0800200c   Section        0  printfa.o(i._printf_pre_padding)
    _printf_pre_padding                      0x0800200d   Thumb Code    46  printfa.o(i._printf_pre_padding)
    i._snputc                                0x0800203a   Section        0  printfa.o(i._snputc)
    _snputc                                  0x0800203b   Thumb Code    22  printfa.o(i._snputc)
    i.help_func                              0x08002050   Section        0  shell.o(i.help_func)
    i.kernel_running                         0x080020ac   Section        0  scheduler.o(i.kernel_running)
    i.led0_task_entry                        0x080020b8   Section        0  main.o(i.led0_task_entry)
    i.led1_task_entry                        0x080020e8   Section        0  main.o(i.led1_task_entry)
    i.ls_func                                0x08002110   Section        0  shell.o(i.ls_func)
    i.main                                   0x08002114   Section        0  main.o(i.main)
    i.ps_func                                0x080021e8   Section        0  shell.o(i.ps_func)
    i.shell_command                          0x080021ec   Section        0  shell.o(i.shell_command)
    i.signal_handler                         0x08002228   Section        0  sig.o(i.signal_handler)
    i.signal_init                            0x08002264   Section        0  sig.o(i.signal_init)
    i.xd_console_output                      0x0800227c   Section        0  service.o(i.xd_console_output)
    i.xd_find_task                           0x080022c0   Section        0  scheduler.o(i.xd_find_task)
    i.xd_interrupt_enter                     0x080022d8   Section        0  irq.o(i.xd_interrupt_enter)
    i.xd_interrupt_leave                     0x080022f4   Section        0  irq.o(i.xd_interrupt_leave)
    i.xd_list_init                           0x08002310   Section        0  list.o(i.xd_list_init)
    i.xd_list_insert_before                  0x08002316   Section        0  list.o(i.xd_list_insert_before)
    i.xd_list_remove                         0x08002322   Section        0  list.o(i.xd_list_remove)
    i.xd_printf                              0x08002334   Section        0  service.o(i.xd_printf)
    i.xd_scheduler                           0x08002354   Section        0  scheduler.o(i.xd_scheduler)
    i.xd_scheduler_insert_task               0x08002398   Section        0  scheduler.o(i.xd_scheduler_insert_task)
    i.xd_show_logo                           0x080023d4   Section        0  shell.o(i.xd_show_logo)
    i.xd_stack_init                          0x08002530   Section        0  cpuport.o(i.xd_stack_init)
    i.xd_system_scheduler_init               0x08002568   Section        0  scheduler.o(i.xd_system_scheduler_init)
    i.xd_system_scheduler_start              0x08002594   Section        0  scheduler.o(i.xd_system_scheduler_start)
    i.xd_task_delay                          0x080025f4   Section        0  task.o(i.xd_task_delay)
    i.xd_task_idle_entry                     0x08002624   Section        0  task.o(i.xd_task_idle_entry)
    i.xd_task_idle_init                      0x08002634   Section        0  task.o(i.xd_task_idle_init)
    i.xd_task_init                           0x08002668   Section        0  task.o(i.xd_task_init)
    i.xd_task_resume                         0x080026b2   Section        0  task.o(i.xd_task_resume)
    i.xd_task_shell_entry                    0x080026d8   Section        0  shell.o(i.xd_task_shell_entry)
    i.xd_task_shell_init                     0x08002700   Section        0  shell.o(i.xd_task_shell_init)
    i.xd_task_startup                        0x08002750   Section        0  task.o(i.xd_task_startup)
    i.xd_task_suspend                        0x08002768   Section        0  task.o(i.xd_task_suspend)
    i.xd_tick_increase                       0x080027a0   Section        0  clock.o(i.xd_tick_increase)
    .constdata                               0x080027f8   Section       16  system_stm32f1xx.o(.constdata)
    .constdata                               0x08002808   Section        8  system_stm32f1xx.o(.constdata)
    .constdata                               0x08002810   Section       36  shell.o(.constdata)
    .conststring                             0x08002834   Section       71  shell.o(.conststring)
    .data                                    0x20000000   Section        8  main.o(.data)
    .data                                    0x20000008   Section       12  stm32f1xx_hal.o(.data)
    .data                                    0x20000014   Section        4  system_stm32f1xx.o(.data)
    .data                                    0x20000018   Section        4  clock.o(.data)
    xd_tick                                  0x20000018   Data           4  clock.o(.data)
    .data                                    0x2000001c   Section        1  irq.o(.data)
    .data                                    0x20000020   Section       12  scheduler.o(.data)
    .data                                    0x2000002c   Section        4  task.o(.data)
    .data                                    0x20000030   Section        4  cpuport.o(.data)
    .data                                    0x20000034   Section        4  cpuport.o(.data)
    .data                                    0x20000038   Section        4  cpuport.o(.data)
    .bss                                     0x2000003c   Section     1304  main.o(.bss)
    .bss                                     0x20000554   Section      256  scheduler.o(.bss)
    .bss                                     0x20000654   Section      556  task.o(.bss)
    xd_task_stack                            0x20000654   Data         512  task.o(.bss)
    .bss                                     0x20000880   Section      128  service.o(.bss)
    xd_buf                                   0x20000880   Data         128  service.o(.bss)
    .bss                                     0x20000900   Section      512  sig.o(.bss)
    .bss                                     0x20000b00   Section      568  shell.o(.bss)
    xd_task_shell_stack                      0x20000b00   Data         512  shell.o(.bss)
    STACK                                    0x20000d38   Section     1024  startup_stm32f103xb.o(STACK)

    Global Symbols

    Symbol Name                              Value     Ov Type        Size  Object(Section)

    BuildAttributes$$THM_ISAv4$P$D$K$B$S$PE$A:L22UL41UL21$X:L11$S22US41US21$IEEE1$IW$USESV6$~STKCKD$USESV7$~SHL$OSPACE$ROPI$EBA8$MICROLIB$REQ8$PRES8$EABIv2 0x00000000   Number         0  anon$$obj.o ABSOLUTE
    __ARM_use_no_argv                        0x00000000   Number         0  main.o ABSOLUTE
    __cpp_initialize__aeabi_                  - Undefined Weak Reference
    __cxa_finalize                            - Undefined Weak Reference
    __decompress                              - Undefined Weak Reference
    _clock_init                               - Undefined Weak Reference
    _microlib_exit                            - Undefined Weak Reference
    __Vectors_Size                           0x000000ec   Number         0  startup_stm32f103xb.o ABSOLUTE
    __Vectors                                0x08000000   Data           4  startup_stm32f103xb.o(RESET)
    __Vectors_End                            0x080000ec   Data           0  startup_stm32f103xb.o(RESET)
    __main                                   0x080000ed   Thumb Code     0  entry.o(.ARM.Collect$$$$00000000)
    _main_stk                                0x080000ed   Thumb Code     0  entry2.o(.ARM.Collect$$$$00000001)
    _main_scatterload                        0x080000f1   Thumb Code     0  entry5.o(.ARM.Collect$$$$00000004)
    __main_after_scatterload                 0x080000f5   Thumb Code     0  entry5.o(.ARM.Collect$$$$00000004)
    _main_clock                              0x080000f5   Thumb Code     0  entry7b.o(.ARM.Collect$$$$00000008)
    _main_cpp_init                           0x080000f5   Thumb Code     0  entry8b.o(.ARM.Collect$$$$0000000A)
    _main_init                               0x080000f5   Thumb Code     0  entry9a.o(.ARM.Collect$$$$0000000B)
    __rt_final_cpp                           0x080000fd   Thumb Code     0  entry10a.o(.ARM.Collect$$$$0000000D)
    __rt_final_exit                          0x080000fd   Thumb Code     0  entry11a.o(.ARM.Collect$$$$0000000F)
    Reset_Handler                            0x08000101   Thumb Code     8  startup_stm32f103xb.o(.text)
    ADC1_2_IRQHandler                        0x0800011b   Thumb Code     0  startup_stm32f103xb.o(.text)
    CAN1_RX1_IRQHandler                      0x0800011b   Thumb Code     0  startup_stm32f103xb.o(.text)
    CAN1_SCE_IRQHandler                      0x0800011b   Thumb Code     0  startup_stm32f103xb.o(.text)
    DMA1_Channel1_IRQHandler                 0x0800011b   Thumb Code     0  startup_stm32f103xb.o(.text)
    DMA1_Channel2_IRQHandler                 0x0800011b   Thumb Code     0  startup_stm32f103xb.o(.text)
    DMA1_Channel3_IRQHandler                 0x0800011b   Thumb Code     0  startup_stm32f103xb.o(.text)
    DMA1_Channel4_IRQHandler                 0x0800011b   Thumb Code     0  startup_stm32f103xb.o(.text)
    DMA1_Channel5_IRQHandler                 0x0800011b   Thumb Code     0  startup_stm32f103xb.o(.text)
    DMA1_Channel6_IRQHandler                 0x0800011b   Thumb Code     0  startup_stm32f103xb.o(.text)
    DMA1_Channel7_IRQHandler                 0x0800011b   Thumb Code     0  startup_stm32f103xb.o(.text)
    EXTI0_IRQHandler                         0x0800011b   Thumb Code     0  startup_stm32f103xb.o(.text)
    EXTI15_10_IRQHandler                     0x0800011b   Thumb Code     0  startup_stm32f103xb.o(.text)
    EXTI1_IRQHandler                         0x0800011b   Thumb Code     0  startup_stm32f103xb.o(.text)
    EXTI2_IRQHandler                         0x0800011b   Thumb Code     0  startup_stm32f103xb.o(.text)
    EXTI3_IRQHandler                         0x0800011b   Thumb Code     0  startup_stm32f103xb.o(.text)
    EXTI4_IRQHandler                         0x0800011b   Thumb Code     0  startup_stm32f103xb.o(.text)
    EXTI9_5_IRQHandler                       0x0800011b   Thumb Code     0  startup_stm32f103xb.o(.text)
    FLASH_IRQHandler                         0x0800011b   Thumb Code     0  startup_stm32f103xb.o(.text)
    I2C1_ER_IRQHandler                       0x0800011b   Thumb Code     0  startup_stm32f103xb.o(.text)
    I2C1_EV_IRQHandler                       0x0800011b   Thumb Code     0  startup_stm32f103xb.o(.text)
    I2C2_ER_IRQHandler                       0x0800011b   Thumb Code     0  startup_stm32f103xb.o(.text)
    I2C2_EV_IRQHandler                       0x0800011b   Thumb Code     0  startup_stm32f103xb.o(.text)
    PVD_IRQHandler                           0x0800011b   Thumb Code     0  startup_stm32f103xb.o(.text)
    RCC_IRQHandler                           0x0800011b   Thumb Code     0  startup_stm32f103xb.o(.text)
    RTC_Alarm_IRQHandler                     0x0800011b   Thumb Code     0  startup_stm32f103xb.o(.text)
    RTC_IRQHandler                           0x0800011b   Thumb Code     0  startup_stm32f103xb.o(.text)
    SPI1_IRQHandler                          0x0800011b   Thumb Code     0  startup_stm32f103xb.o(.text)
    SPI2_IRQHandler                          0x0800011b   Thumb Code     0  startup_stm32f103xb.o(.text)
    TAMPER_IRQHandler                        0x0800011b   Thumb Code     0  startup_stm32f103xb.o(.text)
    TIM1_BRK_IRQHandler                      0x0800011b   Thumb Code     0  startup_stm32f103xb.o(.text)
    TIM1_CC_IRQHandler                       0x0800011b   Thumb Code     0  startup_stm32f103xb.o(.text)
    TIM1_TRG_COM_IRQHandler                  0x0800011b   Thumb Code     0  startup_stm32f103xb.o(.text)
    TIM1_UP_IRQHandler                       0x0800011b   Thumb Code     0  startup_stm32f103xb.o(.text)
    TIM2_IRQHandler                          0x0800011b   Thumb Code     0  startup_stm32f103xb.o(.text)
    TIM3_IRQHandler                          0x0800011b   Thumb Code     0  startup_stm32f103xb.o(.text)
    TIM4_IRQHandler                          0x0800011b   Thumb Code     0  startup_stm32f103xb.o(.text)
    USART2_IRQHandler                        0x0800011b   Thumb Code     0  startup_stm32f103xb.o(.text)
    USART3_IRQHandler                        0x0800011b   Thumb Code     0  startup_stm32f103xb.o(.text)
    USBWakeUp_IRQHandler                     0x0800011b   Thumb Code     0  startup_stm32f103xb.o(.text)
    USB_HP_CAN1_TX_IRQHandler                0x0800011b   Thumb Code     0  startup_stm32f103xb.o(.text)
    USB_LP_CAN1_RX0_IRQHandler               0x0800011b   Thumb Code     0  startup_stm32f103xb.o(.text)
    WWDG_IRQHandler                          0x0800011b   Thumb Code     0  startup_stm32f103xb.o(.text)
    xd_interrupt_disable                     0x08000125   Thumb Code     8  context_rvds.o(.text)
    xd_interrupt_enable                      0x0800012d   Thumb Code     6  context_rvds.o(.text)
    xd_context_switch                        0x08000133   Thumb Code    32  context_rvds.o(.text)
    PendSV_Handler                           0x08000153   Thumb Code    60  context_rvds.o(.text)
    xd_context_switch_to                     0x0800018f   Thumb Code    56  context_rvds.o(.text)
    xd_interrupt_task_switch                 0x080001c7   Thumb Code     2  context_rvds.o(.text)
    __aeabi_llsr                             0x080001e5   Thumb Code    32  llushr.o(.text)
    _ll_ushift_r                             0x080001e5   Thumb Code     0  llushr.o(.text)
    __aeabi_memset                           0x08000205   Thumb Code    14  memseta.o(.text)
    __aeabi_memset4                          0x08000205   Thumb Code     0  memseta.o(.text)
    __aeabi_memset8                          0x08000205   Thumb Code     0  memseta.o(.text)
    __aeabi_memclr                           0x08000213   Thumb Code     4  memseta.o(.text)
    __aeabi_memclr4                          0x08000213   Thumb Code     0  memseta.o(.text)
    __aeabi_memclr8                          0x08000213   Thumb Code     0  memseta.o(.text)
    _memset$wrapper                          0x08000217   Thumb Code    18  memseta.o(.text)
    strcmp                                   0x08000229   Thumb Code    28  strcmp.o(.text)
    __aeabi_uidiv                            0x08000245   Thumb Code     0  uidiv.o(.text)
    __aeabi_uidivmod                         0x08000245   Thumb Code    44  uidiv.o(.text)
    __aeabi_uldivmod                         0x08000271   Thumb Code    98  uldiv.o(.text)
    __I$use$fp                               0x080002d3   Thumb Code     0  iusefp.o(.text)
    __aeabi_dadd                             0x080002d3   Thumb Code   322  dadd.o(.text)
    __aeabi_dsub                             0x08000415   Thumb Code     6  dadd.o(.text)
    __aeabi_drsub                            0x0800041b   Thumb Code     6  dadd.o(.text)
    __aeabi_dmul                             0x08000421   Thumb Code   228  dmul.o(.text)
    __aeabi_ddiv                             0x08000505   Thumb Code   222  ddiv.o(.text)
    __aeabi_d2ulz                            0x080005e3   Thumb Code    48  dfixul.o(.text)
    __aeabi_cdrcmple                         0x08000615   Thumb Code    48  cdrcmple.o(.text)
    __scatterload                            0x08000645   Thumb Code    28  init.o(.text)
    __scatterload_rt2                        0x08000645   Thumb Code     0  init.o(.text)
    __aeabi_llsl                             0x08000669   Thumb Code    30  llshl.o(.text)
    _ll_shift_l                              0x08000669   Thumb Code     0  llshl.o(.text)
    __aeabi_lasr                             0x08000687   Thumb Code    36  llsshr.o(.text)
    _ll_sshift_r                             0x08000687   Thumb Code     0  llsshr.o(.text)
    _double_round                            0x080006ab   Thumb Code    30  depilogue.o(.text)
    _double_epilogue                         0x080006c9   Thumb Code   156  depilogue.o(.text)
    BusFault_Handler                         0x08000765   Thumb Code     2  stm32f1xx_it.o(i.BusFault_Handler)
    DebugMon_Handler                         0x08000767   Thumb Code     2  stm32f1xx_it.o(i.DebugMon_Handler)
    HAL_DMA_Abort_IT                         0x08000769   Thumb Code   148  stm32f1xx_hal_dma.o(i.HAL_DMA_Abort_IT)
    HAL_GPIO_Init                            0x08000801   Thumb Code   446  stm32f1xx_hal_gpio.o(i.HAL_GPIO_Init)
    HAL_GPIO_WritePin                        0x080009e1   Thumb Code    10  stm32f1xx_hal_gpio.o(i.HAL_GPIO_WritePin)
    HAL_GetTick                              0x080009ed   Thumb Code     6  stm32f1xx_hal.o(i.HAL_GetTick)
    HAL_IncTick                              0x080009f9   Thumb Code    12  stm32f1xx_hal.o(i.HAL_IncTick)
    HAL_Init                                 0x08000a09   Thumb Code    32  stm32f1xx_hal.o(i.HAL_Init)
    HAL_InitTick                             0x08000a2d   Thumb Code    54  stm32f1xx_hal.o(i.HAL_InitTick)
    HAL_MspInit                              0x08000a6d   Thumb Code    52  stm32f1xx_hal_msp.o(i.HAL_MspInit)
    HAL_NVIC_EnableIRQ                       0x08000aa9   Thumb Code    26  stm32f1xx_hal_cortex.o(i.HAL_NVIC_EnableIRQ)
    HAL_NVIC_SetPriority                     0x08000ac5   Thumb Code    60  stm32f1xx_hal_cortex.o(i.HAL_NVIC_SetPriority)
    HAL_NVIC_SetPriorityGrouping             0x08000b05   Thumb Code    26  stm32f1xx_hal_cortex.o(i.HAL_NVIC_SetPriorityGrouping)
    HAL_RCC_ClockConfig                      0x08000b29   Thumb Code   280  stm32f1xx_hal_rcc.o(i.HAL_RCC_ClockConfig)
    HAL_RCC_GetPCLK1Freq                     0x08000c55   Thumb Code    20  stm32f1xx_hal_rcc.o(i.HAL_RCC_GetPCLK1Freq)
    HAL_RCC_GetPCLK2Freq                     0x08000c75   Thumb Code    20  stm32f1xx_hal_rcc.o(i.HAL_RCC_GetPCLK2Freq)
    HAL_RCC_GetSysClockFreq                  0x08000c95   Thumb Code    74  stm32f1xx_hal_rcc.o(i.HAL_RCC_GetSysClockFreq)
    HAL_RCC_MCOConfig                        0x08000d01   Thumb Code    64  stm32f1xx_hal_rcc.o(i.HAL_RCC_MCOConfig)
    HAL_RCC_OscConfig                        0x08000d49   Thumb Code   778  stm32f1xx_hal_rcc.o(i.HAL_RCC_OscConfig)
    HAL_SYSTICK_Config                       0x08001069   Thumb Code    40  stm32f1xx_hal_cortex.o(i.HAL_SYSTICK_Config)
    HAL_UART_ErrorCallback                   0x08001091   Thumb Code     2  stm32f1xx_hal_uart.o(i.HAL_UART_ErrorCallback)
    HAL_UART_IRQHandler                      0x08001095   Thumb Code   344  stm32f1xx_hal_uart.o(i.HAL_UART_IRQHandler)
    HAL_UART_Init                            0x080011f1   Thumb Code    98  stm32f1xx_hal_uart.o(i.HAL_UART_Init)
    HAL_UART_MspInit                         0x08001255   Thumb Code   116  stm32f1xx_hal_msp.o(i.HAL_UART_MspInit)
    HAL_UART_Receive_IT                      0x080012d5   Thumb Code    82  stm32f1xx_hal_uart.o(i.HAL_UART_Receive_IT)
    HAL_UART_RxCpltCallback                  0x08001329   Thumb Code    60  main.o(i.HAL_UART_RxCpltCallback)
    HAL_UART_Transmit                        0x08001379   Thumb Code   178  stm32f1xx_hal_uart.o(i.HAL_UART_Transmit)
    HAL_UART_TxCpltCallback                  0x0800142b   Thumb Code     2  stm32f1xx_hal_uart.o(i.HAL_UART_TxCpltCallback)
    HardFault_Handler                        0x0800142d   Thumb Code     2  stm32f1xx_it.o(i.HardFault_Handler)
    MemManage_Handler                        0x080014b5   Thumb Code     2  stm32f1xx_it.o(i.MemManage_Handler)
    NMI_Handler                              0x080014b7   Thumb Code     2  stm32f1xx_it.o(i.NMI_Handler)
    SVC_Handler                              0x080014b9   Thumb Code     2  stm32f1xx_it.o(i.SVC_Handler)
    SysTick_Handler                          0x080014bb   Thumb Code    32  stm32f1xx_it.o(i.SysTick_Handler)
    SystemClock_Config                       0x080014db   Thumb Code    90  main.o(i.SystemClock_Config)
    SystemInit                               0x08001535   Thumb Code     2  system_stm32f1xx.o(i.SystemInit)
    USART1_IRQHandler                        0x0800170d   Thumb Code     6  stm32f1xx_it.o(i.USART1_IRQHandler)
    UsageFault_Handler                       0x08001719   Thumb Code     2  stm32f1xx_it.o(i.UsageFault_Handler)
    __0vsnprintf                             0x0800171d   Thumb Code    40  printfa.o(i.__0vsnprintf)
    __1vsnprintf                             0x0800171d   Thumb Code     0  printfa.o(i.__0vsnprintf)
    __2vsnprintf                             0x0800171d   Thumb Code     0  printfa.o(i.__0vsnprintf)
    __c89vsnprintf                           0x0800171d   Thumb Code     0  printfa.o(i.__0vsnprintf)
    vsnprintf                                0x0800171d   Thumb Code     0  printfa.o(i.__0vsnprintf)
    __scatterload_copy                       0x08001769   Thumb Code    14  handlers.o(i.__scatterload_copy)
    __scatterload_null                       0x08001777   Thumb Code     2  handlers.o(i.__scatterload_null)
    __scatterload_zeroinit                   0x08001779   Thumb Code    14  handlers.o(i.__scatterload_zeroinit)
    help_func                                0x08002051   Thumb Code    46  shell.o(i.help_func)
    kernel_running                           0x080020ad   Thumb Code     6  scheduler.o(i.kernel_running)
    led0_task_entry                          0x080020b9   Thumb Code    42  main.o(i.led0_task_entry)
    led1_task_entry                          0x080020e9   Thumb Code    36  main.o(i.led1_task_entry)
    ls_func                                  0x08002111   Thumb Code     2  shell.o(i.ls_func)
    main                                     0x08002115   Thumb Code   178  main.o(i.main)
    ps_func                                  0x080021e9   Thumb Code     2  shell.o(i.ps_func)
    shell_command                            0x080021ed   Thumb Code    48  shell.o(i.shell_command)
    signal_handler                           0x08002229   Thumb Code    56  sig.o(i.signal_handler)
    signal_init                              0x08002265   Thumb Code    18  sig.o(i.signal_init)
    xd_console_output                        0x0800227d   Thumb Code    62  service.o(i.xd_console_output)
    xd_find_task                             0x080022c1   Thumb Code    24  scheduler.o(i.xd_find_task)
    xd_interrupt_enter                       0x080022d9   Thumb Code    22  irq.o(i.xd_interrupt_enter)
    xd_interrupt_leave                       0x080022f5   Thumb Code    22  irq.o(i.xd_interrupt_leave)
    xd_list_init                             0x08002311   Thumb Code     6  list.o(i.xd_list_init)
    xd_list_insert_before                    0x08002317   Thumb Code    12  list.o(i.xd_list_insert_before)
    xd_list_remove                           0x08002323   Thumb Code    18  list.o(i.xd_list_remove)
    xd_printf                                0x08002335   Thumb Code    28  service.o(i.xd_printf)
    xd_scheduler                             0x08002355   Thumb Code    58  scheduler.o(i.xd_scheduler)
    xd_scheduler_insert_task                 0x08002399   Thumb Code    50  scheduler.o(i.xd_scheduler_insert_task)
    xd_show_logo                             0x080023d5   Thumb Code    54  shell.o(i.xd_show_logo)
    xd_stack_init                            0x08002531   Thumb Code    50  cpuport.o(i.xd_stack_init)
    xd_system_scheduler_init                 0x08002569   Thumb Code    36  scheduler.o(i.xd_system_scheduler_init)
    xd_system_scheduler_start                0x08002595   Thumb Code    52  scheduler.o(i.xd_system_scheduler_start)
    xd_task_delay                            0x080025f5   Thumb Code    40  task.o(i.xd_task_delay)
    xd_task_idle_entry                       0x08002625   Thumb Code    10  task.o(i.xd_task_idle_entry)
    xd_task_idle_init                        0x08002635   Thumb Code    38  task.o(i.xd_task_idle_init)
    xd_task_init                             0x08002669   Thumb Code    74  task.o(i.xd_task_init)
    xd_task_resume                           0x080026b3   Thumb Code    36  task.o(i.xd_task_resume)
    xd_task_shell_entry                      0x080026d9   Thumb Code    28  shell.o(i.xd_task_shell_entry)
    xd_task_shell_init                       0x08002701   Thumb Code    68  shell.o(i.xd_task_shell_init)
    xd_task_startup                          0x08002751   Thumb Code    24  task.o(i.xd_task_startup)
    xd_task_suspend                          0x08002769   Thumb Code    52  task.o(i.xd_task_suspend)
    xd_tick_increase                         0x080027a1   Thumb Code    74  clock.o(i.xd_tick_increase)
    AHBPrescTable                            0x080027f8   Data          16  system_stm32f1xx.o(.constdata)
    APBPrescTable                            0x08002808   Data           8  system_stm32f1xx.o(.constdata)
    shellCommandList                         0x08002810   Data          36  shell.o(.constdata)
    Region$$Table$$Base                      0x0800287c   Number         0  anon$$obj.o(Region$$Table)
    Region$$Table$$Limit                     0x0800289c   Number         0  anon$$obj.o(Region$$Table)
    RxBuff                                   0x20000000   Data           1  main.o(.data)
    RxLine                                   0x20000004   Data           4  main.o(.data)
    uwTickFreq                               0x20000008   Data           1  stm32f1xx_hal.o(.data)
    uwTickPrio                               0x2000000c   Data           4  stm32f1xx_hal.o(.data)
    uwTick                                   0x20000010   Data           4  stm32f1xx_hal.o(.data)
    SystemCoreClock                          0x20000014   Data           4  system_stm32f1xx.o(.data)
    xd_interrupt_nest                        0x2000001c   Data           1  irq.o(.data)
    xd_current_priority                      0x20000020   Data           1  scheduler.o(.data)
    kernel_state                             0x20000021   Data           1  scheduler.o(.data)
    xd_task_ready_priority_group             0x20000024   Data           4  scheduler.o(.data)
    xd_current_task                          0x20000028   Data           4  scheduler.o(.data)
    xd_idletask_ctr                          0x2000002c   Data           4  task.o(.data)
    xd_interrupt_from_task                   0x20000030   Data           4  cpuport.o(.data)
    xd_interrupt_to_task                     0x20000034   Data           4  cpuport.o(.data)
    xd_task_switch_interrupt_flag            0x20000038   Data           4  cpuport.o(.data)
    huart1                                   0x2000003c   Data          64  main.o(.bss)
    xd_led0_task                             0x2000007c   Data          44  main.o(.bss)
    xd_led1_task                             0x200000a8   Data          44  main.o(.bss)
    xd_led0_task_stack                       0x200000d4   Data         512  main.o(.bss)
    xd_led1_task_stack                       0x200002d4   Data         512  main.o(.bss)
    DataBuff                                 0x200004d4   Data         128  main.o(.bss)
    xd_task_priority_table                   0x20000554   Data         256  scheduler.o(.bss)
    idle                                     0x20000854   Data          44  task.o(.bss)
    signal_table                             0x20000900   Data         512  sig.o(.bss)
    shell                                    0x20000d00   Data          44  shell.o(.bss)
    shell_sig                                0x20000d2c   Data          12  shell.o(.bss)
    __initial_sp                             0x20001138   Data           0  startup_stm32f103xb.o(STACK)



==============================================================================

Memory Map of the image

  Image Entry point : 0x080000ed

  Load Region LR_IROM1 (Base: 0x08000000, Size: 0x000028d8, Max: 0x00020000, ABSOLUTE)

    Execution Region ER_IROM1 (Exec base: 0x08000000, Load base: 0x08000000, Size: 0x0000289c, Max: 0x00020000, ABSOLUTE)

    Exec Addr    Load Addr    Size         Type   Attr      Idx    E Section Name        Object

    0x08000000   0x08000000   0x000000ec   Data   RO            3    RESET               startup_stm32f103xb.o
    0x080000ec   0x080000ec   0x00000000   Code   RO         2134  * .ARM.Collect$$$$00000000  mc_w.l(entry.o)
    0x080000ec   0x080000ec   0x00000004   Code   RO         2171    .ARM.Collect$$$$00000001  mc_w.l(entry2.o)
    0x080000f0   0x080000f0   0x00000004   Code   RO         2174    .ARM.Collect$$$$00000004  mc_w.l(entry5.o)
    0x080000f4   0x080000f4   0x00000000   Code   RO         2176    .ARM.Collect$$$$00000008  mc_w.l(entry7b.o)
    0x080000f4   0x080000f4   0x00000000   Code   RO         2178    .ARM.Collect$$$$0000000A  mc_w.l(entry8b.o)
    0x080000f4   0x080000f4   0x00000008   Code   RO         2179    .ARM.Collect$$$$0000000B  mc_w.l(entry9a.o)
    0x080000fc   0x080000fc   0x00000000   Code   RO         2181    .ARM.Collect$$$$0000000D  mc_w.l(entry10a.o)
    0x080000fc   0x080000fc   0x00000000   Code   RO         2183    .ARM.Collect$$$$0000000F  mc_w.l(entry11a.o)
    0x080000fc   0x080000fc   0x00000004   Code   RO         2172    .ARM.Collect$$$$00002712  mc_w.l(entry2.o)
    0x08000100   0x08000100   0x00000024   Code   RO            4    .text               startup_stm32f103xb.o
    0x08000124   0x08000124   0x000000c0   Code   RO         2035    .text               context_rvds.o
    0x080001e4   0x080001e4   0x00000020   Code   RO         2137    .text               mc_w.l(llushr.o)
    0x08000204   0x08000204   0x00000024   Code   RO         2139    .text               mc_w.l(memseta.o)
    0x08000228   0x08000228   0x0000001c   Code   RO         2141    .text               mc_w.l(strcmp.o)
    0x08000244   0x08000244   0x0000002c   Code   RO         2186    .text               mc_w.l(uidiv.o)
    0x08000270   0x08000270   0x00000062   Code   RO         2188    .text               mc_w.l(uldiv.o)
    0x080002d2   0x080002d2   0x00000000   Code   RO         2190    .text               mc_w.l(iusefp.o)
    0x080002d2   0x080002d2   0x0000014e   Code   RO         2191    .text               mf_w.l(dadd.o)
    0x08000420   0x08000420   0x000000e4   Code   RO         2193    .text               mf_w.l(dmul.o)
    0x08000504   0x08000504   0x000000de   Code   RO         2195    .text               mf_w.l(ddiv.o)
    0x080005e2   0x080005e2   0x00000030   Code   RO         2197    .text               mf_w.l(dfixul.o)
    0x08000612   0x08000612   0x00000002   PAD
    0x08000614   0x08000614   0x00000030   Code   RO         2199    .text               mf_w.l(cdrcmple.o)
    0x08000644   0x08000644   0x00000024   Code   RO         2201    .text               mc_w.l(init.o)
    0x08000668   0x08000668   0x0000001e   Code   RO         2203    .text               mc_w.l(llshl.o)
    0x08000686   0x08000686   0x00000024   Code   RO         2205    .text               mc_w.l(llsshr.o)
    0x080006aa   0x080006aa   0x000000ba   Code   RO         2207    .text               mf_w.l(depilogue.o)
    0x08000764   0x08000764   0x00000002   Code   RO          209    i.BusFault_Handler  stm32f1xx_it.o
    0x08000766   0x08000766   0x00000002   Code   RO          210    i.DebugMon_Handler  stm32f1xx_it.o
    0x08000768   0x08000768   0x00000098   Code   RO         1104    i.HAL_DMA_Abort_IT  stm32f1xx_hal_dma.o
    0x08000800   0x08000800   0x000001e0   Code   RO         1039    i.HAL_GPIO_Init     stm32f1xx_hal_gpio.o
    0x080009e0   0x080009e0   0x0000000a   Code   RO         1043    i.HAL_GPIO_WritePin  stm32f1xx_hal_gpio.o
    0x080009ea   0x080009ea   0x00000002   PAD
    0x080009ec   0x080009ec   0x0000000c   Code   RO          735    i.HAL_GetTick       stm32f1xx_hal.o
    0x080009f8   0x080009f8   0x00000010   Code   RO          741    i.HAL_IncTick       stm32f1xx_hal.o
    0x08000a08   0x08000a08   0x00000024   Code   RO          742    i.HAL_Init          stm32f1xx_hal.o
    0x08000a2c   0x08000a2c   0x00000040   Code   RO          743    i.HAL_InitTick      stm32f1xx_hal.o
    0x08000a6c   0x08000a6c   0x0000003c   Code   RO          295    i.HAL_MspInit       stm32f1xx_hal_msp.o
    0x08000aa8   0x08000aa8   0x0000001a   Code   RO         1199    i.HAL_NVIC_EnableIRQ  stm32f1xx_hal_cortex.o
    0x08000ac2   0x08000ac2   0x00000002   PAD
    0x08000ac4   0x08000ac4   0x00000040   Code   RO         1205    i.HAL_NVIC_SetPriority  stm32f1xx_hal_cortex.o
    0x08000b04   0x08000b04   0x00000024   Code   RO         1206    i.HAL_NVIC_SetPriorityGrouping  stm32f1xx_hal_cortex.o
    0x08000b28   0x08000b28   0x0000012c   Code   RO          899    i.HAL_RCC_ClockConfig  stm32f1xx_hal_rcc.o
    0x08000c54   0x08000c54   0x00000020   Code   RO          906    i.HAL_RCC_GetPCLK1Freq  stm32f1xx_hal_rcc.o
    0x08000c74   0x08000c74   0x00000020   Code   RO          907    i.HAL_RCC_GetPCLK2Freq  stm32f1xx_hal_rcc.o
    0x08000c94   0x08000c94   0x0000006c   Code   RO          908    i.HAL_RCC_GetSysClockFreq  stm32f1xx_hal_rcc.o
    0x08000d00   0x08000d00   0x00000048   Code   RO          909    i.HAL_RCC_MCOConfig  stm32f1xx_hal_rcc.o
    0x08000d48   0x08000d48   0x00000320   Code   RO          911    i.HAL_RCC_OscConfig  stm32f1xx_hal_rcc.o
    0x08001068   0x08001068   0x00000028   Code   RO         1210    i.HAL_SYSTICK_Config  stm32f1xx_hal_cortex.o
    0x08001090   0x08001090   0x00000002   Code   RO          424    i.HAL_UART_ErrorCallback  stm32f1xx_hal_uart.o
    0x08001092   0x08001092   0x00000002   PAD
    0x08001094   0x08001094   0x0000015c   Code   RO          427    i.HAL_UART_IRQHandler  stm32f1xx_hal_uart.o
    0x080011f0   0x080011f0   0x00000062   Code   RO          428    i.HAL_UART_Init     stm32f1xx_hal_uart.o
    0x08001252   0x08001252   0x00000002   PAD
    0x08001254   0x08001254   0x00000080   Code   RO          297    i.HAL_UART_MspInit  stm32f1xx_hal_msp.o
    0x080012d4   0x080012d4   0x00000052   Code   RO          433    i.HAL_UART_Receive_IT  stm32f1xx_hal_uart.o
    0x08001326   0x08001326   0x00000002   PAD
    0x08001328   0x08001328   0x00000050   Code   RO           14    i.HAL_UART_RxCpltCallback  main.o
    0x08001378   0x08001378   0x000000b2   Code   RO          436    i.HAL_UART_Transmit  stm32f1xx_hal_uart.o
    0x0800142a   0x0800142a   0x00000002   Code   RO          439    i.HAL_UART_TxCpltCallback  stm32f1xx_hal_uart.o
    0x0800142c   0x0800142c   0x00000002   Code   RO          211    i.HardFault_Handler  stm32f1xx_it.o
    0x0800142e   0x0800142e   0x00000002   PAD
    0x08001430   0x08001430   0x00000084   Code   RO           15    i.MX_GPIO_Init      main.o
    0x080014b4   0x080014b4   0x00000002   Code   RO          212    i.MemManage_Handler  stm32f1xx_it.o
    0x080014b6   0x080014b6   0x00000002   Code   RO          213    i.NMI_Handler       stm32f1xx_it.o
    0x080014b8   0x080014b8   0x00000002   Code   RO          215    i.SVC_Handler       stm32f1xx_it.o
    0x080014ba   0x080014ba   0x00000020   Code   RO          216    i.SysTick_Handler   stm32f1xx_it.o
    0x080014da   0x080014da   0x0000005a   Code   RO           16    i.SystemClock_Config  main.o
    0x08001534   0x08001534   0x00000002   Code   RO         1700    i.SystemInit        system_stm32f1xx.o
    0x08001536   0x08001536   0x00000010   Code   RO          441    i.UART_DMAAbortOnError  stm32f1xx_hal_uart.o
    0x08001546   0x08001546   0x0000001c   Code   RO          451    i.UART_EndRxTransfer  stm32f1xx_hal_uart.o
    0x08001562   0x08001562   0x0000008c   Code   RO          453    i.UART_Receive_IT   stm32f1xx_hal_uart.o
    0x080015ee   0x080015ee   0x00000002   PAD
    0x080015f0   0x080015f0   0x000000b8   Code   RO          454    i.UART_SetConfig    stm32f1xx_hal_uart.o
    0x080016a8   0x080016a8   0x00000064   Code   RO          455    i.UART_WaitOnFlagUntilTimeout  stm32f1xx_hal_uart.o
    0x0800170c   0x0800170c   0x0000000c   Code   RO          217    i.USART1_IRQHandler  stm32f1xx_it.o
    0x08001718   0x08001718   0x00000002   Code   RO          218    i.UsageFault_Handler  stm32f1xx_it.o
    0x0800171a   0x0800171a   0x00000002   PAD
    0x0800171c   0x0800171c   0x0000002c   Code   RO         2149    i.__0vsnprintf      mc_w.l(printfa.o)
    0x08001748   0x08001748   0x00000020   Code   RO         1212    i.__NVIC_SetPriority  stm32f1xx_hal_cortex.o
    0x08001768   0x08001768   0x0000000e   Code   RO         2211    i.__scatterload_copy  mc_w.l(handlers.o)
    0x08001776   0x08001776   0x00000002   Code   RO         2212    i.__scatterload_null  mc_w.l(handlers.o)
    0x08001778   0x08001778   0x0000000e   Code   RO         2213    i.__scatterload_zeroinit  mc_w.l(handlers.o)
    0x08001786   0x08001786   0x00000002   PAD
    0x08001788   0x08001788   0x00000184   Code   RO         2151    i._fp_digits        mc_w.l(printfa.o)
    0x0800190c   0x0800190c   0x000006dc   Code   RO         2152    i._printf_core      mc_w.l(printfa.o)
    0x08001fe8   0x08001fe8   0x00000024   Code   RO         2153    i._printf_post_padding  mc_w.l(printfa.o)
    0x0800200c   0x0800200c   0x0000002e   Code   RO         2154    i._printf_pre_padding  mc_w.l(printfa.o)
    0x0800203a   0x0800203a   0x00000016   Code   RO         2155    i._snputc           mc_w.l(printfa.o)
    0x08002050   0x08002050   0x0000005c   Code   RO         2071    i.help_func         shell.o
    0x080020ac   0x080020ac   0x0000000c   Code   RO         1839    i.kernel_running    scheduler.o
    0x080020b8   0x080020b8   0x00000030   Code   RO           19    i.led0_task_entry   main.o
    0x080020e8   0x080020e8   0x00000028   Code   RO           20    i.led1_task_entry   main.o
    0x08002110   0x08002110   0x00000002   Code   RO         2072    i.ls_func           shell.o
    0x08002112   0x08002112   0x00000002   PAD
    0x08002114   0x08002114   0x000000d4   Code   RO           21    i.main              main.o
    0x080021e8   0x080021e8   0x00000002   Code   RO         2073    i.ps_func           shell.o
    0x080021ea   0x080021ea   0x00000002   PAD
    0x080021ec   0x080021ec   0x0000003c   Code   RO         2074    i.shell_command     shell.o
    0x08002228   0x08002228   0x0000003c   Code   RO         2005    i.signal_handler    sig.o
    0x08002264   0x08002264   0x00000018   Code   RO         2006    i.signal_init       sig.o
    0x0800227c   0x0800227c   0x00000044   Code   RO         1966    i.xd_console_output  service.o
    0x080022c0   0x080022c0   0x00000018   Code   RO         1840    i.xd_find_task      scheduler.o
    0x080022d8   0x080022d8   0x0000001c   Code   RO         1764    i.xd_interrupt_enter  irq.o
    0x080022f4   0x080022f4   0x0000001c   Code   RO         1765    i.xd_interrupt_leave  irq.o
    0x08002310   0x08002310   0x00000006   Code   RO         1797    i.xd_list_init      list.o
    0x08002316   0x08002316   0x0000000c   Code   RO         1799    i.xd_list_insert_before  list.o
    0x08002322   0x08002322   0x00000012   Code   RO         1800    i.xd_list_remove    list.o
    0x08002334   0x08002334   0x00000020   Code   RO         1967    i.xd_printf         service.o
    0x08002354   0x08002354   0x00000044   Code   RO         1841    i.xd_scheduler      scheduler.o
    0x08002398   0x08002398   0x0000003c   Code   RO         1842    i.xd_scheduler_insert_task  scheduler.o
    0x080023d4   0x080023d4   0x0000015c   Code   RO         2075    i.xd_show_logo      shell.o
    0x08002530   0x08002530   0x00000038   Code   RO         2042    i.xd_stack_init     cpuport.o
    0x08002568   0x08002568   0x0000002c   Code   RO         1844    i.xd_system_scheduler_init  scheduler.o
    0x08002594   0x08002594   0x00000060   Code   RO         1845    i.xd_system_scheduler_start  scheduler.o
    0x080025f4   0x080025f4   0x00000030   Code   RO         1903    i.xd_task_delay     task.o
    0x08002624   0x08002624   0x00000010   Code   RO         1904    i.xd_task_idle_entry  task.o
    0x08002634   0x08002634   0x00000034   Code   RO         1905    i.xd_task_idle_init  task.o
    0x08002668   0x08002668   0x0000004a   Code   RO         1906    i.xd_task_init      task.o
    0x080026b2   0x080026b2   0x00000024   Code   RO         1907    i.xd_task_resume    task.o
    0x080026d6   0x080026d6   0x00000002   PAD
    0x080026d8   0x080026d8   0x00000028   Code   RO         2076    i.xd_task_shell_entry  shell.o
    0x08002700   0x08002700   0x00000050   Code   RO         2077    i.xd_task_shell_init  shell.o
    0x08002750   0x08002750   0x00000018   Code   RO         1908    i.xd_task_startup   task.o
    0x08002768   0x08002768   0x00000038   Code   RO         1909    i.xd_task_suspend   task.o
    0x080027a0   0x080027a0   0x00000058   Code   RO         1737    i.xd_tick_increase  clock.o
    0x080027f8   0x080027f8   0x00000010   Data   RO         1701    .constdata          system_stm32f1xx.o
    0x08002808   0x08002808   0x00000008   Data   RO         1702    .constdata          system_stm32f1xx.o
    0x08002810   0x08002810   0x00000024   Data   RO         2079    .constdata          shell.o
    0x08002834   0x08002834   0x00000047   Data   RO         2080    .conststring        shell.o
    0x0800287b   0x0800287b   0x00000001   PAD
    0x0800287c   0x0800287c   0x00000020   Data   RO         2209    Region$$Table       anon$$obj.o


    Execution Region RW_IRAM1 (Exec base: 0x20000000, Load base: 0x0800289c, Size: 0x00001138, Max: 0x00005000, ABSOLUTE)

    Exec Addr    Load Addr    Size         Type   Attr      Idx    E Section Name        Object

    0x20000000   0x0800289c   0x00000008   Data   RW           25    .data               main.o
    0x20000008   0x080028a4   0x0000000c   Data   RW          749    .data               stm32f1xx_hal.o
    0x20000014   0x080028b0   0x00000004   Data   RW         1703    .data               system_stm32f1xx.o
    0x20000018   0x080028b4   0x00000004   Data   RW         1738    .data               clock.o
    0x2000001c   0x080028b8   0x00000001   Data   RW         1766    .data               irq.o
    0x2000001d   0x080028b9   0x00000003   PAD
    0x20000020   0x080028bc   0x0000000c   Data   RW         1847    .data               scheduler.o
    0x2000002c   0x080028c8   0x00000004   Data   RW         1911    .data               task.o
    0x20000030   0x080028cc   0x00000004   Data   RW         2043    .data               cpuport.o
    0x20000034   0x080028d0   0x00000004   Data   RW         2044    .data               cpuport.o
    0x20000038   0x080028d4   0x00000004   Data   RW         2045    .data               cpuport.o
    0x2000003c        -       0x00000518   Zero   RW           22    .bss                main.o
    0x20000554        -       0x00000100   Zero   RW         1846    .bss                scheduler.o
    0x20000654        -       0x0000022c   Zero   RW         1910    .bss                task.o
    0x20000880        -       0x00000080   Zero   RW         1968    .bss                service.o
    0x20000900        -       0x00000200   Zero   RW         2007    .bss                sig.o
    0x20000b00        -       0x00000238   Zero   RW         2078    .bss                shell.o
    0x20000d38        -       0x00000400   Zero   RW            1    STACK               startup_stm32f103xb.o


==============================================================================

Image component sizes


      Code (inc. data)   RO Data    RW Data    ZI Data      Debug   Object Name

        88         14          0          4          0       1409   clock.o
       192         28          0          0          0        708   context_rvds.o
        56          6          0         12          0       1588   cpuport.o
        56         12          0          1          0       1666   irq.o
        36          0          0          0          0       1880   list.o
       602         78          0          8       1304     425346   main.o
       304         78          0         12        256       4460   scheduler.o
       100         10          0          0        128       1828   service.o
       624        376        107          0        568       4684   shell.o
        84         10          0          0        512       1858   sig.o
        36          8        236          0       1024        832   startup_stm32f103xb.o
       128         24          0         12          0       5493   stm32f1xx_hal.o
       198         14          0          0          0      29111   stm32f1xx_hal_cortex.o
       152          4          0          0          0       1159   stm32f1xx_hal_dma.o
       490         34          0          0          0       2976   stm32f1xx_hal_gpio.o
       188         20          0          0          0       1653   stm32f1xx_hal_msp.o
      1344        108          0          0          0       6100   stm32f1xx_hal_rcc.o
      1178         10          0          0          0       9295   stm32f1xx_hal_uart.o
        58          6          0          0          0       4205   stm32f1xx_it.o
         2          0         24          4          0       1203   system_stm32f1xx.o
       306         32          0          4        556       5050   task.o

    ----------------------------------------------------------------------
      6244        872        400         60       4348     512504   Object Totals
         0          0         32          0          0          0   (incl. Generated)
        22          0          1          3          0          0   (incl. Padding)

    ----------------------------------------------------------------------

      Code (inc. data)   RO Data    RW Data    ZI Data      Debug   Library Member Name

         0          0          0          0          0          0   entry.o
         0          0          0          0          0          0   entry10a.o
         0          0          0          0          0          0   entry11a.o
         8          4          0          0          0          0   entry2.o
         4          0          0          0          0          0   entry5.o
         0          0          0          0          0          0   entry7b.o
         0          0          0          0          0          0   entry8b.o
         8          4          0          0          0          0   entry9a.o
        30          0          0          0          0          0   handlers.o
        36          8          0          0          0         68   init.o
         0          0          0          0          0          0   iusefp.o
        30          0          0          0          0         68   llshl.o
        36          0          0          0          0         68   llsshr.o
        32          0          0          0          0         68   llushr.o
        36          0          0          0          0        108   memseta.o
      2292         84          0          0          0        516   printfa.o
        28          0          0          0          0         76   strcmp.o
        44          0          0          0          0         80   uidiv.o
        98          0          0          0          0         92   uldiv.o
        48          0          0          0          0         68   cdrcmple.o
       334          0          0          0          0        148   dadd.o
       222          0          0          0          0        100   ddiv.o
       186          0          0          0          0        176   depilogue.o
        48          0          0          0          0         68   dfixul.o
       228          0          0          0          0         96   dmul.o

    ----------------------------------------------------------------------
      3752        100          0          0          0       1800   Library Totals
         4          0          0          0          0          0   (incl. Padding)

    ----------------------------------------------------------------------

      Code (inc. data)   RO Data    RW Data    ZI Data      Debug   Library Name

      2682        100          0          0          0       1144   mc_w.l
      1066          0          0          0          0        656   mf_w.l

    ----------------------------------------------------------------------
      3752        100          0          0          0       1800   Library Totals

    ----------------------------------------------------------------------

==============================================================================


      Code (inc. data)   RO Data    RW Data    ZI Data      Debug   

      9996        972        400         60       4348     509672   Grand Totals
      9996        972        400         60       4348     509672   ELF Image Totals
      9996        972        400         60          0          0   ROM Totals

==============================================================================

    Total RO  Size (Code + RO Data)                10396 (  10.15kB)
    Total RW  Size (RW Data + ZI Data)              4408 (   4.30kB)
    Total ROM Size (Code + RO Data + RW Data)      10456 (  10.21kB)

==============================================================================

